00:08:21 **** Incremental Build of configuration Debug for project Ejercicio_3_CM7 ****
make -j8 all 
arm-none-eabi-gcc -u_printf_float "../Core/Src/main.c" -mcpu=cortex-m7 -std=gnu11 -g3 -DDEBUG -DCORE_CM7 -DUSE_HAL_DRIVER -DSTM32H745xx -c -I../Core/Inc -I../../Drivers/STM32H7xx_HAL_Driver/Inc -I../../Drivers/STM32H7xx_HAL_Driver/Inc/Legacy -I../../Drivers/CMSIS/Device/ST/STM32H7xx/Include -I../../Drivers/CMSIS/Include -O0 -ffunction-sections -fdata-sections -Wall -fstack-usage -MMD -MP -MF"Core/Src/main.d" -MT"Core/Src/main.o" --specs=nano.specs -mfpu=fpv5-d16 -mfloat-abi=hard -mthumb -o "Core/Src/main.o"
../Core/Src/main.c: In function 'main':
../Core/Src/main.c:173:30: warning: passing argument 2 of 'HAL_UART_Transmit' from incompatible pointer type [-Wincompatible-pointer-types]
  173 |   HAL_UART_Transmit(&huart3, &uart_buf, uart_buf_len, 100);
      |                              ^~~~~~~~~
      |                              |
      |                              char (*)[50]
In file included from ../Core/Inc/stm32h7xx_hal_conf.h:458,
                 from ../../Drivers/STM32H7xx_HAL_Driver/Inc/stm32h7xx_hal.h:29,
                 from ../Core/Inc/main.h:30,
                 from ../Core/Src/main.c:20:
../../Drivers/STM32H7xx_HAL_Driver/Inc/stm32h7xx_hal_uart.h:1614:79: note: expected 'const uint8_t *' {aka 'const unsigned char *'} but argument is of type 'char (*)[50]'
 1614 | HAL_StatusTypeDef HAL_UART_Transmit(UART_HandleTypeDef *huart, const uint8_t *pData, uint16_t Size, uint32_t Timeout);
      |                                                                ~~~~~~~~~~~~~~~^~~~~
../Core/Src/main.c:188:31: warning: passing argument 2 of 'HAL_UART_Transmit' from incompatible pointer type [-Wincompatible-pointer-types]
  188 |    HAL_UART_Transmit(&huart3, &uart_buf, uart_buf_len, 100);
      |                               ^~~~~~~~~
      |                               |
      |                               char (*)[50]
In file included from ../Core/Inc/stm32h7xx_hal_conf.h:458,
                 from ../../Drivers/STM32H7xx_HAL_Driver/Inc/stm32h7xx_hal.h:29,
                 from ../Core/Inc/main.h:30,
                 from ../Core/Src/main.c:20:
../../Drivers/STM32H7xx_HAL_Driver/Inc/stm32h7xx_hal_uart.h:1614:79: note: expected 'const uint8_t *' {aka 'const unsigned char *'} but argument is of type 'char (*)[50]'
 1614 | HAL_StatusTypeDef HAL_UART_Transmit(UART_HandleTypeDef *huart, const uint8_t *pData, uint16_t Size, uint32_t Timeout);
      |                                                                ~~~~~~~~~~~~~~~^~~~~
../Core/Src/main.c:190:31: warning: passing argument 2 of 'HAL_UART_Transmit' from incompatible pointer type [-Wincompatible-pointer-types]
  190 |    HAL_UART_Transmit(&huart3, &uart_buf, uart_buf_len, 100);
      |                               ^~~~~~~~~
      |                               |
      |                               char (*)[50]
In file included from ../Core/Inc/stm32h7xx_hal_conf.h:458,
                 from ../../Drivers/STM32H7xx_HAL_Driver/Inc/stm32h7xx_hal.h:29,
                 from ../Core/Inc/main.h:30,
                 from ../Core/Src/main.c:20:
../../Drivers/STM32H7xx_HAL_Driver/Inc/stm32h7xx_hal_uart.h:1614:79: note: expected 'const uint8_t *' {aka 'const unsigned char *'} but argument is of type 'char (*)[50]'
 1614 | HAL_StatusTypeDef HAL_UART_Transmit(UART_HandleTypeDef *huart, const uint8_t *pData, uint16_t Size, uint32_t Timeout);
      |                                                                ~~~~~~~~~~~~~~~^~~~~
../Core/Src/main.c:192:31: warning: passing argument 2 of 'HAL_UART_Transmit' from incompatible pointer type [-Wincompatible-pointer-types]
  192 |    HAL_UART_Transmit(&huart3, &uart_buf, uart_buf_len, 100);
      |                               ^~~~~~~~~
      |                               |
      |                               char (*)[50]
In file included from ../Core/Inc/stm32h7xx_hal_conf.h:458,
                 from ../../Drivers/STM32H7xx_HAL_Driver/Inc/stm32h7xx_hal.h:29,
                 from ../Core/Inc/main.h:30,
                 from ../Core/Src/main.c:20:
../../Drivers/STM32H7xx_HAL_Driver/Inc/stm32h7xx_hal_uart.h:1614:79: note: expected 'const uint8_t *' {aka 'const unsigned char *'} but argument is of type 'char (*)[50]'
 1614 | HAL_StatusTypeDef HAL_UART_Transmit(UART_HandleTypeDef *huart, const uint8_t *pData, uint16_t Size, uint32_t Timeout);
      |                                                                ~~~~~~~~~~~~~~~^~~~~
../Core/Src/main.c:196:31: warning: passing argument 2 of 'HAL_UART_Transmit' from incompatible pointer type [-Wincompatible-pointer-types]
  196 |    HAL_UART_Transmit(&huart3, &uart_buf, uart_buf_len, 100);
      |                               ^~~~~~~~~
      |                               |
      |                               char (*)[50]
In file included from ../Core/Inc/stm32h7xx_hal_conf.h:458,
                 from ../../Drivers/STM32H7xx_HAL_Driver/Inc/stm32h7xx_hal.h:29,
                 from ../Core/Inc/main.h:30,
                 from ../Core/Src/main.c:20:
../../Drivers/STM32H7xx_HAL_Driver/Inc/stm32h7xx_hal_uart.h:1614:79: note: expected 'const uint8_t *' {aka 'const unsigned char *'} but argument is of type 'char (*)[50]'
 1614 | HAL_StatusTypeDef HAL_UART_Transmit(UART_HandleTypeDef *huart, const uint8_t *pData, uint16_t Size, uint32_t Timeout);
      |                                                                ~~~~~~~~~~~~~~~^~~~~
../Core/Src/main.c:198:31: warning: passing argument 2 of 'HAL_UART_Transmit' from incompatible pointer type [-Wincompatible-pointer-types]
  198 |    HAL_UART_Transmit(&huart3, &uart_buf, uart_buf_len, 100);
      |                               ^~~~~~~~~
      |                               |
      |                               char (*)[50]
In file included from ../Core/Inc/stm32h7xx_hal_conf.h:458,
                 from ../../Drivers/STM32H7xx_HAL_Driver/Inc/stm32h7xx_hal.h:29,
                 from ../Core/Inc/main.h:30,
                 from ../Core/Src/main.c:20:
../../Drivers/STM32H7xx_HAL_Driver/Inc/stm32h7xx_hal_uart.h:1614:79: note: expected 'const uint8_t *' {aka 'const unsigned char *'} but argument is of type 'char (*)[50]'
 1614 | HAL_StatusTypeDef HAL_UART_Transmit(UART_HandleTypeDef *huart, const uint8_t *pData, uint16_t Size, uint32_t Timeout);
      |                                                                ~~~~~~~~~~~~~~~^~~~~
../Core/Src/main.c:200:31: warning: passing argument 2 of 'HAL_UART_Transmit' from incompatible pointer type [-Wincompatible-pointer-types]
  200 |    HAL_UART_Transmit(&huart3, &uart_buf, uart_buf_len, 100);
      |                               ^~~~~~~~~
      |                               |
      |                               char (*)[50]
In file included from ../Core/Inc/stm32h7xx_hal_conf.h:458,
                 from ../../Drivers/STM32H7xx_HAL_Driver/Inc/stm32h7xx_hal.h:29,
                 from ../Core/Inc/main.h:30,
                 from ../Core/Src/main.c:20:
../../Drivers/STM32H7xx_HAL_Driver/Inc/stm32h7xx_hal_uart.h:1614:79: note: expected 'const uint8_t *' {aka 'const unsigned char *'} but argument is of type 'char (*)[50]'
 1614 | HAL_StatusTypeDef HAL_UART_Transmit(UART_HandleTypeDef *huart, const uint8_t *pData, uint16_t Size, uint32_t Timeout);
      |                                                                ~~~~~~~~~~~~~~~^~~~~
../Core/Src/main.c: In function 'MPU6050_init':
../Core/Src/main.c:479:29: warning: passing argument 2 of 'HAL_UART_Transmit' from incompatible pointer type [-Wincompatible-pointer-types]
  479 |  HAL_UART_Transmit(&huart3, &uart_buf, uart_buf_len, 100);
      |                             ^~~~~~~~~
      |                             |
      |                             char (*)[50]
In file included from ../Core/Inc/stm32h7xx_hal_conf.h:458,
                 from ../../Drivers/STM32H7xx_HAL_Driver/Inc/stm32h7xx_hal.h:29,
                 from ../Core/Inc/main.h:30,
                 from ../Core/Src/main.c:20:
../../Drivers/STM32H7xx_HAL_Driver/Inc/stm32h7xx_hal_uart.h:1614:79: note: expected 'const uint8_t *' {aka 'const unsigned char *'} but argument is of type 'char (*)[50]'
 1614 | HAL_StatusTypeDef HAL_UART_Transmit(UART_HandleTypeDef *huart, const uint8_t *pData, uint16_t Size, uint32_t Timeout);
      |                                                                ~~~~~~~~~~~~~~~^~~~~
arm-none-eabi-gcc -u_printf_float -o "Ejercicio_3_CM7.elf" @"objects.list"   -mcpu=cortex-m7 -T"C:\Users\Ponchito\Desktop\Lab2\Ejercicio_3\CM7\STM32H745ZITX_FLASH.ld" --specs=nosys.specs -Wl,-Map="Ejercicio_3_CM7.map" -Wl,--gc-sections -static --specs=nano.specs -mfpu=fpv5-d16 -mfloat-abi=hard -mthumb -Wl,--start-group -lc -lm -Wl,--end-group
Finished building target: Ejercicio_3_CM7.elf
 
arm-none-eabi-size   Ejercicio_3_CM7.elf 
arm-none-eabi-objdump -h -S  Ejercicio_3_CM7.elf  > "Ejercicio_3_CM7.list"
   text	   data	    bss	    dec	    hex	filename
  43204	    488	   3272	  46964	   b774	Ejercicio_3_CM7.elf
Finished building: default.size.stdout
 
Finished building: Ejercicio_3_CM7.list
 

00:08:22 Build Finished. 0 errors, 8 warnings. (took 1s.134ms)

