21:53:09 **** Clean-only build of configuration Debug for project Ejercicio_3_CM7 ****
make -j8 clean 
rm -rf ./Drivers/STM32H7xx_HAL_Driver/stm32h7xx_hal.d ./Drivers/STM32H7xx_HAL_Driver/stm32h7xx_hal.o ./Drivers/STM32H7xx_HAL_Driver/stm32h7xx_hal.su ./Drivers/STM32H7xx_HAL_Driver/stm32h7xx_hal_cortex.d ./Drivers/STM32H7xx_HAL_Driver/stm32h7xx_hal_cortex.o ./Drivers/STM32H7xx_HAL_Driver/stm32h7xx_hal_cortex.su ./Drivers/STM32H7xx_HAL_Driver/stm32h7xx_hal_dma.d ./Drivers/STM32H7xx_HAL_Driver/stm32h7xx_hal_dma.o ./Drivers/STM32H7xx_HAL_Driver/stm32h7xx_hal_dma.su ./Drivers/STM32H7xx_HAL_Driver/stm32h7xx_hal_dma_ex.d ./Drivers/STM32H7xx_HAL_Driver/stm32h7xx_hal_dma_ex.o ./Drivers/STM32H7xx_HAL_Driver/stm32h7xx_hal_dma_ex.su ./Drivers/STM32H7xx_HAL_Driver/stm32h7xx_hal_exti.d ./Drivers/STM32H7xx_HAL_Driver/stm32h7xx_hal_exti.o ./Drivers/STM32H7xx_HAL_Driver/stm32h7xx_hal_exti.su ./Drivers/STM32H7xx_HAL_Driver/stm32h7xx_hal_flash.d ./Drivers/STM32H7xx_HAL_Driver/stm32h7xx_hal_flash.o ./Drivers/STM32H7xx_HAL_Driver/stm32h7xx_hal_flash.su ./Drivers/STM32H7xx_HAL_Driver/stm32h7xx_hal_flash_ex.d ./Drivers/STM32H7xx_HAL_Driver/stm32h7xx_hal_flash_ex.o ./Drivers/STM32H7xx_HAL_Driver/stm32h7xx_hal_flash_ex.su ./Drivers/STM32H7xx_HAL_Driver/stm32h7xx_hal_gpio.d ./Drivers/STM32H7xx_HAL_Driver/stm32h7xx_hal_gpio.o ./Drivers/STM32H7xx_HAL_Driver/stm32h7xx_hal_gpio.su ./Drivers/STM32H7xx_HAL_Driver/stm32h7xx_hal_hsem.d ./Drivers/STM32H7xx_HAL_Driver/stm32h7xx_hal_hsem.o ./Drivers/STM32H7xx_HAL_Driver/stm32h7xx_hal_hsem.su ./Drivers/STM32H7xx_HAL_Driver/stm32h7xx_hal_i2c.d ./Drivers/STM32H7xx_HAL_Driver/stm32h7xx_hal_i2c.o ./Drivers/STM32H7xx_HAL_Driver/stm32h7xx_hal_i2c.su ./Drivers/STM32H7xx_HAL_Driver/stm32h7xx_hal_i2c_ex.d ./Drivers/STM32H7xx_HAL_Driver/stm32h7xx_hal_i2c_ex.o ./Drivers/STM32H7xx_HAL_Driver/stm32h7xx_hal_i2c_ex.su ./Drivers/STM32H7xx_HAL_Driver/stm32h7xx_hal_mdma.d ./Drivers/STM32H7xx_HAL_Driver/stm32h7xx_hal_mdma.o ./Drivers/STM32H7xx_HAL_Driver/stm32h7xx_hal_mdma.su ./Drivers/STM32H7xx_HAL_Driver/stm32h7xx_hal_pcd.d ./Drivers/STM32H7xx_HAL_Driver/stm32h7xx_hal_pcd.o ./Drivers/STM32H7xx_HAL_Driver/stm32h7xx_hal_pcd.su ./Drivers/STM32H7xx_HAL_Driver/stm32h7xx_hal_pcd_ex.d ./Drivers/STM32H7xx_HAL_Driver/stm32h7xx_hal_pcd_ex.o ./Drivers/STM32H7xx_HAL_Driver/stm32h7xx_hal_pcd_ex.su ./Drivers/STM32H7xx_HAL_Driver/stm32h7xx_hal_pwr.d ./Drivers/STM32H7xx_HAL_Driver/stm32h7xx_hal_pwr.o ./Drivers/STM32H7xx_HAL_Driver/stm32h7xx_hal_pwr.su ./Drivers/STM32H7xx_HAL_Driver/stm32h7xx_hal_pwr_ex.d ./Drivers/STM32H7xx_HAL_Driver/stm32h7xx_hal_pwr_ex.o ./Drivers/STM32H7xx_HAL_Driver/stm32h7xx_hal_pwr_ex.su ./Drivers/STM32H7xx_HAL_Driver/stm32h7xx_hal_rcc.d ./Drivers/STM32H7xx_HAL_Driver/stm32h7xx_hal_rcc.o ./Drivers/STM32H7xx_HAL_Driver/stm32h7xx_hal_rcc.su ./Drivers/STM32H7xx_HAL_Driver/stm32h7xx_hal_rcc_ex.d ./Drivers/STM32H7xx_HAL_Driver/stm32h7xx_hal_rcc_ex.o ./Drivers/STM32H7xx_HAL_Driver/stm32h7xx_hal_rcc_ex.su ./Drivers/STM32H7xx_HAL_Driver/stm32h7xx_hal_tim.d ./Drivers/STM32H7xx_HAL_Driver/stm32h7xx_hal_tim.o ./Drivers/STM32H7xx_HAL_Driver/stm32h7xx_hal_tim.su ./Drivers/STM32H7xx_HAL_Driver/stm32h7xx_hal_tim_ex.d ./Drivers/STM32H7xx_HAL_Driver/stm32h7xx_hal_tim_ex.o ./Drivers/STM32H7xx_HAL_Driver/stm32h7xx_hal_tim_ex.su ./Drivers/STM32H7xx_HAL_Driver/stm32h7xx_hal_uart.d ./Drivers/STM32H7xx_HAL_Driver/stm32h7xx_hal_uart.o ./Drivers/STM32H7xx_HAL_Driver/stm32h7xx_hal_uart.su ./Drivers/STM32H7xx_HAL_Driver/stm32h7xx_hal_uart_ex.d ./Drivers/STM32H7xx_HAL_Driver/stm32h7xx_hal_uart_ex.o ./Drivers/STM32H7xx_HAL_Driver/stm32h7xx_hal_uart_ex.su ./Drivers/STM32H7xx_HAL_Driver/stm32h7xx_ll_usb.d ./Drivers/STM32H7xx_HAL_Driver/stm32h7xx_ll_usb.o ./Drivers/STM32H7xx_HAL_Driver/stm32h7xx_ll_usb.su
rm -rf ./Core/Startup/startup_stm32h745zitx.d ./Core/Startup/startup_stm32h745zitx.o
rm -rf ./Core/Src/main.d ./Core/Src/main.o ./Core/Src/main.su ./Core/Src/stm32h7xx_hal_msp.d ./Core/Src/stm32h7xx_hal_msp.o ./Core/Src/stm32h7xx_hal_msp.su ./Core/Src/stm32h7xx_it.d ./Core/Src/stm32h7xx_it.o ./Core/Src/stm32h7xx_it.su ./Core/Src/syscalls.d ./Core/Src/syscalls.o ./Core/Src/syscalls.su ./Core/Src/sysmem.d ./Core/Src/sysmem.o ./Core/Src/sysmem.su
rm -rf ./Common/Src/system_stm32h7xx_dualcore_boot_cm4_cm7.d ./Common/Src/system_stm32h7xx_dualcore_boot_cm4_cm7.o ./Common/Src/system_stm32h7xx_dualcore_boot_cm4_cm7.su
rm -rf Ejercicio_3_CM7.elf Ejercicio_3_CM7.list Ejercicio_3_CM7.map default.size.stdout
 
21:53:09 **** Incremental Build of configuration Debug for project Ejercicio_3_CM7 ****
make -j8 all 
arm-none-eabi-gcc "C:/Users/Ponchito/Desktop/Lab2/Ejercicio_3/Drivers/STM32H7xx_HAL_Driver/Src/stm32h7xx_hal.c" -mcpu=cortex-m7 -std=gnu11 -g3 -DDEBUG -DCORE_CM7 -DUSE_HAL_DRIVER -DSTM32H745xx -c -I../Core/Inc -I../../Drivers/STM32H7xx_HAL_Driver/Inc -I../../Drivers/STM32H7xx_HAL_Driver/Inc/Legacy -I../../Drivers/CMSIS/Device/ST/STM32H7xx/Include -I../../Drivers/CMSIS/Include -O0 -ffunction-sections -fdata-sections -Wall -fstack-usage -MMD -MP -MF"Drivers/STM32H7xx_HAL_Driver/stm32h7xx_hal.d" -MT"Drivers/STM32H7xx_HAL_Driver/stm32h7xx_hal.o" --specs=nano.specs -mfpu=fpv5-d16 -mfloat-abi=hard -mthumb -o "Drivers/STM32H7xx_HAL_Driver/stm32h7xx_hal.o"
arm-none-eabi-gcc "C:/Users/Ponchito/Desktop/Lab2/Ejercicio_3/Drivers/STM32H7xx_HAL_Driver/Src/stm32h7xx_hal_cortex.c" -mcpu=cortex-m7 -std=gnu11 -g3 -DDEBUG -DCORE_CM7 -DUSE_HAL_DRIVER -DSTM32H745xx -c -I../Core/Inc -I../../Drivers/STM32H7xx_HAL_Driver/Inc -I../../Drivers/STM32H7xx_HAL_Driver/Inc/Legacy -I../../Drivers/CMSIS/Device/ST/STM32H7xx/Include -I../../Drivers/CMSIS/Include -O0 -ffunction-sections -fdata-sections -Wall -fstack-usage -MMD -MP -MF"Drivers/STM32H7xx_HAL_Driver/stm32h7xx_hal_cortex.d" -MT"Drivers/STM32H7xx_HAL_Driver/stm32h7xx_hal_cortex.o" --specs=nano.specs -mfpu=fpv5-d16 -mfloat-abi=hard -mthumb -o "Drivers/STM32H7xx_HAL_Driver/stm32h7xx_hal_cortex.o"
arm-none-eabi-gcc "C:/Users/Ponchito/Desktop/Lab2/Ejercicio_3/Drivers/STM32H7xx_HAL_Driver/Src/stm32h7xx_hal_dma.c" -mcpu=cortex-m7 -std=gnu11 -g3 -DDEBUG -DCORE_CM7 -DUSE_HAL_DRIVER -DSTM32H745xx -c -I../Core/Inc -I../../Drivers/STM32H7xx_HAL_Driver/Inc -I../../Drivers/STM32H7xx_HAL_Driver/Inc/Legacy -I../../Drivers/CMSIS/Device/ST/STM32H7xx/Include -I../../Drivers/CMSIS/Include -O0 -ffunction-sections -fdata-sections -Wall -fstack-usage -MMD -MP -MF"Drivers/STM32H7xx_HAL_Driver/stm32h7xx_hal_dma.d" -MT"Drivers/STM32H7xx_HAL_Driver/stm32h7xx_hal_dma.o" --specs=nano.specs -mfpu=fpv5-d16 -mfloat-abi=hard -mthumb -o "Drivers/STM32H7xx_HAL_Driver/stm32h7xx_hal_dma.o"
arm-none-eabi-gcc "C:/Users/Ponchito/Desktop/Lab2/Ejercicio_3/Drivers/STM32H7xx_HAL_Driver/Src/stm32h7xx_hal_dma_ex.c" -mcpu=cortex-m7 -std=gnu11 -g3 -DDEBUG -DCORE_CM7 -DUSE_HAL_DRIVER -DSTM32H745xx -c -I../Core/Inc -I../../Drivers/STM32H7xx_HAL_Driver/Inc -I../../Drivers/STM32H7xx_HAL_Driver/Inc/Legacy -I../../Drivers/CMSIS/Device/ST/STM32H7xx/Include -I../../Drivers/CMSIS/Include -O0 -ffunction-sections -fdata-sections -Wall -fstack-usage -MMD -MP -MF"Drivers/STM32H7xx_HAL_Driver/stm32h7xx_hal_dma_ex.d" -MT"Drivers/STM32H7xx_HAL_Driver/stm32h7xx_hal_dma_ex.o" --specs=nano.specs -mfpu=fpv5-d16 -mfloat-abi=hard -mthumb -o "Drivers/STM32H7xx_HAL_Driver/stm32h7xx_hal_dma_ex.o"
arm-none-eabi-gcc "C:/Users/Ponchito/Desktop/Lab2/Ejercicio_3/Drivers/STM32H7xx_HAL_Driver/Src/stm32h7xx_hal_exti.c" -mcpu=cortex-m7 -std=gnu11 -g3 -DDEBUG -DCORE_CM7 -DUSE_HAL_DRIVER -DSTM32H745xx -c -I../Core/Inc -I../../Drivers/STM32H7xx_HAL_Driver/Inc -I../../Drivers/STM32H7xx_HAL_Driver/Inc/Legacy -I../../Drivers/CMSIS/Device/ST/STM32H7xx/Include -I../../Drivers/CMSIS/Include -O0 -ffunction-sections -fdata-sections -Wall -fstack-usage -MMD -MP -MF"Drivers/STM32H7xx_HAL_Driver/stm32h7xx_hal_exti.d" -MT"Drivers/STM32H7xx_HAL_Driver/stm32h7xx_hal_exti.o" --specs=nano.specs -mfpu=fpv5-d16 -mfloat-abi=hard -mthumb -o "Drivers/STM32H7xx_HAL_Driver/stm32h7xx_hal_exti.o"
arm-none-eabi-gcc "C:/Users/Ponchito/Desktop/Lab2/Ejercicio_3/Drivers/STM32H7xx_HAL_Driver/Src/stm32h7xx_hal_flash.c" -mcpu=cortex-m7 -std=gnu11 -g3 -DDEBUG -DCORE_CM7 -DUSE_HAL_DRIVER -DSTM32H745xx -c -I../Core/Inc -I../../Drivers/STM32H7xx_HAL_Driver/Inc -I../../Drivers/STM32H7xx_HAL_Driver/Inc/Legacy -I../../Drivers/CMSIS/Device/ST/STM32H7xx/Include -I../../Drivers/CMSIS/Include -O0 -ffunction-sections -fdata-sections -Wall -fstack-usage -MMD -MP -MF"Drivers/STM32H7xx_HAL_Driver/stm32h7xx_hal_flash.d" -MT"Drivers/STM32H7xx_HAL_Driver/stm32h7xx_hal_flash.o" --specs=nano.specs -mfpu=fpv5-d16 -mfloat-abi=hard -mthumb -o "Drivers/STM32H7xx_HAL_Driver/stm32h7xx_hal_flash.o"
arm-none-eabi-gcc "C:/Users/Ponchito/Desktop/Lab2/Ejercicio_3/Drivers/STM32H7xx_HAL_Driver/Src/stm32h7xx_hal_flash_ex.c" -mcpu=cortex-m7 -std=gnu11 -g3 -DDEBUG -DCORE_CM7 -DUSE_HAL_DRIVER -DSTM32H745xx -c -I../Core/Inc -I../../Drivers/STM32H7xx_HAL_Driver/Inc -I../../Drivers/STM32H7xx_HAL_Driver/Inc/Legacy -I../../Drivers/CMSIS/Device/ST/STM32H7xx/Include -I../../Drivers/CMSIS/Include -O0 -ffunction-sections -fdata-sections -Wall -fstack-usage -MMD -MP -MF"Drivers/STM32H7xx_HAL_Driver/stm32h7xx_hal_flash_ex.d" -MT"Drivers/STM32H7xx_HAL_Driver/stm32h7xx_hal_flash_ex.o" --specs=nano.specs -mfpu=fpv5-d16 -mfloat-abi=hard -mthumb -o "Drivers/STM32H7xx_HAL_Driver/stm32h7xx_hal_flash_ex.o"
arm-none-eabi-gcc "C:/Users/Ponchito/Desktop/Lab2/Ejercicio_3/Drivers/STM32H7xx_HAL_Driver/Src/stm32h7xx_hal_gpio.c" -mcpu=cortex-m7 -std=gnu11 -g3 -DDEBUG -DCORE_CM7 -DUSE_HAL_DRIVER -DSTM32H745xx -c -I../Core/Inc -I../../Drivers/STM32H7xx_HAL_Driver/Inc -I../../Drivers/STM32H7xx_HAL_Driver/Inc/Legacy -I../../Drivers/CMSIS/Device/ST/STM32H7xx/Include -I../../Drivers/CMSIS/Include -O0 -ffunction-sections -fdata-sections -Wall -fstack-usage -MMD -MP -MF"Drivers/STM32H7xx_HAL_Driver/stm32h7xx_hal_gpio.d" -MT"Drivers/STM32H7xx_HAL_Driver/stm32h7xx_hal_gpio.o" --specs=nano.specs -mfpu=fpv5-d16 -mfloat-abi=hard -mthumb -o "Drivers/STM32H7xx_HAL_Driver/stm32h7xx_hal_gpio.o"
arm-none-eabi-gcc "C:/Users/Ponchito/Desktop/Lab2/Ejercicio_3/Drivers/STM32H7xx_HAL_Driver/Src/stm32h7xx_hal_hsem.c" -mcpu=cortex-m7 -std=gnu11 -g3 -DDEBUG -DCORE_CM7 -DUSE_HAL_DRIVER -DSTM32H745xx -c -I../Core/Inc -I../../Drivers/STM32H7xx_HAL_Driver/Inc -I../../Drivers/STM32H7xx_HAL_Driver/Inc/Legacy -I../../Drivers/CMSIS/Device/ST/STM32H7xx/Include -I../../Drivers/CMSIS/Include -O0 -ffunction-sections -fdata-sections -Wall -fstack-usage -MMD -MP -MF"Drivers/STM32H7xx_HAL_Driver/stm32h7xx_hal_hsem.d" -MT"Drivers/STM32H7xx_HAL_Driver/stm32h7xx_hal_hsem.o" --specs=nano.specs -mfpu=fpv5-d16 -mfloat-abi=hard -mthumb -o "Drivers/STM32H7xx_HAL_Driver/stm32h7xx_hal_hsem.o"
arm-none-eabi-gcc "C:/Users/Ponchito/Desktop/Lab2/Ejercicio_3/Drivers/STM32H7xx_HAL_Driver/Src/stm32h7xx_hal_i2c.c" -mcpu=cortex-m7 -std=gnu11 -g3 -DDEBUG -DCORE_CM7 -DUSE_HAL_DRIVER -DSTM32H745xx -c -I../Core/Inc -I../../Drivers/STM32H7xx_HAL_Driver/Inc -I../../Drivers/STM32H7xx_HAL_Driver/Inc/Legacy -I../../Drivers/CMSIS/Device/ST/STM32H7xx/Include -I../../Drivers/CMSIS/Include -O0 -ffunction-sections -fdata-sections -Wall -fstack-usage -MMD -MP -MF"Drivers/STM32H7xx_HAL_Driver/stm32h7xx_hal_i2c.d" -MT"Drivers/STM32H7xx_HAL_Driver/stm32h7xx_hal_i2c.o" --specs=nano.specs -mfpu=fpv5-d16 -mfloat-abi=hard -mthumb -o "Drivers/STM32H7xx_HAL_Driver/stm32h7xx_hal_i2c.o"
arm-none-eabi-gcc "C:/Users/Ponchito/Desktop/Lab2/Ejercicio_3/Drivers/STM32H7xx_HAL_Driver/Src/stm32h7xx_hal_i2c_ex.c" -mcpu=cortex-m7 -std=gnu11 -g3 -DDEBUG -DCORE_CM7 -DUSE_HAL_DRIVER -DSTM32H745xx -c -I../Core/Inc -I../../Drivers/STM32H7xx_HAL_Driver/Inc -I../../Drivers/STM32H7xx_HAL_Driver/Inc/Legacy -I../../Drivers/CMSIS/Device/ST/STM32H7xx/Include -I../../Drivers/CMSIS/Include -O0 -ffunction-sections -fdata-sections -Wall -fstack-usage -MMD -MP -MF"Drivers/STM32H7xx_HAL_Driver/stm32h7xx_hal_i2c_ex.d" -MT"Drivers/STM32H7xx_HAL_Driver/stm32h7xx_hal_i2c_ex.o" --specs=nano.specs -mfpu=fpv5-d16 -mfloat-abi=hard -mthumb -o "Drivers/STM32H7xx_HAL_Driver/stm32h7xx_hal_i2c_ex.o"
arm-none-eabi-gcc "C:/Users/Ponchito/Desktop/Lab2/Ejercicio_3/Drivers/STM32H7xx_HAL_Driver/Src/stm32h7xx_hal_mdma.c" -mcpu=cortex-m7 -std=gnu11 -g3 -DDEBUG -DCORE_CM7 -DUSE_HAL_DRIVER -DSTM32H745xx -c -I../Core/Inc -I../../Drivers/STM32H7xx_HAL_Driver/Inc -I../../Drivers/STM32H7xx_HAL_Driver/Inc/Legacy -I../../Drivers/CMSIS/Device/ST/STM32H7xx/Include -I../../Drivers/CMSIS/Include -O0 -ffunction-sections -fdata-sections -Wall -fstack-usage -MMD -MP -MF"Drivers/STM32H7xx_HAL_Driver/stm32h7xx_hal_mdma.d" -MT"Drivers/STM32H7xx_HAL_Driver/stm32h7xx_hal_mdma.o" --specs=nano.specs -mfpu=fpv5-d16 -mfloat-abi=hard -mthumb -o "Drivers/STM32H7xx_HAL_Driver/stm32h7xx_hal_mdma.o"
arm-none-eabi-gcc "C:/Users/Ponchito/Desktop/Lab2/Ejercicio_3/Drivers/STM32H7xx_HAL_Driver/Src/stm32h7xx_hal_pcd.c" -mcpu=cortex-m7 -std=gnu11 -g3 -DDEBUG -DCORE_CM7 -DUSE_HAL_DRIVER -DSTM32H745xx -c -I../Core/Inc -I../../Drivers/STM32H7xx_HAL_Driver/Inc -I../../Drivers/STM32H7xx_HAL_Driver/Inc/Legacy -I../../Drivers/CMSIS/Device/ST/STM32H7xx/Include -I../../Drivers/CMSIS/Include -O0 -ffunction-sections -fdata-sections -Wall -fstack-usage -MMD -MP -MF"Drivers/STM32H7xx_HAL_Driver/stm32h7xx_hal_pcd.d" -MT"Drivers/STM32H7xx_HAL_Driver/stm32h7xx_hal_pcd.o" --specs=nano.specs -mfpu=fpv5-d16 -mfloat-abi=hard -mthumb -o "Drivers/STM32H7xx_HAL_Driver/stm32h7xx_hal_pcd.o"
arm-none-eabi-gcc "C:/Users/Ponchito/Desktop/Lab2/Ejercicio_3/Drivers/STM32H7xx_HAL_Driver/Src/stm32h7xx_hal_pcd_ex.c" -mcpu=cortex-m7 -std=gnu11 -g3 -DDEBUG -DCORE_CM7 -DUSE_HAL_DRIVER -DSTM32H745xx -c -I../Core/Inc -I../../Drivers/STM32H7xx_HAL_Driver/Inc -I../../Drivers/STM32H7xx_HAL_Driver/Inc/Legacy -I../../Drivers/CMSIS/Device/ST/STM32H7xx/Include -I../../Drivers/CMSIS/Include -O0 -ffunction-sections -fdata-sections -Wall -fstack-usage -MMD -MP -MF"Drivers/STM32H7xx_HAL_Driver/stm32h7xx_hal_pcd_ex.d" -MT"Drivers/STM32H7xx_HAL_Driver/stm32h7xx_hal_pcd_ex.o" --specs=nano.specs -mfpu=fpv5-d16 -mfloat-abi=hard -mthumb -o "Drivers/STM32H7xx_HAL_Driver/stm32h7xx_hal_pcd_ex.o"
arm-none-eabi-gcc "C:/Users/Ponchito/Desktop/Lab2/Ejercicio_3/Drivers/STM32H7xx_HAL_Driver/Src/stm32h7xx_hal_pwr.c" -mcpu=cortex-m7 -std=gnu11 -g3 -DDEBUG -DCORE_CM7 -DUSE_HAL_DRIVER -DSTM32H745xx -c -I../Core/Inc -I../../Drivers/STM32H7xx_HAL_Driver/Inc -I../../Drivers/STM32H7xx_HAL_Driver/Inc/Legacy -I../../Drivers/CMSIS/Device/ST/STM32H7xx/Include -I../../Drivers/CMSIS/Include -O0 -ffunction-sections -fdata-sections -Wall -fstack-usage -MMD -MP -MF"Drivers/STM32H7xx_HAL_Driver/stm32h7xx_hal_pwr.d" -MT"Drivers/STM32H7xx_HAL_Driver/stm32h7xx_hal_pwr.o" --specs=nano.specs -mfpu=fpv5-d16 -mfloat-abi=hard -mthumb -o "Drivers/STM32H7xx_HAL_Driver/stm32h7xx_hal_pwr.o"
arm-none-eabi-gcc "C:/Users/Ponchito/Desktop/Lab2/Ejercicio_3/Drivers/STM32H7xx_HAL_Driver/Src/stm32h7xx_hal_pwr_ex.c" -mcpu=cortex-m7 -std=gnu11 -g3 -DDEBUG -DCORE_CM7 -DUSE_HAL_DRIVER -DSTM32H745xx -c -I../Core/Inc -I../../Drivers/STM32H7xx_HAL_Driver/Inc -I../../Drivers/STM32H7xx_HAL_Driver/Inc/Legacy -I../../Drivers/CMSIS/Device/ST/STM32H7xx/Include -I../../Drivers/CMSIS/Include -O0 -ffunction-sections -fdata-sections -Wall -fstack-usage -MMD -MP -MF"Drivers/STM32H7xx_HAL_Driver/stm32h7xx_hal_pwr_ex.d" -MT"Drivers/STM32H7xx_HAL_Driver/stm32h7xx_hal_pwr_ex.o" --specs=nano.specs -mfpu=fpv5-d16 -mfloat-abi=hard -mthumb -o "Drivers/STM32H7xx_HAL_Driver/stm32h7xx_hal_pwr_ex.o"
arm-none-eabi-gcc "C:/Users/Ponchito/Desktop/Lab2/Ejercicio_3/Drivers/STM32H7xx_HAL_Driver/Src/stm32h7xx_hal_rcc.c" -mcpu=cortex-m7 -std=gnu11 -g3 -DDEBUG -DCORE_CM7 -DUSE_HAL_DRIVER -DSTM32H745xx -c -I../Core/Inc -I../../Drivers/STM32H7xx_HAL_Driver/Inc -I../../Drivers/STM32H7xx_HAL_Driver/Inc/Legacy -I../../Drivers/CMSIS/Device/ST/STM32H7xx/Include -I../../Drivers/CMSIS/Include -O0 -ffunction-sections -fdata-sections -Wall -fstack-usage -MMD -MP -MF"Drivers/STM32H7xx_HAL_Driver/stm32h7xx_hal_rcc.d" -MT"Drivers/STM32H7xx_HAL_Driver/stm32h7xx_hal_rcc.o" --specs=nano.specs -mfpu=fpv5-d16 -mfloat-abi=hard -mthumb -o "Drivers/STM32H7xx_HAL_Driver/stm32h7xx_hal_rcc.o"
arm-none-eabi-gcc "C:/Users/Ponchito/Desktop/Lab2/Ejercicio_3/Drivers/STM32H7xx_HAL_Driver/Src/stm32h7xx_hal_rcc_ex.c" -mcpu=cortex-m7 -std=gnu11 -g3 -DDEBUG -DCORE_CM7 -DUSE_HAL_DRIVER -DSTM32H745xx -c -I../Core/Inc -I../../Drivers/STM32H7xx_HAL_Driver/Inc -I../../Drivers/STM32H7xx_HAL_Driver/Inc/Legacy -I../../Drivers/CMSIS/Device/ST/STM32H7xx/Include -I../../Drivers/CMSIS/Include -O0 -ffunction-sections -fdata-sections -Wall -fstack-usage -MMD -MP -MF"Drivers/STM32H7xx_HAL_Driver/stm32h7xx_hal_rcc_ex.d" -MT"Drivers/STM32H7xx_HAL_Driver/stm32h7xx_hal_rcc_ex.o" --specs=nano.specs -mfpu=fpv5-d16 -mfloat-abi=hard -mthumb -o "Drivers/STM32H7xx_HAL_Driver/stm32h7xx_hal_rcc_ex.o"
arm-none-eabi-gcc "C:/Users/Ponchito/Desktop/Lab2/Ejercicio_3/Drivers/STM32H7xx_HAL_Driver/Src/stm32h7xx_hal_tim.c" -mcpu=cortex-m7 -std=gnu11 -g3 -DDEBUG -DCORE_CM7 -DUSE_HAL_DRIVER -DSTM32H745xx -c -I../Core/Inc -I../../Drivers/STM32H7xx_HAL_Driver/Inc -I../../Drivers/STM32H7xx_HAL_Driver/Inc/Legacy -I../../Drivers/CMSIS/Device/ST/STM32H7xx/Include -I../../Drivers/CMSIS/Include -O0 -ffunction-sections -fdata-sections -Wall -fstack-usage -MMD -MP -MF"Drivers/STM32H7xx_HAL_Driver/stm32h7xx_hal_tim.d" -MT"Drivers/STM32H7xx_HAL_Driver/stm32h7xx_hal_tim.o" --specs=nano.specs -mfpu=fpv5-d16 -mfloat-abi=hard -mthumb -o "Drivers/STM32H7xx_HAL_Driver/stm32h7xx_hal_tim.o"
arm-none-eabi-gcc "C:/Users/Ponchito/Desktop/Lab2/Ejercicio_3/Drivers/STM32H7xx_HAL_Driver/Src/stm32h7xx_hal_tim_ex.c" -mcpu=cortex-m7 -std=gnu11 -g3 -DDEBUG -DCORE_CM7 -DUSE_HAL_DRIVER -DSTM32H745xx -c -I../Core/Inc -I../../Drivers/STM32H7xx_HAL_Driver/Inc -I../../Drivers/STM32H7xx_HAL_Driver/Inc/Legacy -I../../Drivers/CMSIS/Device/ST/STM32H7xx/Include -I../../Drivers/CMSIS/Include -O0 -ffunction-sections -fdata-sections -Wall -fstack-usage -MMD -MP -MF"Drivers/STM32H7xx_HAL_Driver/stm32h7xx_hal_tim_ex.d" -MT"Drivers/STM32H7xx_HAL_Driver/stm32h7xx_hal_tim_ex.o" --specs=nano.specs -mfpu=fpv5-d16 -mfloat-abi=hard -mthumb -o "Drivers/STM32H7xx_HAL_Driver/stm32h7xx_hal_tim_ex.o"
arm-none-eabi-gcc "C:/Users/Ponchito/Desktop/Lab2/Ejercicio_3/Drivers/STM32H7xx_HAL_Driver/Src/stm32h7xx_hal_uart.c" -mcpu=cortex-m7 -std=gnu11 -g3 -DDEBUG -DCORE_CM7 -DUSE_HAL_DRIVER -DSTM32H745xx -c -I../Core/Inc -I../../Drivers/STM32H7xx_HAL_Driver/Inc -I../../Drivers/STM32H7xx_HAL_Driver/Inc/Legacy -I../../Drivers/CMSIS/Device/ST/STM32H7xx/Include -I../../Drivers/CMSIS/Include -O0 -ffunction-sections -fdata-sections -Wall -fstack-usage -MMD -MP -MF"Drivers/STM32H7xx_HAL_Driver/stm32h7xx_hal_uart.d" -MT"Drivers/STM32H7xx_HAL_Driver/stm32h7xx_hal_uart.o" --specs=nano.specs -mfpu=fpv5-d16 -mfloat-abi=hard -mthumb -o "Drivers/STM32H7xx_HAL_Driver/stm32h7xx_hal_uart.o"
arm-none-eabi-gcc "C:/Users/Ponchito/Desktop/Lab2/Ejercicio_3/Drivers/STM32H7xx_HAL_Driver/Src/stm32h7xx_hal_uart_ex.c" -mcpu=cortex-m7 -std=gnu11 -g3 -DDEBUG -DCORE_CM7 -DUSE_HAL_DRIVER -DSTM32H745xx -c -I../Core/Inc -I../../Drivers/STM32H7xx_HAL_Driver/Inc -I../../Drivers/STM32H7xx_HAL_Driver/Inc/Legacy -I../../Drivers/CMSIS/Device/ST/STM32H7xx/Include -I../../Drivers/CMSIS/Include -O0 -ffunction-sections -fdata-sections -Wall -fstack-usage -MMD -MP -MF"Drivers/STM32H7xx_HAL_Driver/stm32h7xx_hal_uart_ex.d" -MT"Drivers/STM32H7xx_HAL_Driver/stm32h7xx_hal_uart_ex.o" --specs=nano.specs -mfpu=fpv5-d16 -mfloat-abi=hard -mthumb -o "Drivers/STM32H7xx_HAL_Driver/stm32h7xx_hal_uart_ex.o"
arm-none-eabi-gcc "C:/Users/Ponchito/Desktop/Lab2/Ejercicio_3/Drivers/STM32H7xx_HAL_Driver/Src/stm32h7xx_ll_usb.c" -mcpu=cortex-m7 -std=gnu11 -g3 -DDEBUG -DCORE_CM7 -DUSE_HAL_DRIVER -DSTM32H745xx -c -I../Core/Inc -I../../Drivers/STM32H7xx_HAL_Driver/Inc -I../../Drivers/STM32H7xx_HAL_Driver/Inc/Legacy -I../../Drivers/CMSIS/Device/ST/STM32H7xx/Include -I../../Drivers/CMSIS/Include -O0 -ffunction-sections -fdata-sections -Wall -fstack-usage -MMD -MP -MF"Drivers/STM32H7xx_HAL_Driver/stm32h7xx_ll_usb.d" -MT"Drivers/STM32H7xx_HAL_Driver/stm32h7xx_ll_usb.o" --specs=nano.specs -mfpu=fpv5-d16 -mfloat-abi=hard -mthumb -o "Drivers/STM32H7xx_HAL_Driver/stm32h7xx_ll_usb.o"
arm-none-eabi-gcc -mcpu=cortex-m7 -g3 -DDEBUG -c -x assembler-with-cpp -MMD -MP -MF"Core/Startup/startup_stm32h745zitx.d" -MT"Core/Startup/startup_stm32h745zitx.o" --specs=nano.specs -mfpu=fpv5-d16 -mfloat-abi=hard -mthumb -o "Core/Startup/startup_stm32h745zitx.o" "../Core/Startup/startup_stm32h745zitx.s"
arm-none-eabi-gcc "../Core/Src/main.c" -mcpu=cortex-m7 -std=gnu11 -g3 -DDEBUG -DCORE_CM7 -DUSE_HAL_DRIVER -DSTM32H745xx -c -I../Core/Inc -I../../Drivers/STM32H7xx_HAL_Driver/Inc -I../../Drivers/STM32H7xx_HAL_Driver/Inc/Legacy -I../../Drivers/CMSIS/Device/ST/STM32H7xx/Include -I../../Drivers/CMSIS/Include -O0 -ffunction-sections -fdata-sections -Wall -fstack-usage -MMD -MP -MF"Core/Src/main.d" -MT"Core/Src/main.o" --specs=nano.specs -mfpu=fpv5-d16 -mfloat-abi=hard -mthumb -o "Core/Src/main.o"
arm-none-eabi-gcc "../Core/Src/stm32h7xx_hal_msp.c" -mcpu=cortex-m7 -std=gnu11 -g3 -DDEBUG -DCORE_CM7 -DUSE_HAL_DRIVER -DSTM32H745xx -c -I../Core/Inc -I../../Drivers/STM32H7xx_HAL_Driver/Inc -I../../Drivers/STM32H7xx_HAL_Driver/Inc/Legacy -I../../Drivers/CMSIS/Device/ST/STM32H7xx/Include -I../../Drivers/CMSIS/Include -O0 -ffunction-sections -fdata-sections -Wall -fstack-usage -MMD -MP -MF"Core/Src/stm32h7xx_hal_msp.d" -MT"Core/Src/stm32h7xx_hal_msp.o" --specs=nano.specs -mfpu=fpv5-d16 -mfloat-abi=hard -mthumb -o "Core/Src/stm32h7xx_hal_msp.o"
arm-none-eabi-gcc "../Core/Src/stm32h7xx_it.c" -mcpu=cortex-m7 -std=gnu11 -g3 -DDEBUG -DCORE_CM7 -DUSE_HAL_DRIVER -DSTM32H745xx -c -I../Core/Inc -I../../Drivers/STM32H7xx_HAL_Driver/Inc -I../../Drivers/STM32H7xx_HAL_Driver/Inc/Legacy -I../../Drivers/CMSIS/Device/ST/STM32H7xx/Include -I../../Drivers/CMSIS/Include -O0 -ffunction-sections -fdata-sections -Wall -fstack-usage -MMD -MP -MF"Core/Src/stm32h7xx_it.d" -MT"Core/Src/stm32h7xx_it.o" --specs=nano.specs -mfpu=fpv5-d16 -mfloat-abi=hard -mthumb -o "Core/Src/stm32h7xx_it.o"
arm-none-eabi-gcc "../Core/Src/syscalls.c" -mcpu=cortex-m7 -std=gnu11 -g3 -DDEBUG -DCORE_CM7 -DUSE_HAL_DRIVER -DSTM32H745xx -c -I../Core/Inc -I../../Drivers/STM32H7xx_HAL_Driver/Inc -I../../Drivers/STM32H7xx_HAL_Driver/Inc/Legacy -I../../Drivers/CMSIS/Device/ST/STM32H7xx/Include -I../../Drivers/CMSIS/Include -O0 -ffunction-sections -fdata-sections -Wall -fstack-usage -MMD -MP -MF"Core/Src/syscalls.d" -MT"Core/Src/syscalls.o" --specs=nano.specs -mfpu=fpv5-d16 -mfloat-abi=hard -mthumb -o "Core/Src/syscalls.o"
arm-none-eabi-gcc "../Core/Src/sysmem.c" -mcpu=cortex-m7 -std=gnu11 -g3 -DDEBUG -DCORE_CM7 -DUSE_HAL_DRIVER -DSTM32H745xx -c -I../Core/Inc -I../../Drivers/STM32H7xx_HAL_Driver/Inc -I../../Drivers/STM32H7xx_HAL_Driver/Inc/Legacy -I../../Drivers/CMSIS/Device/ST/STM32H7xx/Include -I../../Drivers/CMSIS/Include -O0 -ffunction-sections -fdata-sections -Wall -fstack-usage -MMD -MP -MF"Core/Src/sysmem.d" -MT"Core/Src/sysmem.o" --specs=nano.specs -mfpu=fpv5-d16 -mfloat-abi=hard -mthumb -o "Core/Src/sysmem.o"
../Core/Src/main.c: In function 'main':
../Core/Src/main.c:30:22: warning: unsigned conversion from 'int' to 'uint8_t' {aka 'unsigned char'} changes value from '416' to '160' [-Woverflow]
   30 | #define MPU6050_ADDR 0xD0
      |                      ^~~~
../Core/Src/main.c:148:21: note: in expansion of macro 'MPU6050_ADDR'
  148 |   uint8_t TX_ADDR = MPU6050_ADDR<<1;
      |                     ^~~~~~~~~~~~
../Core/Src/main.c:149:21: warning: unsigned conversion from 'int' to 'uint8_t' {aka 'unsigned char'} changes value from '417' to '161' [-Woverflow]
  149 |   uint8_t RX_ADDR = (MPU6050_ADDR<<1) | 0x01;
      |                     ^
../Core/Src/main.c:149:11: warning: unused variable 'RX_ADDR' [-Wunused-variable]
  149 |   uint8_t RX_ADDR = (MPU6050_ADDR<<1) | 0x01;
      |           ^~~~~~~
../Core/Src/main.c:92:20: warning: unused variable 'ret' [-Wunused-variable]
   92 |  HAL_StatusTypeDef ret;
      |                    ^~~
../Core/Src/main.c:91:10: warning: unused variable 'buf' [-Wunused-variable]
   91 |  uint8_t buf[12];
      |          ^~~
../Core/Src/main.c: In function 'MPU6050_init':
../Core/Src/main.c:440:10: warning: unused variable 'check' [-Wunused-variable]
  440 |  uint8_t check, data;
      |          ^~~~~
At top level:
../Core/Src/main.c:439:6: warning: 'MPU6050_init' defined but not used [-Wunused-function]
  439 | void MPU6050_init(uint8_t buf[12]){
      |      ^~~~~~~~~~~~
arm-none-eabi-gcc "C:/Users/Ponchito/Desktop/Lab2/Ejercicio_3/Common/Src/system_stm32h7xx_dualcore_boot_cm4_cm7.c" -mcpu=cortex-m7 -std=gnu11 -g3 -DDEBUG -DCORE_CM7 -DUSE_HAL_DRIVER -DSTM32H745xx -c -I../Core/Inc -I../../Drivers/STM32H7xx_HAL_Driver/Inc -I../../Drivers/STM32H7xx_HAL_Driver/Inc/Legacy -I../../Drivers/CMSIS/Device/ST/STM32H7xx/Include -I../../Drivers/CMSIS/Include -O0 -ffunction-sections -fdata-sections -Wall -fstack-usage -MMD -MP -MF"Common/Src/system_stm32h7xx_dualcore_boot_cm4_cm7.d" -MT"Common/Src/system_stm32h7xx_dualcore_boot_cm4_cm7.o" --specs=nano.specs -mfpu=fpv5-d16 -mfloat-abi=hard -mthumb -o "Common/Src/system_stm32h7xx_dualcore_boot_cm4_cm7.o"
arm-none-eabi-gcc -o "Ejercicio_3_CM7.elf" @"objects.list"   -mcpu=cortex-m7 -T"C:\Users\Ponchito\Desktop\Lab2\Ejercicio_3\CM7\STM32H745ZITX_FLASH.ld" --specs=nosys.specs -Wl,-Map="Ejercicio_3_CM7.map" -Wl,--gc-sections -static --specs=nano.specs -mfpu=fpv5-d16 -mfloat-abi=hard -mthumb -Wl,--start-group -lc -lm -Wl,--end-group
Finished building target: Ejercicio_3_CM7.elf
 
arm-none-eabi-size   Ejercicio_3_CM7.elf 
arm-none-eabi-objdump -h -S  Ejercicio_3_CM7.elf  > "Ejercicio_3_CM7.list"
   text	   data	    bss	    dec	    hex	filename
  26280	     24	   3160	  29464	   7318	Ejercicio_3_CM7.elf
Finished building: default.size.stdout
 
Finished building: Ejercicio_3_CM7.list
 
21:53:15 **** Incremental Build of configuration Debug for project Ejercicio_3_CM7 ****
make -j8 all 
arm-none-eabi-size   Ejercicio_3_CM7.elf 
   text	   data	    bss	    dec	    hex	filename
  26280	     24	   3160	  29464	   7318	Ejercicio_3_CM7.elf
Finished building: default.size.stdout
 
21:54:35 **** Clean-only build of configuration Debug for project Ejercicio_3_CM4 ****
make -j8 clean 
rm -rf ./Drivers/STM32H7xx_HAL_Driver/stm32h7xx_hal.d ./Drivers/STM32H7xx_HAL_Driver/stm32h7xx_hal.o ./Drivers/STM32H7xx_HAL_Driver/stm32h7xx_hal.su ./Drivers/STM32H7xx_HAL_Driver/stm32h7xx_hal_cortex.d ./Drivers/STM32H7xx_HAL_Driver/stm32h7xx_hal_cortex.o ./Drivers/STM32H7xx_HAL_Driver/stm32h7xx_hal_cortex.su ./Drivers/STM32H7xx_HAL_Driver/stm32h7xx_hal_dma.d ./Drivers/STM32H7xx_HAL_Driver/stm32h7xx_hal_dma.o ./Drivers/STM32H7xx_HAL_Driver/stm32h7xx_hal_dma.su ./Drivers/STM32H7xx_HAL_Driver/stm32h7xx_hal_dma_ex.d ./Drivers/STM32H7xx_HAL_Driver/stm32h7xx_hal_dma_ex.o ./Drivers/STM32H7xx_HAL_Driver/stm32h7xx_hal_dma_ex.su ./Drivers/STM32H7xx_HAL_Driver/stm32h7xx_hal_exti.d ./Drivers/STM32H7xx_HAL_Driver/stm32h7xx_hal_exti.o ./Drivers/STM32H7xx_HAL_Driver/stm32h7xx_hal_exti.su ./Drivers/STM32H7xx_HAL_Driver/stm32h7xx_hal_flash.d ./Drivers/STM32H7xx_HAL_Driver/stm32h7xx_hal_flash.o ./Drivers/STM32H7xx_HAL_Driver/stm32h7xx_hal_flash.su ./Drivers/STM32H7xx_HAL_Driver/stm32h7xx_hal_flash_ex.d ./Drivers/STM32H7xx_HAL_Driver/stm32h7xx_hal_flash_ex.o ./Drivers/STM32H7xx_HAL_Driver/stm32h7xx_hal_flash_ex.su ./Drivers/STM32H7xx_HAL_Driver/stm32h7xx_hal_gpio.d ./Drivers/STM32H7xx_HAL_Driver/stm32h7xx_hal_gpio.o ./Drivers/STM32H7xx_HAL_Driver/stm32h7xx_hal_gpio.su ./Drivers/STM32H7xx_HAL_Driver/stm32h7xx_hal_hsem.d ./Drivers/STM32H7xx_HAL_Driver/stm32h7xx_hal_hsem.o ./Drivers/STM32H7xx_HAL_Driver/stm32h7xx_hal_hsem.su ./Drivers/STM32H7xx_HAL_Driver/stm32h7xx_hal_i2c.d ./Drivers/STM32H7xx_HAL_Driver/stm32h7xx_hal_i2c.o ./Drivers/STM32H7xx_HAL_Driver/stm32h7xx_hal_i2c.su ./Drivers/STM32H7xx_HAL_Driver/stm32h7xx_hal_i2c_ex.d ./Drivers/STM32H7xx_HAL_Driver/stm32h7xx_hal_i2c_ex.o ./Drivers/STM32H7xx_HAL_Driver/stm32h7xx_hal_i2c_ex.su ./Drivers/STM32H7xx_HAL_Driver/stm32h7xx_hal_mdma.d ./Drivers/STM32H7xx_HAL_Driver/stm32h7xx_hal_mdma.o ./Drivers/STM32H7xx_HAL_Driver/stm32h7xx_hal_mdma.su ./Drivers/STM32H7xx_HAL_Driver/stm32h7xx_hal_pwr.d ./Drivers/STM32H7xx_HAL_Driver/stm32h7xx_hal_pwr.o ./Drivers/STM32H7xx_HAL_Driver/stm32h7xx_hal_pwr.su ./Drivers/STM32H7xx_HAL_Driver/stm32h7xx_hal_pwr_ex.d ./Drivers/STM32H7xx_HAL_Driver/stm32h7xx_hal_pwr_ex.o ./Drivers/STM32H7xx_HAL_Driver/stm32h7xx_hal_pwr_ex.su ./Drivers/STM32H7xx_HAL_Driver/stm32h7xx_hal_rcc.d ./Drivers/STM32H7xx_HAL_Driver/stm32h7xx_hal_rcc.o ./Drivers/STM32H7xx_HAL_Driver/stm32h7xx_hal_rcc.su ./Drivers/STM32H7xx_HAL_Driver/stm32h7xx_hal_rcc_ex.d ./Drivers/STM32H7xx_HAL_Driver/stm32h7xx_hal_rcc_ex.o ./Drivers/STM32H7xx_HAL_Driver/stm32h7xx_hal_rcc_ex.su ./Drivers/STM32H7xx_HAL_Driver/stm32h7xx_hal_tim.d ./Drivers/STM32H7xx_HAL_Driver/stm32h7xx_hal_tim.o ./Drivers/STM32H7xx_HAL_Driver/stm32h7xx_hal_tim.su ./Drivers/STM32H7xx_HAL_Driver/stm32h7xx_hal_tim_ex.d ./Drivers/STM32H7xx_HAL_Driver/stm32h7xx_hal_tim_ex.o ./Drivers/STM32H7xx_HAL_Driver/stm32h7xx_hal_tim_ex.su
rm -rf ./Core/Startup/startup_stm32h745zitx.d ./Core/Startup/startup_stm32h745zitx.o
rm -rf ./Core/Src/main.d ./Core/Src/main.o ./Core/Src/main.su ./Core/Src/stm32h7xx_hal_msp.d ./Core/Src/stm32h7xx_hal_msp.o ./Core/Src/stm32h7xx_hal_msp.su ./Core/Src/stm32h7xx_it.d ./Core/Src/stm32h7xx_it.o ./Core/Src/stm32h7xx_it.su ./Core/Src/syscalls.d ./Core/Src/syscalls.o ./Core/Src/syscalls.su ./Core/Src/sysmem.d ./Core/Src/sysmem.o ./Core/Src/sysmem.su
rm -rf ./Common/Src/system_stm32h7xx_dualcore_boot_cm4_cm7.d ./Common/Src/system_stm32h7xx_dualcore_boot_cm4_cm7.o ./Common/Src/system_stm32h7xx_dualcore_boot_cm4_cm7.su
rm -rf Ejercicio_3_CM4.elf Ejercicio_3_CM4.list Ejercicio_3_CM4.map default.size.stdout
 
21:54:35 **** Incremental Build of configuration Debug for project Ejercicio_3_CM4 ****
make -j8 all 
arm-none-eabi-gcc "C:/Users/Ponchito/Desktop/Lab2/Ejercicio_3/Drivers/STM32H7xx_HAL_Driver/Src/stm32h7xx_hal.c" -mcpu=cortex-m4 -std=gnu11 -g3 -DDEBUG -DCORE_CM4 -DUSE_HAL_DRIVER -DSTM32H745xx -c -I../Core/Inc -I../../Drivers/STM32H7xx_HAL_Driver/Inc -I../../Drivers/STM32H7xx_HAL_Driver/Inc/Legacy -I../../Drivers/CMSIS/Device/ST/STM32H7xx/Include -I../../Drivers/CMSIS/Include -O0 -ffunction-sections -fdata-sections -Wall -fstack-usage -MMD -MP -MF"Drivers/STM32H7xx_HAL_Driver/stm32h7xx_hal.d" -MT"Drivers/STM32H7xx_HAL_Driver/stm32h7xx_hal.o" --specs=nano.specs -mfpu=fpv4-sp-d16 -mfloat-abi=hard -mthumb -o "Drivers/STM32H7xx_HAL_Driver/stm32h7xx_hal.o"
arm-none-eabi-gcc "C:/Users/Ponchito/Desktop/Lab2/Ejercicio_3/Drivers/STM32H7xx_HAL_Driver/Src/stm32h7xx_hal_cortex.c" -mcpu=cortex-m4 -std=gnu11 -g3 -DDEBUG -DCORE_CM4 -DUSE_HAL_DRIVER -DSTM32H745xx -c -I../Core/Inc -I../../Drivers/STM32H7xx_HAL_Driver/Inc -I../../Drivers/STM32H7xx_HAL_Driver/Inc/Legacy -I../../Drivers/CMSIS/Device/ST/STM32H7xx/Include -I../../Drivers/CMSIS/Include -O0 -ffunction-sections -fdata-sections -Wall -fstack-usage -MMD -MP -MF"Drivers/STM32H7xx_HAL_Driver/stm32h7xx_hal_cortex.d" -MT"Drivers/STM32H7xx_HAL_Driver/stm32h7xx_hal_cortex.o" --specs=nano.specs -mfpu=fpv4-sp-d16 -mfloat-abi=hard -mthumb -o "Drivers/STM32H7xx_HAL_Driver/stm32h7xx_hal_cortex.o"
arm-none-eabi-gcc "C:/Users/Ponchito/Desktop/Lab2/Ejercicio_3/Drivers/STM32H7xx_HAL_Driver/Src/stm32h7xx_hal_dma.c" -mcpu=cortex-m4 -std=gnu11 -g3 -DDEBUG -DCORE_CM4 -DUSE_HAL_DRIVER -DSTM32H745xx -c -I../Core/Inc -I../../Drivers/STM32H7xx_HAL_Driver/Inc -I../../Drivers/STM32H7xx_HAL_Driver/Inc/Legacy -I../../Drivers/CMSIS/Device/ST/STM32H7xx/Include -I../../Drivers/CMSIS/Include -O0 -ffunction-sections -fdata-sections -Wall -fstack-usage -MMD -MP -MF"Drivers/STM32H7xx_HAL_Driver/stm32h7xx_hal_dma.d" -MT"Drivers/STM32H7xx_HAL_Driver/stm32h7xx_hal_dma.o" --specs=nano.specs -mfpu=fpv4-sp-d16 -mfloat-abi=hard -mthumb -o "Drivers/STM32H7xx_HAL_Driver/stm32h7xx_hal_dma.o"
arm-none-eabi-gcc "C:/Users/Ponchito/Desktop/Lab2/Ejercicio_3/Drivers/STM32H7xx_HAL_Driver/Src/stm32h7xx_hal_dma_ex.c" -mcpu=cortex-m4 -std=gnu11 -g3 -DDEBUG -DCORE_CM4 -DUSE_HAL_DRIVER -DSTM32H745xx -c -I../Core/Inc -I../../Drivers/STM32H7xx_HAL_Driver/Inc -I../../Drivers/STM32H7xx_HAL_Driver/Inc/Legacy -I../../Drivers/CMSIS/Device/ST/STM32H7xx/Include -I../../Drivers/CMSIS/Include -O0 -ffunction-sections -fdata-sections -Wall -fstack-usage -MMD -MP -MF"Drivers/STM32H7xx_HAL_Driver/stm32h7xx_hal_dma_ex.d" -MT"Drivers/STM32H7xx_HAL_Driver/stm32h7xx_hal_dma_ex.o" --specs=nano.specs -mfpu=fpv4-sp-d16 -mfloat-abi=hard -mthumb -o "Drivers/STM32H7xx_HAL_Driver/stm32h7xx_hal_dma_ex.o"
arm-none-eabi-gcc "C:/Users/Ponchito/Desktop/Lab2/Ejercicio_3/Drivers/STM32H7xx_HAL_Driver/Src/stm32h7xx_hal_exti.c" -mcpu=cortex-m4 -std=gnu11 -g3 -DDEBUG -DCORE_CM4 -DUSE_HAL_DRIVER -DSTM32H745xx -c -I../Core/Inc -I../../Drivers/STM32H7xx_HAL_Driver/Inc -I../../Drivers/STM32H7xx_HAL_Driver/Inc/Legacy -I../../Drivers/CMSIS/Device/ST/STM32H7xx/Include -I../../Drivers/CMSIS/Include -O0 -ffunction-sections -fdata-sections -Wall -fstack-usage -MMD -MP -MF"Drivers/STM32H7xx_HAL_Driver/stm32h7xx_hal_exti.d" -MT"Drivers/STM32H7xx_HAL_Driver/stm32h7xx_hal_exti.o" --specs=nano.specs -mfpu=fpv4-sp-d16 -mfloat-abi=hard -mthumb -o "Drivers/STM32H7xx_HAL_Driver/stm32h7xx_hal_exti.o"
arm-none-eabi-gcc "C:/Users/Ponchito/Desktop/Lab2/Ejercicio_3/Drivers/STM32H7xx_HAL_Driver/Src/stm32h7xx_hal_flash.c" -mcpu=cortex-m4 -std=gnu11 -g3 -DDEBUG -DCORE_CM4 -DUSE_HAL_DRIVER -DSTM32H745xx -c -I../Core/Inc -I../../Drivers/STM32H7xx_HAL_Driver/Inc -I../../Drivers/STM32H7xx_HAL_Driver/Inc/Legacy -I../../Drivers/CMSIS/Device/ST/STM32H7xx/Include -I../../Drivers/CMSIS/Include -O0 -ffunction-sections -fdata-sections -Wall -fstack-usage -MMD -MP -MF"Drivers/STM32H7xx_HAL_Driver/stm32h7xx_hal_flash.d" -MT"Drivers/STM32H7xx_HAL_Driver/stm32h7xx_hal_flash.o" --specs=nano.specs -mfpu=fpv4-sp-d16 -mfloat-abi=hard -mthumb -o "Drivers/STM32H7xx_HAL_Driver/stm32h7xx_hal_flash.o"
arm-none-eabi-gcc "C:/Users/Ponchito/Desktop/Lab2/Ejercicio_3/Drivers/STM32H7xx_HAL_Driver/Src/stm32h7xx_hal_flash_ex.c" -mcpu=cortex-m4 -std=gnu11 -g3 -DDEBUG -DCORE_CM4 -DUSE_HAL_DRIVER -DSTM32H745xx -c -I../Core/Inc -I../../Drivers/STM32H7xx_HAL_Driver/Inc -I../../Drivers/STM32H7xx_HAL_Driver/Inc/Legacy -I../../Drivers/CMSIS/Device/ST/STM32H7xx/Include -I../../Drivers/CMSIS/Include -O0 -ffunction-sections -fdata-sections -Wall -fstack-usage -MMD -MP -MF"Drivers/STM32H7xx_HAL_Driver/stm32h7xx_hal_flash_ex.d" -MT"Drivers/STM32H7xx_HAL_Driver/stm32h7xx_hal_flash_ex.o" --specs=nano.specs -mfpu=fpv4-sp-d16 -mfloat-abi=hard -mthumb -o "Drivers/STM32H7xx_HAL_Driver/stm32h7xx_hal_flash_ex.o"
arm-none-eabi-gcc "C:/Users/Ponchito/Desktop/Lab2/Ejercicio_3/Drivers/STM32H7xx_HAL_Driver/Src/stm32h7xx_hal_gpio.c" -mcpu=cortex-m4 -std=gnu11 -g3 -DDEBUG -DCORE_CM4 -DUSE_HAL_DRIVER -DSTM32H745xx -c -I../Core/Inc -I../../Drivers/STM32H7xx_HAL_Driver/Inc -I../../Drivers/STM32H7xx_HAL_Driver/Inc/Legacy -I../../Drivers/CMSIS/Device/ST/STM32H7xx/Include -I../../Drivers/CMSIS/Include -O0 -ffunction-sections -fdata-sections -Wall -fstack-usage -MMD -MP -MF"Drivers/STM32H7xx_HAL_Driver/stm32h7xx_hal_gpio.d" -MT"Drivers/STM32H7xx_HAL_Driver/stm32h7xx_hal_gpio.o" --specs=nano.specs -mfpu=fpv4-sp-d16 -mfloat-abi=hard -mthumb -o "Drivers/STM32H7xx_HAL_Driver/stm32h7xx_hal_gpio.o"
arm-none-eabi-gcc "C:/Users/Ponchito/Desktop/Lab2/Ejercicio_3/Drivers/STM32H7xx_HAL_Driver/Src/stm32h7xx_hal_hsem.c" -mcpu=cortex-m4 -std=gnu11 -g3 -DDEBUG -DCORE_CM4 -DUSE_HAL_DRIVER -DSTM32H745xx -c -I../Core/Inc -I../../Drivers/STM32H7xx_HAL_Driver/Inc -I../../Drivers/STM32H7xx_HAL_Driver/Inc/Legacy -I../../Drivers/CMSIS/Device/ST/STM32H7xx/Include -I../../Drivers/CMSIS/Include -O0 -ffunction-sections -fdata-sections -Wall -fstack-usage -MMD -MP -MF"Drivers/STM32H7xx_HAL_Driver/stm32h7xx_hal_hsem.d" -MT"Drivers/STM32H7xx_HAL_Driver/stm32h7xx_hal_hsem.o" --specs=nano.specs -mfpu=fpv4-sp-d16 -mfloat-abi=hard -mthumb -o "Drivers/STM32H7xx_HAL_Driver/stm32h7xx_hal_hsem.o"
arm-none-eabi-gcc "C:/Users/Ponchito/Desktop/Lab2/Ejercicio_3/Drivers/STM32H7xx_HAL_Driver/Src/stm32h7xx_hal_i2c.c" -mcpu=cortex-m4 -std=gnu11 -g3 -DDEBUG -DCORE_CM4 -DUSE_HAL_DRIVER -DSTM32H745xx -c -I../Core/Inc -I../../Drivers/STM32H7xx_HAL_Driver/Inc -I../../Drivers/STM32H7xx_HAL_Driver/Inc/Legacy -I../../Drivers/CMSIS/Device/ST/STM32H7xx/Include -I../../Drivers/CMSIS/Include -O0 -ffunction-sections -fdata-sections -Wall -fstack-usage -MMD -MP -MF"Drivers/STM32H7xx_HAL_Driver/stm32h7xx_hal_i2c.d" -MT"Drivers/STM32H7xx_HAL_Driver/stm32h7xx_hal_i2c.o" --specs=nano.specs -mfpu=fpv4-sp-d16 -mfloat-abi=hard -mthumb -o "Drivers/STM32H7xx_HAL_Driver/stm32h7xx_hal_i2c.o"
arm-none-eabi-gcc "C:/Users/Ponchito/Desktop/Lab2/Ejercicio_3/Drivers/STM32H7xx_HAL_Driver/Src/stm32h7xx_hal_i2c_ex.c" -mcpu=cortex-m4 -std=gnu11 -g3 -DDEBUG -DCORE_CM4 -DUSE_HAL_DRIVER -DSTM32H745xx -c -I../Core/Inc -I../../Drivers/STM32H7xx_HAL_Driver/Inc -I../../Drivers/STM32H7xx_HAL_Driver/Inc/Legacy -I../../Drivers/CMSIS/Device/ST/STM32H7xx/Include -I../../Drivers/CMSIS/Include -O0 -ffunction-sections -fdata-sections -Wall -fstack-usage -MMD -MP -MF"Drivers/STM32H7xx_HAL_Driver/stm32h7xx_hal_i2c_ex.d" -MT"Drivers/STM32H7xx_HAL_Driver/stm32h7xx_hal_i2c_ex.o" --specs=nano.specs -mfpu=fpv4-sp-d16 -mfloat-abi=hard -mthumb -o "Drivers/STM32H7xx_HAL_Driver/stm32h7xx_hal_i2c_ex.o"
arm-none-eabi-gcc "C:/Users/Ponchito/Desktop/Lab2/Ejercicio_3/Drivers/STM32H7xx_HAL_Driver/Src/stm32h7xx_hal_mdma.c" -mcpu=cortex-m4 -std=gnu11 -g3 -DDEBUG -DCORE_CM4 -DUSE_HAL_DRIVER -DSTM32H745xx -c -I../Core/Inc -I../../Drivers/STM32H7xx_HAL_Driver/Inc -I../../Drivers/STM32H7xx_HAL_Driver/Inc/Legacy -I../../Drivers/CMSIS/Device/ST/STM32H7xx/Include -I../../Drivers/CMSIS/Include -O0 -ffunction-sections -fdata-sections -Wall -fstack-usage -MMD -MP -MF"Drivers/STM32H7xx_HAL_Driver/stm32h7xx_hal_mdma.d" -MT"Drivers/STM32H7xx_HAL_Driver/stm32h7xx_hal_mdma.o" --specs=nano.specs -mfpu=fpv4-sp-d16 -mfloat-abi=hard -mthumb -o "Drivers/STM32H7xx_HAL_Driver/stm32h7xx_hal_mdma.o"
arm-none-eabi-gcc "C:/Users/Ponchito/Desktop/Lab2/Ejercicio_3/Drivers/STM32H7xx_HAL_Driver/Src/stm32h7xx_hal_pwr.c" -mcpu=cortex-m4 -std=gnu11 -g3 -DDEBUG -DCORE_CM4 -DUSE_HAL_DRIVER -DSTM32H745xx -c -I../Core/Inc -I../../Drivers/STM32H7xx_HAL_Driver/Inc -I../../Drivers/STM32H7xx_HAL_Driver/Inc/Legacy -I../../Drivers/CMSIS/Device/ST/STM32H7xx/Include -I../../Drivers/CMSIS/Include -O0 -ffunction-sections -fdata-sections -Wall -fstack-usage -MMD -MP -MF"Drivers/STM32H7xx_HAL_Driver/stm32h7xx_hal_pwr.d" -MT"Drivers/STM32H7xx_HAL_Driver/stm32h7xx_hal_pwr.o" --specs=nano.specs -mfpu=fpv4-sp-d16 -mfloat-abi=hard -mthumb -o "Drivers/STM32H7xx_HAL_Driver/stm32h7xx_hal_pwr.o"
arm-none-eabi-gcc "C:/Users/Ponchito/Desktop/Lab2/Ejercicio_3/Drivers/STM32H7xx_HAL_Driver/Src/stm32h7xx_hal_pwr_ex.c" -mcpu=cortex-m4 -std=gnu11 -g3 -DDEBUG -DCORE_CM4 -DUSE_HAL_DRIVER -DSTM32H745xx -c -I../Core/Inc -I../../Drivers/STM32H7xx_HAL_Driver/Inc -I../../Drivers/STM32H7xx_HAL_Driver/Inc/Legacy -I../../Drivers/CMSIS/Device/ST/STM32H7xx/Include -I../../Drivers/CMSIS/Include -O0 -ffunction-sections -fdata-sections -Wall -fstack-usage -MMD -MP -MF"Drivers/STM32H7xx_HAL_Driver/stm32h7xx_hal_pwr_ex.d" -MT"Drivers/STM32H7xx_HAL_Driver/stm32h7xx_hal_pwr_ex.o" --specs=nano.specs -mfpu=fpv4-sp-d16 -mfloat-abi=hard -mthumb -o "Drivers/STM32H7xx_HAL_Driver/stm32h7xx_hal_pwr_ex.o"
arm-none-eabi-gcc "C:/Users/Ponchito/Desktop/Lab2/Ejercicio_3/Drivers/STM32H7xx_HAL_Driver/Src/stm32h7xx_hal_rcc.c" -mcpu=cortex-m4 -std=gnu11 -g3 -DDEBUG -DCORE_CM4 -DUSE_HAL_DRIVER -DSTM32H745xx -c -I../Core/Inc -I../../Drivers/STM32H7xx_HAL_Driver/Inc -I../../Drivers/STM32H7xx_HAL_Driver/Inc/Legacy -I../../Drivers/CMSIS/Device/ST/STM32H7xx/Include -I../../Drivers/CMSIS/Include -O0 -ffunction-sections -fdata-sections -Wall -fstack-usage -MMD -MP -MF"Drivers/STM32H7xx_HAL_Driver/stm32h7xx_hal_rcc.d" -MT"Drivers/STM32H7xx_HAL_Driver/stm32h7xx_hal_rcc.o" --specs=nano.specs -mfpu=fpv4-sp-d16 -mfloat-abi=hard -mthumb -o "Drivers/STM32H7xx_HAL_Driver/stm32h7xx_hal_rcc.o"
arm-none-eabi-gcc "C:/Users/Ponchito/Desktop/Lab2/Ejercicio_3/Drivers/STM32H7xx_HAL_Driver/Src/stm32h7xx_hal_rcc_ex.c" -mcpu=cortex-m4 -std=gnu11 -g3 -DDEBUG -DCORE_CM4 -DUSE_HAL_DRIVER -DSTM32H745xx -c -I../Core/Inc -I../../Drivers/STM32H7xx_HAL_Driver/Inc -I../../Drivers/STM32H7xx_HAL_Driver/Inc/Legacy -I../../Drivers/CMSIS/Device/ST/STM32H7xx/Include -I../../Drivers/CMSIS/Include -O0 -ffunction-sections -fdata-sections -Wall -fstack-usage -MMD -MP -MF"Drivers/STM32H7xx_HAL_Driver/stm32h7xx_hal_rcc_ex.d" -MT"Drivers/STM32H7xx_HAL_Driver/stm32h7xx_hal_rcc_ex.o" --specs=nano.specs -mfpu=fpv4-sp-d16 -mfloat-abi=hard -mthumb -o "Drivers/STM32H7xx_HAL_Driver/stm32h7xx_hal_rcc_ex.o"
arm-none-eabi-gcc "C:/Users/Ponchito/Desktop/Lab2/Ejercicio_3/Drivers/STM32H7xx_HAL_Driver/Src/stm32h7xx_hal_tim.c" -mcpu=cortex-m4 -std=gnu11 -g3 -DDEBUG -DCORE_CM4 -DUSE_HAL_DRIVER -DSTM32H745xx -c -I../Core/Inc -I../../Drivers/STM32H7xx_HAL_Driver/Inc -I../../Drivers/STM32H7xx_HAL_Driver/Inc/Legacy -I../../Drivers/CMSIS/Device/ST/STM32H7xx/Include -I../../Drivers/CMSIS/Include -O0 -ffunction-sections -fdata-sections -Wall -fstack-usage -MMD -MP -MF"Drivers/STM32H7xx_HAL_Driver/stm32h7xx_hal_tim.d" -MT"Drivers/STM32H7xx_HAL_Driver/stm32h7xx_hal_tim.o" --specs=nano.specs -mfpu=fpv4-sp-d16 -mfloat-abi=hard -mthumb -o "Drivers/STM32H7xx_HAL_Driver/stm32h7xx_hal_tim.o"
arm-none-eabi-gcc "C:/Users/Ponchito/Desktop/Lab2/Ejercicio_3/Drivers/STM32H7xx_HAL_Driver/Src/stm32h7xx_hal_tim_ex.c" -mcpu=cortex-m4 -std=gnu11 -g3 -DDEBUG -DCORE_CM4 -DUSE_HAL_DRIVER -DSTM32H745xx -c -I../Core/Inc -I../../Drivers/STM32H7xx_HAL_Driver/Inc -I../../Drivers/STM32H7xx_HAL_Driver/Inc/Legacy -I../../Drivers/CMSIS/Device/ST/STM32H7xx/Include -I../../Drivers/CMSIS/Include -O0 -ffunction-sections -fdata-sections -Wall -fstack-usage -MMD -MP -MF"Drivers/STM32H7xx_HAL_Driver/stm32h7xx_hal_tim_ex.d" -MT"Drivers/STM32H7xx_HAL_Driver/stm32h7xx_hal_tim_ex.o" --specs=nano.specs -mfpu=fpv4-sp-d16 -mfloat-abi=hard -mthumb -o "Drivers/STM32H7xx_HAL_Driver/stm32h7xx_hal_tim_ex.o"
arm-none-eabi-gcc -mcpu=cortex-m4 -g3 -DDEBUG -c -x assembler-with-cpp -MMD -MP -MF"Core/Startup/startup_stm32h745zitx.d" -MT"Core/Startup/startup_stm32h745zitx.o" --specs=nano.specs -mfpu=fpv4-sp-d16 -mfloat-abi=hard -mthumb -o "Core/Startup/startup_stm32h745zitx.o" "../Core/Startup/startup_stm32h745zitx.s"
arm-none-eabi-gcc "../Core/Src/main.c" -mcpu=cortex-m4 -std=gnu11 -g3 -DDEBUG -DCORE_CM4 -DUSE_HAL_DRIVER -DSTM32H745xx -c -I../Core/Inc -I../../Drivers/STM32H7xx_HAL_Driver/Inc -I../../Drivers/STM32H7xx_HAL_Driver/Inc/Legacy -I../../Drivers/CMSIS/Device/ST/STM32H7xx/Include -I../../Drivers/CMSIS/Include -O0 -ffunction-sections -fdata-sections -Wall -fstack-usage -MMD -MP -MF"Core/Src/main.d" -MT"Core/Src/main.o" --specs=nano.specs -mfpu=fpv4-sp-d16 -mfloat-abi=hard -mthumb -o "Core/Src/main.o"
arm-none-eabi-gcc "../Core/Src/stm32h7xx_hal_msp.c" -mcpu=cortex-m4 -std=gnu11 -g3 -DDEBUG -DCORE_CM4 -DUSE_HAL_DRIVER -DSTM32H745xx -c -I../Core/Inc -I../../Drivers/STM32H7xx_HAL_Driver/Inc -I../../Drivers/STM32H7xx_HAL_Driver/Inc/Legacy -I../../Drivers/CMSIS/Device/ST/STM32H7xx/Include -I../../Drivers/CMSIS/Include -O0 -ffunction-sections -fdata-sections -Wall -fstack-usage -MMD -MP -MF"Core/Src/stm32h7xx_hal_msp.d" -MT"Core/Src/stm32h7xx_hal_msp.o" --specs=nano.specs -mfpu=fpv4-sp-d16 -mfloat-abi=hard -mthumb -o "Core/Src/stm32h7xx_hal_msp.o"
arm-none-eabi-gcc "../Core/Src/stm32h7xx_it.c" -mcpu=cortex-m4 -std=gnu11 -g3 -DDEBUG -DCORE_CM4 -DUSE_HAL_DRIVER -DSTM32H745xx -c -I../Core/Inc -I../../Drivers/STM32H7xx_HAL_Driver/Inc -I../../Drivers/STM32H7xx_HAL_Driver/Inc/Legacy -I../../Drivers/CMSIS/Device/ST/STM32H7xx/Include -I../../Drivers/CMSIS/Include -O0 -ffunction-sections -fdata-sections -Wall -fstack-usage -MMD -MP -MF"Core/Src/stm32h7xx_it.d" -MT"Core/Src/stm32h7xx_it.o" --specs=nano.specs -mfpu=fpv4-sp-d16 -mfloat-abi=hard -mthumb -o "Core/Src/stm32h7xx_it.o"
arm-none-eabi-gcc "../Core/Src/syscalls.c" -mcpu=cortex-m4 -std=gnu11 -g3 -DDEBUG -DCORE_CM4 -DUSE_HAL_DRIVER -DSTM32H745xx -c -I../Core/Inc -I../../Drivers/STM32H7xx_HAL_Driver/Inc -I../../Drivers/STM32H7xx_HAL_Driver/Inc/Legacy -I../../Drivers/CMSIS/Device/ST/STM32H7xx/Include -I../../Drivers/CMSIS/Include -O0 -ffunction-sections -fdata-sections -Wall -fstack-usage -MMD -MP -MF"Core/Src/syscalls.d" -MT"Core/Src/syscalls.o" --specs=nano.specs -mfpu=fpv4-sp-d16 -mfloat-abi=hard -mthumb -o "Core/Src/syscalls.o"
arm-none-eabi-gcc "../Core/Src/sysmem.c" -mcpu=cortex-m4 -std=gnu11 -g3 -DDEBUG -DCORE_CM4 -DUSE_HAL_DRIVER -DSTM32H745xx -c -I../Core/Inc -I../../Drivers/STM32H7xx_HAL_Driver/Inc -I../../Drivers/STM32H7xx_HAL_Driver/Inc/Legacy -I../../Drivers/CMSIS/Device/ST/STM32H7xx/Include -I../../Drivers/CMSIS/Include -O0 -ffunction-sections -fdata-sections -Wall -fstack-usage -MMD -MP -MF"Core/Src/sysmem.d" -MT"Core/Src/sysmem.o" --specs=nano.specs -mfpu=fpv4-sp-d16 -mfloat-abi=hard -mthumb -o "Core/Src/sysmem.o"
arm-none-eabi-gcc "C:/Users/Ponchito/Desktop/Lab2/Ejercicio_3/Common/Src/system_stm32h7xx_dualcore_boot_cm4_cm7.c" -mcpu=cortex-m4 -std=gnu11 -g3 -DDEBUG -DCORE_CM4 -DUSE_HAL_DRIVER -DSTM32H745xx -c -I../Core/Inc -I../../Drivers/STM32H7xx_HAL_Driver/Inc -I../../Drivers/STM32H7xx_HAL_Driver/Inc/Legacy -I../../Drivers/CMSIS/Device/ST/STM32H7xx/Include -I../../Drivers/CMSIS/Include -O0 -ffunction-sections -fdata-sections -Wall -fstack-usage -MMD -MP -MF"Common/Src/system_stm32h7xx_dualcore_boot_cm4_cm7.d" -MT"Common/Src/system_stm32h7xx_dualcore_boot_cm4_cm7.o" --specs=nano.specs -mfpu=fpv4-sp-d16 -mfloat-abi=hard -mthumb -o "Common/Src/system_stm32h7xx_dualcore_boot_cm4_cm7.o"
arm-none-eabi-gcc -o "Ejercicio_3_CM4.elf" @"objects.list"   -mcpu=cortex-m4 -T"C:\Users\Ponchito\Desktop\Lab2\Ejercicio_3\CM4\STM32H745ZITX_FLASH.ld" --specs=nosys.specs -Wl,-Map="Ejercicio_3_CM4.map" -Wl,--gc-sections -static --specs=nano.specs -mfpu=fpv4-sp-d16 -mfloat-abi=hard -mthumb -Wl,--start-group -lc -lm -Wl,--end-group
Finished building target: Ejercicio_3_CM4.elf
 
arm-none-eabi-size   Ejercicio_3_CM4.elf 
arm-none-eabi-objdump -h -S  Ejercicio_3_CM4.elf  > "Ejercicio_3_CM4.list"
   text	   data	    bss	    dec	    hex	filename
   3128	     24	   1568	   4720	   1270	Ejercicio_3_CM4.elf
Finished building: default.size.stdout
 
Finished building: Ejercicio_3_CM4.list
 
21:54:38 **** Incremental Build of configuration Debug for project Ejercicio_3_CM7 ****
make -j8 all 
arm-none-eabi-gcc "../Core/Src/main.c" -mcpu=cortex-m7 -std=gnu11 -g3 -DDEBUG -DCORE_CM7 -DUSE_HAL_DRIVER -DSTM32H745xx -c -I../Core/Inc -I../../Drivers/STM32H7xx_HAL_Driver/Inc -I../../Drivers/STM32H7xx_HAL_Driver/Inc/Legacy -I../../Drivers/CMSIS/Device/ST/STM32H7xx/Include -I../../Drivers/CMSIS/Include -O0 -ffunction-sections -fdata-sections -Wall -fstack-usage -MMD -MP -MF"Core/Src/main.d" -MT"Core/Src/main.o" --specs=nano.specs -mfpu=fpv5-d16 -mfloat-abi=hard -mthumb -o "Core/Src/main.o"
../Core/Src/main.c: In function 'main':
../Core/Src/main.c:30:22: warning: unsigned conversion from 'int' to 'uint8_t' {aka 'unsigned char'} changes value from '416' to '160' [-Woverflow]
   30 | #define MPU6050_ADDR 0xD0
      |                      ^~~~
../Core/Src/main.c:148:21: note: in expansion of macro 'MPU6050_ADDR'
  148 |   uint8_t TX_ADDR = MPU6050_ADDR<<1;
      |                     ^~~~~~~~~~~~
../Core/Src/main.c:149:21: warning: unsigned conversion from 'int' to 'uint8_t' {aka 'unsigned char'} changes value from '417' to '161' [-Woverflow]
  149 |   uint8_t RX_ADDR = (MPU6050_ADDR<<1) | 0x01;
      |                     ^
../Core/Src/main.c:154:3: warning: implicit declaration of function 'HAL_DELAY' [-Wimplicit-function-declaration]
  154 |   HAL_DELAY(100);
      |   ^~~~~~~~~
../Core/Src/main.c:149:11: warning: unused variable 'RX_ADDR' [-Wunused-variable]
  149 |   uint8_t RX_ADDR = (MPU6050_ADDR<<1) | 0x01;
      |           ^~~~~~~
../Core/Src/main.c:92:20: warning: unused variable 'ret' [-Wunused-variable]
   92 |  HAL_StatusTypeDef ret;
      |                    ^~~
../Core/Src/main.c:91:10: warning: unused variable 'buf' [-Wunused-variable]
   91 |  uint8_t buf[12];
      |          ^~~
../Core/Src/main.c: In function 'MPU6050_init':
../Core/Src/main.c:446:10: warning: unused variable 'check' [-Wunused-variable]
  446 |  uint8_t check, data;
      |          ^~~~~
At top level:
../Core/Src/main.c:445:6: warning: 'MPU6050_init' defined but not used [-Wunused-function]
  445 | void MPU6050_init(uint8_t buf[12]){
      |      ^~~~~~~~~~~~
arm-none-eabi-gcc -o "Ejercicio_3_CM7.elf" @"objects.list"   -mcpu=cortex-m7 -T"C:\Users\Ponchito\Desktop\Lab2\Ejercicio_3\CM7\STM32H745ZITX_FLASH.ld" --specs=nosys.specs -Wl,-Map="Ejercicio_3_CM7.map" -Wl,--gc-sections -static --specs=nano.specs -mfpu=fpv5-d16 -mfloat-abi=hard -mthumb -Wl,--start-group -lc -lm -Wl,--end-group
c:\st\stm32cubeide_1.10.1\stm32cubeide\plugins\com.st.stm32cube.ide.mcu.externaltools.gnu-tools-for-stm32.10.3-2021.10.win32_1.0.0.202111181127\tools\arm-none-eabi\bin\ld.exe: ./Core/Src/main.o: in function `main':
C:/Users/Ponchito/Desktop/Lab2/Ejercicio_3/CM7/Debug/../Core/Src/main.c:154: undefined reference to `HAL_DELAY'
collect2.exe: error: ld returned 1 exit status
make: *** [makefile:65: Ejercicio_3_CM7.elf] Error 1
"make -j8 all" terminated with exit code 2. Build might be incomplete.
21:54:41 **** Incremental Build of configuration Debug for project Ejercicio_3_CM7 ****
make -j8 all 
arm-none-eabi-gcc -o "Ejercicio_3_CM7.elf" @"objects.list"   -mcpu=cortex-m7 -T"C:\Users\Ponchito\Desktop\Lab2\Ejercicio_3\CM7\STM32H745ZITX_FLASH.ld" --specs=nosys.specs -Wl,-Map="Ejercicio_3_CM7.map" -Wl,--gc-sections -static --specs=nano.specs -mfpu=fpv5-d16 -mfloat-abi=hard -mthumb -Wl,--start-group -lc -lm -Wl,--end-group
c:\st\stm32cubeide_1.10.1\stm32cubeide\plugins\com.st.stm32cube.ide.mcu.externaltools.gnu-tools-for-stm32.10.3-2021.10.win32_1.0.0.202111181127\tools\arm-none-eabi\bin\ld.exe: ./Core/Src/main.o: in function `main':
C:/Users/Ponchito/Desktop/Lab2/Ejercicio_3/CM7/Debug/../Core/Src/main.c:154: undefined reference to `HAL_DELAY'
collect2.exe: error: ld returned 1 exit status
make: *** [makefile:65: Ejercicio_3_CM7.elf] Error 1
"make -j8 all" terminated with exit code 2. Build might be incomplete.
21:55:55 **** Incremental Build of configuration Debug for project Ejercicio_3_CM4 ****
make -j8 all 
arm-none-eabi-size   Ejercicio_3_CM4.elf 
   text	   data	    bss	    dec	    hex	filename
   3128	     24	   1568	   4720	   1270	Ejercicio_3_CM4.elf
Finished building: default.size.stdout
 
21:55:55 **** Incremental Build of configuration Debug for project Ejercicio_3_CM7 ****
make -j8 all 
arm-none-eabi-gcc "../Core/Src/main.c" -mcpu=cortex-m7 -std=gnu11 -g3 -DDEBUG -DCORE_CM7 -DUSE_HAL_DRIVER -DSTM32H745xx -c -I../Core/Inc -I../../Drivers/STM32H7xx_HAL_Driver/Inc -I../../Drivers/STM32H7xx_HAL_Driver/Inc/Legacy -I../../Drivers/CMSIS/Device/ST/STM32H7xx/Include -I../../Drivers/CMSIS/Include -O0 -ffunction-sections -fdata-sections -Wall -fstack-usage -MMD -MP -MF"Core/Src/main.d" -MT"Core/Src/main.o" --specs=nano.specs -mfpu=fpv5-d16 -mfloat-abi=hard -mthumb -o "Core/Src/main.o"
../Core/Src/main.c: In function 'main':
../Core/Src/main.c:30:22: warning: unsigned conversion from 'int' to 'uint8_t' {aka 'unsigned char'} changes value from '416' to '160' [-Woverflow]
   30 | #define MPU6050_ADDR 0xD0
      |                      ^~~~
../Core/Src/main.c:148:21: note: in expansion of macro 'MPU6050_ADDR'
  148 |   uint8_t TX_ADDR = MPU6050_ADDR<<1;
      |                     ^~~~~~~~~~~~
../Core/Src/main.c:149:21: warning: unsigned conversion from 'int' to 'uint8_t' {aka 'unsigned char'} changes value from '417' to '161' [-Woverflow]
  149 |   uint8_t RX_ADDR = (MPU6050_ADDR<<1) | 0x01;
      |                     ^
../Core/Src/main.c:149:11: warning: unused variable 'RX_ADDR' [-Wunused-variable]
  149 |   uint8_t RX_ADDR = (MPU6050_ADDR<<1) | 0x01;
      |           ^~~~~~~
../Core/Src/main.c:92:20: warning: unused variable 'ret' [-Wunused-variable]
   92 |  HAL_StatusTypeDef ret;
      |                    ^~~
../Core/Src/main.c:91:10: warning: unused variable 'buf' [-Wunused-variable]
   91 |  uint8_t buf[12];
      |          ^~~
../Core/Src/main.c: In function 'MPU6050_init':
../Core/Src/main.c:445:10: warning: unused variable 'check' [-Wunused-variable]
  445 |  uint8_t check, data;
      |          ^~~~~
At top level:
../Core/Src/main.c:444:6: warning: 'MPU6050_init' defined but not used [-Wunused-function]
  444 | void MPU6050_init(uint8_t buf[12]){
      |      ^~~~~~~~~~~~
arm-none-eabi-gcc -o "Ejercicio_3_CM7.elf" @"objects.list"   -mcpu=cortex-m7 -T"C:\Users\Ponchito\Desktop\Lab2\Ejercicio_3\CM7\STM32H745ZITX_FLASH.ld" --specs=nosys.specs -Wl,-Map="Ejercicio_3_CM7.map" -Wl,--gc-sections -static --specs=nano.specs -mfpu=fpv5-d16 -mfloat-abi=hard -mthumb -Wl,--start-group -lc -lm -Wl,--end-group
Finished building target: Ejercicio_3_CM7.elf
 
arm-none-eabi-size   Ejercicio_3_CM7.elf 
arm-none-eabi-objdump -h -S  Ejercicio_3_CM7.elf  > "Ejercicio_3_CM7.list"
   text	   data	    bss	    dec	    hex	filename
  26348	     24	   3160	  29532	   735c	Ejercicio_3_CM7.elf
Finished building: default.size.stdout
 
Finished building: Ejercicio_3_CM7.list
 
21:55:59 **** Incremental Build of configuration Debug for project Ejercicio_3_CM7 ****
make -j8 all 
arm-none-eabi-size   Ejercicio_3_CM7.elf 
   text	   data	    bss	    dec	    hex	filename
  26348	     24	   3160	  29532	   735c	Ejercicio_3_CM7.elf
Finished building: default.size.stdout
 
21:56:25 **** Incremental Build of configuration Debug for project Ejercicio_3_CM4 ****
make -j8 all 
arm-none-eabi-size   Ejercicio_3_CM4.elf 
   text	   data	    bss	    dec	    hex	filename
   3128	     24	   1568	   4720	   1270	Ejercicio_3_CM4.elf
Finished building: default.size.stdout
 
21:56:26 **** Incremental Build of configuration Debug for project Ejercicio_3_CM7 ****
make -j8 all 
arm-none-eabi-gcc "../Core/Src/main.c" -mcpu=cortex-m7 -std=gnu11 -g3 -DDEBUG -DCORE_CM7 -DUSE_HAL_DRIVER -DSTM32H745xx -c -I../Core/Inc -I../../Drivers/STM32H7xx_HAL_Driver/Inc -I../../Drivers/STM32H7xx_HAL_Driver/Inc/Legacy -I../../Drivers/CMSIS/Device/ST/STM32H7xx/Include -I../../Drivers/CMSIS/Include -O0 -ffunction-sections -fdata-sections -Wall -fstack-usage -MMD -MP -MF"Core/Src/main.d" -MT"Core/Src/main.o" --specs=nano.specs -mfpu=fpv5-d16 -mfloat-abi=hard -mthumb -o "Core/Src/main.o"
../Core/Src/main.c: In function 'main':
../Core/Src/main.c:30:22: warning: unsigned conversion from 'int' to 'uint8_t' {aka 'unsigned char'} changes value from '416' to '160' [-Woverflow]
   30 | #define MPU6050_ADDR 0xD0
      |                      ^~~~
../Core/Src/main.c:148:21: note: in expansion of macro 'MPU6050_ADDR'
  148 |   uint8_t TX_ADDR = MPU6050_ADDR<<1;
      |                     ^~~~~~~~~~~~
../Core/Src/main.c:149:21: warning: unsigned conversion from 'int' to 'uint8_t' {aka 'unsigned char'} changes value from '417' to '161' [-Woverflow]
  149 |   uint8_t RX_ADDR = (MPU6050_ADDR<<1) | 0x01;
      |                     ^
../Core/Src/main.c:150:21: warning: unused variable 'ready' [-Wunused-variable]
  150 |   HAL_StatusTypeDef ready;
      |                     ^~~~~
../Core/Src/main.c:149:11: warning: unused variable 'RX_ADDR' [-Wunused-variable]
  149 |   uint8_t RX_ADDR = (MPU6050_ADDR<<1) | 0x01;
      |           ^~~~~~~
../Core/Src/main.c:148:11: warning: unused variable 'TX_ADDR' [-Wunused-variable]
  148 |   uint8_t TX_ADDR = MPU6050_ADDR<<1;
      |           ^~~~~~~
../Core/Src/main.c:92:20: warning: unused variable 'ret' [-Wunused-variable]
   92 |  HAL_StatusTypeDef ret;
      |                    ^~~
../Core/Src/main.c:91:10: warning: unused variable 'buf' [-Wunused-variable]
   91 |  uint8_t buf[12];
      |          ^~~
../Core/Src/main.c: In function 'MPU6050_init':
../Core/Src/main.c:444:10: warning: unused variable 'check' [-Wunused-variable]
  444 |  uint8_t check, data;
      |          ^~~~~
At top level:
../Core/Src/main.c:443:6: warning: 'MPU6050_init' defined but not used [-Wunused-function]
  443 | void MPU6050_init(uint8_t buf[12]){
      |      ^~~~~~~~~~~~
arm-none-eabi-gcc -o "Ejercicio_3_CM7.elf" @"objects.list"   -mcpu=cortex-m7 -T"C:\Users\Ponchito\Desktop\Lab2\Ejercicio_3\CM7\STM32H745ZITX_FLASH.ld" --specs=nosys.specs -Wl,-Map="Ejercicio_3_CM7.map" -Wl,--gc-sections -static --specs=nano.specs -mfpu=fpv5-d16 -mfloat-abi=hard -mthumb -Wl,--start-group -lc -lm -Wl,--end-group
Finished building target: Ejercicio_3_CM7.elf
 
arm-none-eabi-size   Ejercicio_3_CM7.elf 
arm-none-eabi-objdump -h -S  Ejercicio_3_CM7.elf  > "Ejercicio_3_CM7.list"
   text	   data	    bss	    dec	    hex	filename
  25632	     24	   3160	  28816	   7090	Ejercicio_3_CM7.elf
Finished building: default.size.stdout
 
Finished building: Ejercicio_3_CM7.list
 
21:56:31 **** Incremental Build of configuration Debug for project Ejercicio_3_CM7 ****
make -j8 all 
arm-none-eabi-size   Ejercicio_3_CM7.elf 
   text	   data	    bss	    dec	    hex	filename
  25632	     24	   3160	  28816	   7090	Ejercicio_3_CM7.elf
Finished building: default.size.stdout
 
21:58:26 **** Incremental Build of configuration Debug for project Ejercicio_3_CM4 ****
make -j8 all 
arm-none-eabi-size   Ejercicio_3_CM4.elf 
   text	   data	    bss	    dec	    hex	filename
   3128	     24	   1568	   4720	   1270	Ejercicio_3_CM4.elf
Finished building: default.size.stdout
 
21:58:26 **** Incremental Build of configuration Debug for project Ejercicio_3_CM7 ****
make -j8 all 
arm-none-eabi-gcc "../Core/Src/main.c" -mcpu=cortex-m7 -std=gnu11 -g3 -DDEBUG -DCORE_CM7 -DUSE_HAL_DRIVER -DSTM32H745xx -c -I../Core/Inc -I../../Drivers/STM32H7xx_HAL_Driver/Inc -I../../Drivers/STM32H7xx_HAL_Driver/Inc/Legacy -I../../Drivers/CMSIS/Device/ST/STM32H7xx/Include -I../../Drivers/CMSIS/Include -O0 -ffunction-sections -fdata-sections -Wall -fstack-usage -MMD -MP -MF"Core/Src/main.d" -MT"Core/Src/main.o" --specs=nano.specs -mfpu=fpv5-d16 -mfloat-abi=hard -mthumb -o "Core/Src/main.o"
../Core/Src/main.c: In function 'main':
../Core/Src/main.c:30:22: warning: unsigned conversion from 'int' to 'uint8_t' {aka 'unsigned char'} changes value from '416' to '160' [-Woverflow]
   30 | #define MPU6050_ADDR 0xD0
      |                      ^~~~
../Core/Src/main.c:148:21: note: in expansion of macro 'MPU6050_ADDR'
  148 |   uint8_t TX_ADDR = MPU6050_ADDR<<1;
      |                     ^~~~~~~~~~~~
../Core/Src/main.c:149:21: warning: unsigned conversion from 'int' to 'uint8_t' {aka 'unsigned char'} changes value from '417' to '161' [-Woverflow]
  149 |   uint8_t RX_ADDR = (MPU6050_ADDR<<1) | 0x01;
      |                     ^
../Core/Src/main.c:149:11: warning: unused variable 'RX_ADDR' [-Wunused-variable]
  149 |   uint8_t RX_ADDR = (MPU6050_ADDR<<1) | 0x01;
      |           ^~~~~~~
../Core/Src/main.c:92:20: warning: unused variable 'ret' [-Wunused-variable]
   92 |  HAL_StatusTypeDef ret;
      |                    ^~~
../Core/Src/main.c:91:10: warning: unused variable 'buf' [-Wunused-variable]
   91 |  uint8_t buf[12];
      |          ^~~
../Core/Src/main.c: In function 'MPU6050_init':
../Core/Src/main.c:441:10: warning: unused variable 'check' [-Wunused-variable]
  441 |  uint8_t check, data;
      |          ^~~~~
At top level:
../Core/Src/main.c:440:6: warning: 'MPU6050_init' defined but not used [-Wunused-function]
  440 | void MPU6050_init(uint8_t buf[12]){
      |      ^~~~~~~~~~~~
arm-none-eabi-gcc -o "Ejercicio_3_CM7.elf" @"objects.list"   -mcpu=cortex-m7 -T"C:\Users\Ponchito\Desktop\Lab2\Ejercicio_3\CM7\STM32H745ZITX_FLASH.ld" --specs=nosys.specs -Wl,-Map="Ejercicio_3_CM7.map" -Wl,--gc-sections -static --specs=nano.specs -mfpu=fpv5-d16 -mfloat-abi=hard -mthumb -Wl,--start-group -lc -lm -Wl,--end-group
Finished building target: Ejercicio_3_CM7.elf
 
arm-none-eabi-size   Ejercicio_3_CM7.elf 
arm-none-eabi-objdump -h -S  Ejercicio_3_CM7.elf  > "Ejercicio_3_CM7.list"
   text	   data	    bss	    dec	    hex	filename
  26280	     24	   3160	  29464	   7318	Ejercicio_3_CM7.elf
Finished building: default.size.stdout
 
Finished building: Ejercicio_3_CM7.list
 
21:58:38 **** Incremental Build of configuration Debug for project Ejercicio_3_CM7 ****
make -j8 all 
arm-none-eabi-size   Ejercicio_3_CM7.elf 
   text	   data	    bss	    dec	    hex	filename
  26280	     24	   3160	  29464	   7318	Ejercicio_3_CM7.elf
Finished building: default.size.stdout
 
22:12:41 **** Incremental Build of configuration Debug for project Ejercicio_3_CM4 ****
make -j8 all 
arm-none-eabi-size   Ejercicio_3_CM4.elf 
   text	   data	    bss	    dec	    hex	filename
   3128	     24	   1568	   4720	   1270	Ejercicio_3_CM4.elf
Finished building: default.size.stdout
 
22:12:41 **** Incremental Build of configuration Debug for project Ejercicio_3_CM7 ****
make -j8 all 
arm-none-eabi-gcc "../Core/Src/main.c" -mcpu=cortex-m7 -std=gnu11 -g3 -DDEBUG -DCORE_CM7 -DUSE_HAL_DRIVER -DSTM32H745xx -c -I../Core/Inc -I../../Drivers/STM32H7xx_HAL_Driver/Inc -I../../Drivers/STM32H7xx_HAL_Driver/Inc/Legacy -I../../Drivers/CMSIS/Device/ST/STM32H7xx/Include -I../../Drivers/CMSIS/Include -O0 -ffunction-sections -fdata-sections -Wall -fstack-usage -MMD -MP -MF"Core/Src/main.d" -MT"Core/Src/main.o" --specs=nano.specs -mfpu=fpv5-d16 -mfloat-abi=hard -mthumb -o "Core/Src/main.o"
../Core/Src/main.c: In function 'main':
../Core/Src/main.c:30:22: warning: unsigned conversion from 'int' to 'uint8_t' {aka 'unsigned char'} changes value from '416' to '160' [-Woverflow]
   30 | #define MPU6050_ADDR 0xD0
      |                      ^~~~
../Core/Src/main.c:148:21: note: in expansion of macro 'MPU6050_ADDR'
  148 |   uint8_t TX_ADDR = MPU6050_ADDR<<1;
      |                     ^~~~~~~~~~~~
../Core/Src/main.c:149:21: warning: unsigned conversion from 'int' to 'uint8_t' {aka 'unsigned char'} changes value from '417' to '161' [-Woverflow]
  149 |   uint8_t RX_ADDR = (MPU6050_ADDR<<1) | 0x01;
      |                     ^
../Core/Src/main.c:149:11: warning: unused variable 'RX_ADDR' [-Wunused-variable]
  149 |   uint8_t RX_ADDR = (MPU6050_ADDR<<1) | 0x01;
      |           ^~~~~~~
../Core/Src/main.c:92:20: warning: unused variable 'ret' [-Wunused-variable]
   92 |  HAL_StatusTypeDef ret;
      |                    ^~~
../Core/Src/main.c:91:10: warning: unused variable 'buf' [-Wunused-variable]
   91 |  uint8_t buf[12];
      |          ^~~
../Core/Src/main.c: In function 'MPU6050_init':
../Core/Src/main.c:442:10: warning: unused variable 'check' [-Wunused-variable]
  442 |  uint8_t check, data;
      |          ^~~~~
At top level:
../Core/Src/main.c:441:6: warning: 'MPU6050_init' defined but not used [-Wunused-function]
  441 | void MPU6050_init(uint8_t buf[12]){
      |      ^~~~~~~~~~~~
arm-none-eabi-gcc -o "Ejercicio_3_CM7.elf" @"objects.list"   -mcpu=cortex-m7 -T"C:\Users\Ponchito\Desktop\Lab2\Ejercicio_3\CM7\STM32H745ZITX_FLASH.ld" --specs=nosys.specs -Wl,-Map="Ejercicio_3_CM7.map" -Wl,--gc-sections -static --specs=nano.specs -mfpu=fpv5-d16 -mfloat-abi=hard -mthumb -Wl,--start-group -lc -lm -Wl,--end-group
Finished building target: Ejercicio_3_CM7.elf
 
arm-none-eabi-size   Ejercicio_3_CM7.elf 
arm-none-eabi-objdump -h -S  Ejercicio_3_CM7.elf  > "Ejercicio_3_CM7.list"
   text	   data	    bss	    dec	    hex	filename
  26280	     24	   3160	  29464	   7318	Ejercicio_3_CM7.elf
Finished building: default.size.stdout
 
Finished building: Ejercicio_3_CM7.list
 
22:13:29 **** Incremental Build of configuration Debug for project Ejercicio_3_CM7 ****
make -j8 all 
arm-none-eabi-size   Ejercicio_3_CM7.elf 
   text	   data	    bss	    dec	    hex	filename
  26280	     24	   3160	  29464	   7318	Ejercicio_3_CM7.elf
Finished building: default.size.stdout
 
22:14:13 **** Incremental Build of configuration Debug for project Ejercicio_3_CM4 ****
make -j8 all 
arm-none-eabi-size   Ejercicio_3_CM4.elf 
   text	   data	    bss	    dec	    hex	filename
   3128	     24	   1568	   4720	   1270	Ejercicio_3_CM4.elf
Finished building: default.size.stdout
 
22:14:13 **** Incremental Build of configuration Debug for project Ejercicio_3_CM7 ****
make -j8 all 
arm-none-eabi-gcc "../Core/Src/main.c" -mcpu=cortex-m7 -std=gnu11 -g3 -DDEBUG -DCORE_CM7 -DUSE_HAL_DRIVER -DSTM32H745xx -c -I../Core/Inc -I../../Drivers/STM32H7xx_HAL_Driver/Inc -I../../Drivers/STM32H7xx_HAL_Driver/Inc/Legacy -I../../Drivers/CMSIS/Device/ST/STM32H7xx/Include -I../../Drivers/CMSIS/Include -O0 -ffunction-sections -fdata-sections -Wall -fstack-usage -MMD -MP -MF"Core/Src/main.d" -MT"Core/Src/main.o" --specs=nano.specs -mfpu=fpv5-d16 -mfloat-abi=hard -mthumb -o "Core/Src/main.o"
../Core/Src/main.c: In function 'main':
../Core/Src/main.c:30:22: warning: unsigned conversion from 'int' to 'uint8_t' {aka 'unsigned char'} changes value from '416' to '160' [-Woverflow]
   30 | #define MPU6050_ADDR 0xD0
      |                      ^~~~
../Core/Src/main.c:148:21: note: in expansion of macro 'MPU6050_ADDR'
  148 |   uint8_t TX_ADDR = MPU6050_ADDR<<1;
      |                     ^~~~~~~~~~~~
../Core/Src/main.c:149:21: warning: unsigned conversion from 'int' to 'uint8_t' {aka 'unsigned char'} changes value from '417' to '161' [-Woverflow]
  149 |   uint8_t RX_ADDR = (MPU6050_ADDR<<1) | 0x01;
      |                     ^
../Core/Src/main.c:149:11: warning: unused variable 'RX_ADDR' [-Wunused-variable]
  149 |   uint8_t RX_ADDR = (MPU6050_ADDR<<1) | 0x01;
      |           ^~~~~~~
../Core/Src/main.c:148:11: warning: unused variable 'TX_ADDR' [-Wunused-variable]
  148 |   uint8_t TX_ADDR = MPU6050_ADDR<<1;
      |           ^~~~~~~
../Core/Src/main.c:92:20: warning: unused variable 'ret' [-Wunused-variable]
   92 |  HAL_StatusTypeDef ret;
      |                    ^~~
../Core/Src/main.c:91:10: warning: unused variable 'buf' [-Wunused-variable]
   91 |  uint8_t buf[12];
      |          ^~~
../Core/Src/main.c: In function 'MPU6050_init':
../Core/Src/main.c:441:10: warning: unused variable 'check' [-Wunused-variable]
  441 |  uint8_t check, data;
      |          ^~~~~
At top level:
../Core/Src/main.c:440:6: warning: 'MPU6050_init' defined but not used [-Wunused-function]
  440 | void MPU6050_init(uint8_t buf[12]){
      |      ^~~~~~~~~~~~
arm-none-eabi-gcc -o "Ejercicio_3_CM7.elf" @"objects.list"   -mcpu=cortex-m7 -T"C:\Users\Ponchito\Desktop\Lab2\Ejercicio_3\CM7\STM32H745ZITX_FLASH.ld" --specs=nosys.specs -Wl,-Map="Ejercicio_3_CM7.map" -Wl,--gc-sections -static --specs=nano.specs -mfpu=fpv5-d16 -mfloat-abi=hard -mthumb -Wl,--start-group -lc -lm -Wl,--end-group
Finished building target: Ejercicio_3_CM7.elf
 
arm-none-eabi-size   Ejercicio_3_CM7.elf 
arm-none-eabi-objdump -h -S  Ejercicio_3_CM7.elf  > "Ejercicio_3_CM7.list"
   text	   data	    bss	    dec	    hex	filename
  26276	     24	   3160	  29460	   7314	Ejercicio_3_CM7.elf
Finished building: default.size.stdout
 
Finished building: Ejercicio_3_CM7.list
 
22:14:59 **** Incremental Build of configuration Debug for project Ejercicio_3_CM7 ****
make -j8 all 
arm-none-eabi-size   Ejercicio_3_CM7.elf 
   text	   data	    bss	    dec	    hex	filename
  26276	     24	   3160	  29460	   7314	Ejercicio_3_CM7.elf
Finished building: default.size.stdout
 
22:16:55 **** Incremental Build of configuration Debug for project Ejercicio_3_CM4 ****
make -j8 all 
arm-none-eabi-size   Ejercicio_3_CM4.elf 
   text	   data	    bss	    dec	    hex	filename
   3128	     24	   1568	   4720	   1270	Ejercicio_3_CM4.elf
Finished building: default.size.stdout
 
22:16:55 **** Incremental Build of configuration Debug for project Ejercicio_3_CM7 ****
make -j8 all 
arm-none-eabi-gcc "../Core/Src/main.c" -mcpu=cortex-m7 -std=gnu11 -g3 -DDEBUG -DCORE_CM7 -DUSE_HAL_DRIVER -DSTM32H745xx -c -I../Core/Inc -I../../Drivers/STM32H7xx_HAL_Driver/Inc -I../../Drivers/STM32H7xx_HAL_Driver/Inc/Legacy -I../../Drivers/CMSIS/Device/ST/STM32H7xx/Include -I../../Drivers/CMSIS/Include -O0 -ffunction-sections -fdata-sections -Wall -fstack-usage -MMD -MP -MF"Core/Src/main.d" -MT"Core/Src/main.o" --specs=nano.specs -mfpu=fpv5-d16 -mfloat-abi=hard -mthumb -o "Core/Src/main.o"
../Core/Src/main.c: In function 'main':
../Core/Src/main.c:30:22: warning: unsigned conversion from 'int' to 'uint8_t' {aka 'unsigned char'} changes value from '416' to '160' [-Woverflow]
   30 | #define MPU6050_ADDR 0xD0
      |                      ^~~~
../Core/Src/main.c:148:21: note: in expansion of macro 'MPU6050_ADDR'
  148 |   uint8_t TX_ADDR = MPU6050_ADDR<<1;
      |                     ^~~~~~~~~~~~
../Core/Src/main.c:149:21: warning: unsigned conversion from 'int' to 'uint8_t' {aka 'unsigned char'} changes value from '417' to '161' [-Woverflow]
  149 |   uint8_t RX_ADDR = (MPU6050_ADDR<<1) | 0x01;
      |                     ^
../Core/Src/main.c:153:53: warning: suggest parentheses around '+' inside '<<' [-Wparentheses]
  153 |   ready = HAL_I2C_IsDeviceReady(&hi2c2, MPU6050_ADDR<<1 + 0, 1, 100); // Función para comprobar la conexión al dispositivo
      |                                                     ^~
../Core/Src/main.c:149:11: warning: unused variable 'RX_ADDR' [-Wunused-variable]
  149 |   uint8_t RX_ADDR = (MPU6050_ADDR<<1) | 0x01;
      |           ^~~~~~~
../Core/Src/main.c:148:11: warning: unused variable 'TX_ADDR' [-Wunused-variable]
  148 |   uint8_t TX_ADDR = MPU6050_ADDR<<1;
      |           ^~~~~~~
../Core/Src/main.c:92:20: warning: unused variable 'ret' [-Wunused-variable]
   92 |  HAL_StatusTypeDef ret;
      |                    ^~~
../Core/Src/main.c:91:10: warning: unused variable 'buf' [-Wunused-variable]
   91 |  uint8_t buf[12];
      |          ^~~
../Core/Src/main.c: In function 'MPU6050_init':
../Core/Src/main.c:441:10: warning: unused variable 'check' [-Wunused-variable]
  441 |  uint8_t check, data;
      |          ^~~~~
At top level:
../Core/Src/main.c:440:6: warning: 'MPU6050_init' defined but not used [-Wunused-function]
  440 | void MPU6050_init(uint8_t buf[12]){
      |      ^~~~~~~~~~~~
arm-none-eabi-gcc -o "Ejercicio_3_CM7.elf" @"objects.list"   -mcpu=cortex-m7 -T"C:\Users\Ponchito\Desktop\Lab2\Ejercicio_3\CM7\STM32H745ZITX_FLASH.ld" --specs=nosys.specs -Wl,-Map="Ejercicio_3_CM7.map" -Wl,--gc-sections -static --specs=nano.specs -mfpu=fpv5-d16 -mfloat-abi=hard -mthumb -Wl,--start-group -lc -lm -Wl,--end-group
Finished building target: Ejercicio_3_CM7.elf
 
arm-none-eabi-size   Ejercicio_3_CM7.elf 
arm-none-eabi-objdump -h -S  Ejercicio_3_CM7.elf  > "Ejercicio_3_CM7.list"
   text	   data	    bss	    dec	    hex	filename
  26280	     24	   3160	  29464	   7318	Ejercicio_3_CM7.elf
Finished building: default.size.stdout
 
Finished building: Ejercicio_3_CM7.list
 
22:17:01 **** Incremental Build of configuration Debug for project Ejercicio_3_CM7 ****
make -j8 all 
arm-none-eabi-size   Ejercicio_3_CM7.elf 
   text	   data	    bss	    dec	    hex	filename
  26280	     24	   3160	  29464	   7318	Ejercicio_3_CM7.elf
Finished building: default.size.stdout
 
22:17:31 **** Incremental Build of configuration Debug for project Ejercicio_3_CM4 ****
make -j8 all 
arm-none-eabi-size   Ejercicio_3_CM4.elf 
   text	   data	    bss	    dec	    hex	filename
   3128	     24	   1568	   4720	   1270	Ejercicio_3_CM4.elf
Finished building: default.size.stdout
 
22:17:31 **** Incremental Build of configuration Debug for project Ejercicio_3_CM7 ****
make -j8 all 
arm-none-eabi-gcc "../Core/Src/main.c" -mcpu=cortex-m7 -std=gnu11 -g3 -DDEBUG -DCORE_CM7 -DUSE_HAL_DRIVER -DSTM32H745xx -c -I../Core/Inc -I../../Drivers/STM32H7xx_HAL_Driver/Inc -I../../Drivers/STM32H7xx_HAL_Driver/Inc/Legacy -I../../Drivers/CMSIS/Device/ST/STM32H7xx/Include -I../../Drivers/CMSIS/Include -O0 -ffunction-sections -fdata-sections -Wall -fstack-usage -MMD -MP -MF"Core/Src/main.d" -MT"Core/Src/main.o" --specs=nano.specs -mfpu=fpv5-d16 -mfloat-abi=hard -mthumb -o "Core/Src/main.o"
../Core/Src/main.c: In function 'main':
../Core/Src/main.c:30:22: warning: unsigned conversion from 'int' to 'uint8_t' {aka 'unsigned char'} changes value from '416' to '160' [-Woverflow]
   30 | #define MPU6050_ADDR 0xD0
      |                      ^~~~
../Core/Src/main.c:148:21: note: in expansion of macro 'MPU6050_ADDR'
  148 |   uint8_t TX_ADDR = MPU6050_ADDR<<1;
      |                     ^~~~~~~~~~~~
../Core/Src/main.c:149:21: warning: unsigned conversion from 'int' to 'uint8_t' {aka 'unsigned char'} changes value from '417' to '161' [-Woverflow]
  149 |   uint8_t RX_ADDR = (MPU6050_ADDR<<1) | 0x01;
      |                     ^
../Core/Src/main.c:153:50: warning: suggest parentheses around '+' inside '<<' [-Wparentheses]
  153 |   ready = HAL_I2C_IsDeviceReady(&hi2c2, 0b1101000<<1 + 0, 1, 100); // Función para comprobar la conexión al dispositivo
      |                                                  ^~
../Core/Src/main.c:149:11: warning: unused variable 'RX_ADDR' [-Wunused-variable]
  149 |   uint8_t RX_ADDR = (MPU6050_ADDR<<1) | 0x01;
      |           ^~~~~~~
../Core/Src/main.c:148:11: warning: unused variable 'TX_ADDR' [-Wunused-variable]
  148 |   uint8_t TX_ADDR = MPU6050_ADDR<<1;
      |           ^~~~~~~
../Core/Src/main.c:92:20: warning: unused variable 'ret' [-Wunused-variable]
   92 |  HAL_StatusTypeDef ret;
      |                    ^~~
../Core/Src/main.c:91:10: warning: unused variable 'buf' [-Wunused-variable]
   91 |  uint8_t buf[12];
      |          ^~~
../Core/Src/main.c: In function 'MPU6050_init':
../Core/Src/main.c:441:10: warning: unused variable 'check' [-Wunused-variable]
  441 |  uint8_t check, data;
      |          ^~~~~
At top level:
../Core/Src/main.c:440:6: warning: 'MPU6050_init' defined but not used [-Wunused-function]
  440 | void MPU6050_init(uint8_t buf[12]){
      |      ^~~~~~~~~~~~
arm-none-eabi-gcc -o "Ejercicio_3_CM7.elf" @"objects.list"   -mcpu=cortex-m7 -T"C:\Users\Ponchito\Desktop\Lab2\Ejercicio_3\CM7\STM32H745ZITX_FLASH.ld" --specs=nosys.specs -Wl,-Map="Ejercicio_3_CM7.map" -Wl,--gc-sections -static --specs=nano.specs -mfpu=fpv5-d16 -mfloat-abi=hard -mthumb -Wl,--start-group -lc -lm -Wl,--end-group
Finished building target: Ejercicio_3_CM7.elf
 
arm-none-eabi-size   Ejercicio_3_CM7.elf 
arm-none-eabi-objdump -h -S  Ejercicio_3_CM7.elf  > "Ejercicio_3_CM7.list"
   text	   data	    bss	    dec	    hex	filename
  26276	     24	   3160	  29460	   7314	Ejercicio_3_CM7.elf
Finished building: default.size.stdout
 
Finished building: Ejercicio_3_CM7.list
 
22:17:47 **** Incremental Build of configuration Debug for project Ejercicio_3_CM4 ****
make -j8 all 
arm-none-eabi-size   Ejercicio_3_CM4.elf 
   text	   data	    bss	    dec	    hex	filename
   3128	     24	   1568	   4720	   1270	Ejercicio_3_CM4.elf
Finished building: default.size.stdout
 
22:17:47 **** Incremental Build of configuration Debug for project Ejercicio_3_CM7 ****
make -j8 all 
arm-none-eabi-gcc "../Core/Src/main.c" -mcpu=cortex-m7 -std=gnu11 -g3 -DDEBUG -DCORE_CM7 -DUSE_HAL_DRIVER -DSTM32H745xx -c -I../Core/Inc -I../../Drivers/STM32H7xx_HAL_Driver/Inc -I../../Drivers/STM32H7xx_HAL_Driver/Inc/Legacy -I../../Drivers/CMSIS/Device/ST/STM32H7xx/Include -I../../Drivers/CMSIS/Include -O0 -ffunction-sections -fdata-sections -Wall -fstack-usage -MMD -MP -MF"Core/Src/main.d" -MT"Core/Src/main.o" --specs=nano.specs -mfpu=fpv5-d16 -mfloat-abi=hard -mthumb -o "Core/Src/main.o"
../Core/Src/main.c: In function 'main':
../Core/Src/main.c:30:22: warning: unsigned conversion from 'int' to 'uint8_t' {aka 'unsigned char'} changes value from '416' to '160' [-Woverflow]
   30 | #define MPU6050_ADDR 0xD0
      |                      ^~~~
../Core/Src/main.c:148:21: note: in expansion of macro 'MPU6050_ADDR'
  148 |   uint8_t TX_ADDR = MPU6050_ADDR<<1;
      |                     ^~~~~~~~~~~~
../Core/Src/main.c:149:21: warning: unsigned conversion from 'int' to 'uint8_t' {aka 'unsigned char'} changes value from '417' to '161' [-Woverflow]
  149 |   uint8_t RX_ADDR = (MPU6050_ADDR<<1) | 0x01;
      |                     ^
../Core/Src/main.c:149:11: warning: unused variable 'RX_ADDR' [-Wunused-variable]
  149 |   uint8_t RX_ADDR = (MPU6050_ADDR<<1) | 0x01;
      |           ^~~~~~~
../Core/Src/main.c:148:11: warning: unused variable 'TX_ADDR' [-Wunused-variable]
  148 |   uint8_t TX_ADDR = MPU6050_ADDR<<1;
      |           ^~~~~~~
../Core/Src/main.c:92:20: warning: unused variable 'ret' [-Wunused-variable]
   92 |  HAL_StatusTypeDef ret;
      |                    ^~~
../Core/Src/main.c:91:10: warning: unused variable 'buf' [-Wunused-variable]
   91 |  uint8_t buf[12];
      |          ^~~
../Core/Src/main.c: In function 'MPU6050_init':
../Core/Src/main.c:441:10: warning: unused variable 'check' [-Wunused-variable]
  441 |  uint8_t check, data;
      |          ^~~~~
At top level:
../Core/Src/main.c:440:6: warning: 'MPU6050_init' defined but not used [-Wunused-function]
  440 | void MPU6050_init(uint8_t buf[12]){
      |      ^~~~~~~~~~~~
arm-none-eabi-gcc -o "Ejercicio_3_CM7.elf" @"objects.list"   -mcpu=cortex-m7 -T"C:\Users\Ponchito\Desktop\Lab2\Ejercicio_3\CM7\STM32H745ZITX_FLASH.ld" --specs=nosys.specs -Wl,-Map="Ejercicio_3_CM7.map" -Wl,--gc-sections -static --specs=nano.specs -mfpu=fpv5-d16 -mfloat-abi=hard -mthumb -Wl,--start-group -lc -lm -Wl,--end-group
Finished building target: Ejercicio_3_CM7.elf
 
arm-none-eabi-size   Ejercicio_3_CM7.elf 
arm-none-eabi-objdump -h -S  Ejercicio_3_CM7.elf  > "Ejercicio_3_CM7.list"
   text	   data	    bss	    dec	    hex	filename
  26276	     24	   3160	  29460	   7314	Ejercicio_3_CM7.elf
Finished building: default.size.stdout
 
Finished building: Ejercicio_3_CM7.list
 
22:17:52 **** Incremental Build of configuration Debug for project Ejercicio_3_CM7 ****
make -j8 all 
arm-none-eabi-size   Ejercicio_3_CM7.elf 
   text	   data	    bss	    dec	    hex	filename
  26276	     24	   3160	  29460	   7314	Ejercicio_3_CM7.elf
Finished building: default.size.stdout
 
22:19:39 **** Incremental Build of configuration Debug for project Ejercicio_3_CM4 ****
make -j8 all 
arm-none-eabi-size   Ejercicio_3_CM4.elf 
   text	   data	    bss	    dec	    hex	filename
   3128	     24	   1568	   4720	   1270	Ejercicio_3_CM4.elf
Finished building: default.size.stdout
 
22:19:39 **** Incremental Build of configuration Debug for project Ejercicio_3_CM7 ****
make -j8 all 
arm-none-eabi-gcc "../Core/Src/main.c" -mcpu=cortex-m7 -std=gnu11 -g3 -DDEBUG -DCORE_CM7 -DUSE_HAL_DRIVER -DSTM32H745xx -c -I../Core/Inc -I../../Drivers/STM32H7xx_HAL_Driver/Inc -I../../Drivers/STM32H7xx_HAL_Driver/Inc/Legacy -I../../Drivers/CMSIS/Device/ST/STM32H7xx/Include -I../../Drivers/CMSIS/Include -O0 -ffunction-sections -fdata-sections -Wall -fstack-usage -MMD -MP -MF"Core/Src/main.d" -MT"Core/Src/main.o" --specs=nano.specs -mfpu=fpv5-d16 -mfloat-abi=hard -mthumb -o "Core/Src/main.o"
../Core/Src/main.c: In function 'main':
../Core/Src/main.c:30:22: warning: unsigned conversion from 'int' to 'uint8_t' {aka 'unsigned char'} changes value from '416' to '160' [-Woverflow]
   30 | #define MPU6050_ADDR 0xD0
      |                      ^~~~
../Core/Src/main.c:148:21: note: in expansion of macro 'MPU6050_ADDR'
  148 |   uint8_t TX_ADDR = MPU6050_ADDR<<1;
      |                     ^~~~~~~~~~~~
../Core/Src/main.c:149:21: warning: unsigned conversion from 'int' to 'uint8_t' {aka 'unsigned char'} changes value from '417' to '161' [-Woverflow]
  149 |   uint8_t RX_ADDR = (MPU6050_ADDR<<1) | 0x01;
      |                     ^
../Core/Src/main.c:149:11: warning: unused variable 'RX_ADDR' [-Wunused-variable]
  149 |   uint8_t RX_ADDR = (MPU6050_ADDR<<1) | 0x01;
      |           ^~~~~~~
../Core/Src/main.c:148:11: warning: unused variable 'TX_ADDR' [-Wunused-variable]
  148 |   uint8_t TX_ADDR = MPU6050_ADDR<<1;
      |           ^~~~~~~
../Core/Src/main.c:92:20: warning: unused variable 'ret' [-Wunused-variable]
   92 |  HAL_StatusTypeDef ret;
[...]
Finished building target: Ejercicio_3_CM7.elf
 
arm-none-eabi-size   Ejercicio_3_CM7.elf 
arm-none-eabi-objdump -h -S  Ejercicio_3_CM7.elf  > "Ejercicio_3_CM7.list"
   text	   data	    bss	    dec	    hex	filename
  43204	    488	   3272	  46964	   b774	Ejercicio_3_CM7.elf
Finished building: default.size.stdout
 
Finished building: Ejercicio_3_CM7.list
 
00:06:29 **** Incremental Build of configuration Debug for project Ejercicio_3_CM7 ****
make -j8 all 
arm-none-eabi-size   Ejercicio_3_CM7.elf 
   text	   data	    bss	    dec	    hex	filename
  43204	    488	   3272	  46964	   b774	Ejercicio_3_CM7.elf
Finished building: default.size.stdout
 
00:07:33 **** Incremental Build of configuration Debug for project Ejercicio_3_CM4 ****
make -j8 all 
arm-none-eabi-size   Ejercicio_3_CM4.elf 
   text	   data	    bss	    dec	    hex	filename
   3128	     24	   1568	   4720	   1270	Ejercicio_3_CM4.elf
Finished building: default.size.stdout
 
00:07:34 **** Incremental Build of configuration Debug for project Ejercicio_3_CM7 ****
make -j8 all 
arm-none-eabi-gcc -u_printf_float "../Core/Src/main.c" -mcpu=cortex-m7 -std=gnu11 -g3 -DDEBUG -DCORE_CM7 -DUSE_HAL_DRIVER -DSTM32H745xx -c -I../Core/Inc -I../../Drivers/STM32H7xx_HAL_Driver/Inc -I../../Drivers/STM32H7xx_HAL_Driver/Inc/Legacy -I../../Drivers/CMSIS/Device/ST/STM32H7xx/Include -I../../Drivers/CMSIS/Include -O0 -ffunction-sections -fdata-sections -Wall -fstack-usage -MMD -MP -MF"Core/Src/main.d" -MT"Core/Src/main.o" --specs=nano.specs -mfpu=fpv5-d16 -mfloat-abi=hard -mthumb -o "Core/Src/main.o"
../Core/Src/main.c: In function 'main':
../Core/Src/main.c:173:30: warning: passing argument 2 of 'HAL_UART_Transmit' from incompatible pointer type [-Wincompatible-pointer-types]
  173 |   HAL_UART_Transmit(&huart3, &uart_buf, uart_buf_len, 100);
      |                              ^~~~~~~~~
      |                              |
      |                              char (*)[50]
In file included from ../Core/Inc/stm32h7xx_hal_conf.h:458,
                 from ../../Drivers/STM32H7xx_HAL_Driver/Inc/stm32h7xx_hal.h:29,
                 from ../Core/Inc/main.h:30,
                 from ../Core/Src/main.c:20:
../../Drivers/STM32H7xx_HAL_Driver/Inc/stm32h7xx_hal_uart.h:1614:79: note: expected 'const uint8_t *' {aka 'const unsigned char *'} but argument is of type 'char (*)[50]'
 1614 | HAL_StatusTypeDef HAL_UART_Transmit(UART_HandleTypeDef *huart, const uint8_t *pData, uint16_t Size, uint32_t Timeout);
      |                                                                ~~~~~~~~~~~~~~~^~~~~
../Core/Src/main.c:188:31: warning: passing argument 2 of 'HAL_UART_Transmit' from incompatible pointer type [-Wincompatible-pointer-types]
  188 |    HAL_UART_Transmit(&huart3, &uart_buf, uart_buf_len, 100);
      |                               ^~~~~~~~~
      |                               |
      |                               char (*)[50]
In file included from ../Core/Inc/stm32h7xx_hal_conf.h:458,
                 from ../../Drivers/STM32H7xx_HAL_Driver/Inc/stm32h7xx_hal.h:29,
                 from ../Core/Inc/main.h:30,
                 from ../Core/Src/main.c:20:
../../Drivers/STM32H7xx_HAL_Driver/Inc/stm32h7xx_hal_uart.h:1614:79: note: expected 'const uint8_t *' {aka 'const unsigned char *'} but argument is of type 'char (*)[50]'
 1614 | HAL_StatusTypeDef HAL_UART_Transmit(UART_HandleTypeDef *huart, const uint8_t *pData, uint16_t Size, uint32_t Timeout);
      |                                                                ~~~~~~~~~~~~~~~^~~~~
../Core/Src/main.c:190:31: warning: passing argument 2 of 'HAL_UART_Transmit' from incompatible pointer type [-Wincompatible-pointer-types]
  190 |    HAL_UART_Transmit(&huart3, &uart_buf, uart_buf_len, 100);
      |                               ^~~~~~~~~
      |                               |
      |                               char (*)[50]
In file included from ../Core/Inc/stm32h7xx_hal_conf.h:458,
                 from ../../Drivers/STM32H7xx_HAL_Driver/Inc/stm32h7xx_hal.h:29,
                 from ../Core/Inc/main.h:30,
                 from ../Core/Src/main.c:20:
../../Drivers/STM32H7xx_HAL_Driver/Inc/stm32h7xx_hal_uart.h:1614:79: note: expected 'const uint8_t *' {aka 'const unsigned char *'} but argument is of type 'char (*)[50]'
 1614 | HAL_StatusTypeDef HAL_UART_Transmit(UART_HandleTypeDef *huart, const uint8_t *pData, uint16_t Size, uint32_t Timeout);
      |                                                                ~~~~~~~~~~~~~~~^~~~~
../Core/Src/main.c:192:31: warning: passing argument 2 of 'HAL_UART_Transmit' from incompatible pointer type [-Wincompatible-pointer-types]
  192 |    HAL_UART_Transmit(&huart3, &uart_buf, uart_buf_len, 100);
      |                               ^~~~~~~~~
      |                               |
      |                               char (*)[50]
In file included from ../Core/Inc/stm32h7xx_hal_conf.h:458,
                 from ../../Drivers/STM32H7xx_HAL_Driver/Inc/stm32h7xx_hal.h:29,
                 from ../Core/Inc/main.h:30,
                 from ../Core/Src/main.c:20:
../../Drivers/STM32H7xx_HAL_Driver/Inc/stm32h7xx_hal_uart.h:1614:79: note: expected 'const uint8_t *' {aka 'const unsigned char *'} but argument is of type 'char (*)[50]'
 1614 | HAL_StatusTypeDef HAL_UART_Transmit(UART_HandleTypeDef *huart, const uint8_t *pData, uint16_t Size, uint32_t Timeout);
      |                                                                ~~~~~~~~~~~~~~~^~~~~
../Core/Src/main.c:196:31: warning: passing argument 2 of 'HAL_UART_Transmit' from incompatible pointer type [-Wincompatible-pointer-types]
  196 |    HAL_UART_Transmit(&huart3, &uart_buf, uart_buf_len, 100);
      |                               ^~~~~~~~~
      |                               |
      |                               char (*)[50]
In file included from ../Core/Inc/stm32h7xx_hal_conf.h:458,
                 from ../../Drivers/STM32H7xx_HAL_Driver/Inc/stm32h7xx_hal.h:29,
                 from ../Core/Inc/main.h:30,
                 from ../Core/Src/main.c:20:
../../Drivers/STM32H7xx_HAL_Driver/Inc/stm32h7xx_hal_uart.h:1614:79: note: expected 'const uint8_t *' {aka 'const unsigned char *'} but argument is of type 'char (*)[50]'
 1614 | HAL_StatusTypeDef HAL_UART_Transmit(UART_HandleTypeDef *huart, const uint8_t *pData, uint16_t Size, uint32_t Timeout);
      |                                                                ~~~~~~~~~~~~~~~^~~~~
../Core/Src/main.c:198:31: warning: passing argument 2 of 'HAL_UART_Transmit' from incompatible pointer type [-Wincompatible-pointer-types]
  198 |    HAL_UART_Transmit(&huart3, &uart_buf, uart_buf_len, 100);
      |                               ^~~~~~~~~
      |                               |
      |                               char (*)[50]
In file included from ../Core/Inc/stm32h7xx_hal_conf.h:458,
                 from ../../Drivers/STM32H7xx_HAL_Driver/Inc/stm32h7xx_hal.h:29,
                 from ../Core/Inc/main.h:30,
                 from ../Core/Src/main.c:20:
../../Drivers/STM32H7xx_HAL_Driver/Inc/stm32h7xx_hal_uart.h:1614:79: note: expected 'const uint8_t *' {aka 'const unsigned char *'} but argument is of type 'char (*)[50]'
 1614 | HAL_StatusTypeDef HAL_UART_Transmit(UART_HandleTypeDef *huart, const uint8_t *pData, uint16_t Size, uint32_t Timeout);
      |                                                                ~~~~~~~~~~~~~~~^~~~~
../Core/Src/main.c:200:31: warning: passing argument 2 of 'HAL_UART_Transmit' from incompatible pointer type [-Wincompatible-pointer-types]
  200 |    HAL_UART_Transmit(&huart3, &uart_buf, uart_buf_len, 100);
      |                               ^~~~~~~~~
      |                               |
      |                               char (*)[50]
In file included from ../Core/Inc/stm32h7xx_hal_conf.h:458,
                 from ../../Drivers/STM32H7xx_HAL_Driver/Inc/stm32h7xx_hal.h:29,
                 from ../Core/Inc/main.h:30,
                 from ../Core/Src/main.c:20:
../../Drivers/STM32H7xx_HAL_Driver/Inc/stm32h7xx_hal_uart.h:1614:79: note: expected 'const uint8_t *' {aka 'const unsigned char *'} but argument is of type 'char (*)[50]'
 1614 | HAL_StatusTypeDef HAL_UART_Transmit(UART_HandleTypeDef *huart, const uint8_t *pData, uint16_t Size, uint32_t Timeout);
      |                                                                ~~~~~~~~~~~~~~~^~~~~
../Core/Src/main.c: In function 'MPU6050_init':
../Core/Src/main.c:479:29: warning: passing argument 2 of 'HAL_UART_Transmit' from incompatible pointer type [-Wincompatible-pointer-types]
  479 |  HAL_UART_Transmit(&huart3, &uart_buf, uart_buf_len, 100);
      |                             ^~~~~~~~~
      |                             |
      |                             char (*)[50]
In file included from ../Core/Inc/stm32h7xx_hal_conf.h:458,
                 from ../../Drivers/STM32H7xx_HAL_Driver/Inc/stm32h7xx_hal.h:29,
                 from ../Core/Inc/main.h:30,
                 from ../Core/Src/main.c:20:
../../Drivers/STM32H7xx_HAL_Driver/Inc/stm32h7xx_hal_uart.h:1614:79: note: expected 'const uint8_t *' {aka 'const unsigned char *'} but argument is of type 'char (*)[50]'
 1614 | HAL_StatusTypeDef HAL_UART_Transmit(UART_HandleTypeDef *huart, const uint8_t *pData, uint16_t Size, uint32_t Timeout);
      |                                                                ~~~~~~~~~~~~~~~^~~~~
arm-none-eabi-gcc -u_printf_float -o "Ejercicio_3_CM7.elf" @"objects.list"   -mcpu=cortex-m7 -T"C:\Users\Ponchito\Desktop\Lab2\Ejercicio_3\CM7\STM32H745ZITX_FLASH.ld" --specs=nosys.specs -Wl,-Map="Ejercicio_3_CM7.map" -Wl,--gc-sections -static --specs=nano.specs -mfpu=fpv5-d16 -mfloat-abi=hard -mthumb -Wl,--start-group -lc -lm -Wl,--end-group
Finished building target: Ejercicio_3_CM7.elf
 
arm-none-eabi-size   Ejercicio_3_CM7.elf 
arm-none-eabi-objdump -h -S  Ejercicio_3_CM7.elf  > "Ejercicio_3_CM7.list"
   text	   data	    bss	    dec	    hex	filename
  43204	    488	   3272	  46964	   b774	Ejercicio_3_CM7.elf
Finished building: default.size.stdout
 
Finished building: Ejercicio_3_CM7.list
 
00:07:38 **** Incremental Build of configuration Debug for project Ejercicio_3_CM7 ****
make -j8 all 
arm-none-eabi-size   Ejercicio_3_CM7.elf 
   text	   data	    bss	    dec	    hex	filename
  43204	    488	   3272	  46964	   b774	Ejercicio_3_CM7.elf
Finished building: default.size.stdout
 
00:08:21 **** Incremental Build of configuration Debug for project Ejercicio_3_CM4 ****
make -j8 all 
arm-none-eabi-size   Ejercicio_3_CM4.elf 
   text	   data	    bss	    dec	    hex	filename
   3128	     24	   1568	   4720	   1270	Ejercicio_3_CM4.elf
Finished building: default.size.stdout
 
00:08:21 **** Incremental Build of configuration Debug for project Ejercicio_3_CM7 ****
make -j8 all 
arm-none-eabi-gcc -u_printf_float "../Core/Src/main.c" -mcpu=cortex-m7 -std=gnu11 -g3 -DDEBUG -DCORE_CM7 -DUSE_HAL_DRIVER -DSTM32H745xx -c -I../Core/Inc -I../../Drivers/STM32H7xx_HAL_Driver/Inc -I../../Drivers/STM32H7xx_HAL_Driver/Inc/Legacy -I../../Drivers/CMSIS/Device/ST/STM32H7xx/Include -I../../Drivers/CMSIS/Include -O0 -ffunction-sections -fdata-sections -Wall -fstack-usage -MMD -MP -MF"Core/Src/main.d" -MT"Core/Src/main.o" --specs=nano.specs -mfpu=fpv5-d16 -mfloat-abi=hard -mthumb -o "Core/Src/main.o"
../Core/Src/main.c: In function 'main':
../Core/Src/main.c:173:30: warning: passing argument 2 of 'HAL_UART_Transmit' from incompatible pointer type [-Wincompatible-pointer-types]
  173 |   HAL_UART_Transmit(&huart3, &uart_buf, uart_buf_len, 100);
      |                              ^~~~~~~~~
      |                              |
      |                              char (*)[50]
In file included from ../Core/Inc/stm32h7xx_hal_conf.h:458,
                 from ../../Drivers/STM32H7xx_HAL_Driver/Inc/stm32h7xx_hal.h:29,
                 from ../Core/Inc/main.h:30,
                 from ../Core/Src/main.c:20:
../../Drivers/STM32H7xx_HAL_Driver/Inc/stm32h7xx_hal_uart.h:1614:79: note: expected 'const uint8_t *' {aka 'const unsigned char *'} but argument is of type 'char (*)[50]'
 1614 | HAL_StatusTypeDef HAL_UART_Transmit(UART_HandleTypeDef *huart, const uint8_t *pData, uint16_t Size, uint32_t Timeout);
      |                                                                ~~~~~~~~~~~~~~~^~~~~
../Core/Src/main.c:188:31: warning: passing argument 2 of 'HAL_UART_Transmit' from incompatible pointer type [-Wincompatible-pointer-types]
  188 |    HAL_UART_Transmit(&huart3, &uart_buf, uart_buf_len, 100);
      |                               ^~~~~~~~~
      |                               |
      |                               char (*)[50]
In file included from ../Core/Inc/stm32h7xx_hal_conf.h:458,
                 from ../../Drivers/STM32H7xx_HAL_Driver/Inc/stm32h7xx_hal.h:29,
                 from ../Core/Inc/main.h:30,
                 from ../Core/Src/main.c:20:
../../Drivers/STM32H7xx_HAL_Driver/Inc/stm32h7xx_hal_uart.h:1614:79: note: expected 'const uint8_t *' {aka 'const unsigned char *'} but argument is of type 'char (*)[50]'
 1614 | HAL_StatusTypeDef HAL_UART_Transmit(UART_HandleTypeDef *huart, const uint8_t *pData, uint16_t Size, uint32_t Timeout);
      |                                                                ~~~~~~~~~~~~~~~^~~~~
../Core/Src/main.c:190:31: warning: passing argument 2 of 'HAL_UART_Transmit' from incompatible pointer type [-Wincompatible-pointer-types]
  190 |    HAL_UART_Transmit(&huart3, &uart_buf, uart_buf_len, 100);
      |                               ^~~~~~~~~
      |                               |
      |                               char (*)[50]
In file included from ../Core/Inc/stm32h7xx_hal_conf.h:458,
                 from ../../Drivers/STM32H7xx_HAL_Driver/Inc/stm32h7xx_hal.h:29,
                 from ../Core/Inc/main.h:30,
                 from ../Core/Src/main.c:20:
../../Drivers/STM32H7xx_HAL_Driver/Inc/stm32h7xx_hal_uart.h:1614:79: note: expected 'const uint8_t *' {aka 'const unsigned char *'} but argument is of type 'char (*)[50]'
 1614 | HAL_StatusTypeDef HAL_UART_Transmit(UART_HandleTypeDef *huart, const uint8_t *pData, uint16_t Size, uint32_t Timeout);
      |                                                                ~~~~~~~~~~~~~~~^~~~~
../Core/Src/main.c:192:31: warning: passing argument 2 of 'HAL_UART_Transmit' from incompatible pointer type [-Wincompatible-pointer-types]
  192 |    HAL_UART_Transmit(&huart3, &uart_buf, uart_buf_len, 100);
      |                               ^~~~~~~~~
      |                               |
      |                               char (*)[50]
In file included from ../Core/Inc/stm32h7xx_hal_conf.h:458,
                 from ../../Drivers/STM32H7xx_HAL_Driver/Inc/stm32h7xx_hal.h:29,
                 from ../Core/Inc/main.h:30,
                 from ../Core/Src/main.c:20:
../../Drivers/STM32H7xx_HAL_Driver/Inc/stm32h7xx_hal_uart.h:1614:79: note: expected 'const uint8_t *' {aka 'const unsigned char *'} but argument is of type 'char (*)[50]'
 1614 | HAL_StatusTypeDef HAL_UART_Transmit(UART_HandleTypeDef *huart, const uint8_t *pData, uint16_t Size, uint32_t Timeout);
      |                                                                ~~~~~~~~~~~~~~~^~~~~
../Core/Src/main.c:196:31: warning: passing argument 2 of 'HAL_UART_Transmit' from incompatible pointer type [-Wincompatible-pointer-types]
  196 |    HAL_UART_Transmit(&huart3, &uart_buf, uart_buf_len, 100);
      |                               ^~~~~~~~~
      |                               |
      |                               char (*)[50]
In file included from ../Core/Inc/stm32h7xx_hal_conf.h:458,
                 from ../../Drivers/STM32H7xx_HAL_Driver/Inc/stm32h7xx_hal.h:29,
                 from ../Core/Inc/main.h:30,
                 from ../Core/Src/main.c:20:
../../Drivers/STM32H7xx_HAL_Driver/Inc/stm32h7xx_hal_uart.h:1614:79: note: expected 'const uint8_t *' {aka 'const unsigned char *'} but argument is of type 'char (*)[50]'
 1614 | HAL_StatusTypeDef HAL_UART_Transmit(UART_HandleTypeDef *huart, const uint8_t *pData, uint16_t Size, uint32_t Timeout);
      |                                                                ~~~~~~~~~~~~~~~^~~~~
../Core/Src/main.c:198:31: warning: passing argument 2 of 'HAL_UART_Transmit' from incompatible pointer type [-Wincompatible-pointer-types]
  198 |    HAL_UART_Transmit(&huart3, &uart_buf, uart_buf_len, 100);
      |                               ^~~~~~~~~
      |                               |
      |                               char (*)[50]
In file included from ../Core/Inc/stm32h7xx_hal_conf.h:458,
                 from ../../Drivers/STM32H7xx_HAL_Driver/Inc/stm32h7xx_hal.h:29,
                 from ../Core/Inc/main.h:30,
                 from ../Core/Src/main.c:20:
../../Drivers/STM32H7xx_HAL_Driver/Inc/stm32h7xx_hal_uart.h:1614:79: note: expected 'const uint8_t *' {aka 'const unsigned char *'} but argument is of type 'char (*)[50]'
 1614 | HAL_StatusTypeDef HAL_UART_Transmit(UART_HandleTypeDef *huart, const uint8_t *pData, uint16_t Size, uint32_t Timeout);
      |                                                                ~~~~~~~~~~~~~~~^~~~~
../Core/Src/main.c:200:31: warning: passing argument 2 of 'HAL_UART_Transmit' from incompatible pointer type [-Wincompatible-pointer-types]
  200 |    HAL_UART_Transmit(&huart3, &uart_buf, uart_buf_len, 100);
      |                               ^~~~~~~~~
      |                               |
      |                               char (*)[50]
In file included from ../Core/Inc/stm32h7xx_hal_conf.h:458,
                 from ../../Drivers/STM32H7xx_HAL_Driver/Inc/stm32h7xx_hal.h:29,
                 from ../Core/Inc/main.h:30,
                 from ../Core/Src/main.c:20:
../../Drivers/STM32H7xx_HAL_Driver/Inc/stm32h7xx_hal_uart.h:1614:79: note: expected 'const uint8_t *' {aka 'const unsigned char *'} but argument is of type 'char (*)[50]'
 1614 | HAL_StatusTypeDef HAL_UART_Transmit(UART_HandleTypeDef *huart, const uint8_t *pData, uint16_t Size, uint32_t Timeout);
      |                                                                ~~~~~~~~~~~~~~~^~~~~
../Core/Src/main.c: In function 'MPU6050_init':
../Core/Src/main.c:479:29: warning: passing argument 2 of 'HAL_UART_Transmit' from incompatible pointer type [-Wincompatible-pointer-types]
  479 |  HAL_UART_Transmit(&huart3, &uart_buf, uart_buf_len, 100);
      |                             ^~~~~~~~~
      |                             |
      |                             char (*)[50]
In file included from ../Core/Inc/stm32h7xx_hal_conf.h:458,
                 from ../../Drivers/STM32H7xx_HAL_Driver/Inc/stm32h7xx_hal.h:29,
                 from ../Core/Inc/main.h:30,
                 from ../Core/Src/main.c:20:
../../Drivers/STM32H7xx_HAL_Driver/Inc/stm32h7xx_hal_uart.h:1614:79: note: expected 'const uint8_t *' {aka 'const unsigned char *'} but argument is of type 'char (*)[50]'
 1614 | HAL_StatusTypeDef HAL_UART_Transmit(UART_HandleTypeDef *huart, const uint8_t *pData, uint16_t Size, uint32_t Timeout);
      |                                                                ~~~~~~~~~~~~~~~^~~~~
arm-none-eabi-gcc -u_printf_float -o "Ejercicio_3_CM7.elf" @"objects.list"   -mcpu=cortex-m7 -T"C:\Users\Ponchito\Desktop\Lab2\Ejercicio_3\CM7\STM32H745ZITX_FLASH.ld" --specs=nosys.specs -Wl,-Map="Ejercicio_3_CM7.map" -Wl,--gc-sections -static --specs=nano.specs -mfpu=fpv5-d16 -mfloat-abi=hard -mthumb -Wl,--start-group -lc -lm -Wl,--end-group
Finished building target: Ejercicio_3_CM7.elf
 
arm-none-eabi-size   Ejercicio_3_CM7.elf 
arm-none-eabi-objdump -h -S  Ejercicio_3_CM7.elf  > "Ejercicio_3_CM7.list"
   text	   data	    bss	    dec	    hex	filename
  43204	    488	   3272	  46964	   b774	Ejercicio_3_CM7.elf
Finished building: default.size.stdout
 
Finished building: Ejercicio_3_CM7.list
 
