../Core/Src/main.c:122:5:main	24	static
../Core/Src/main.c:226:6:SystemClock_Config	120	static
../Core/Src/main.c:285:13:MX_I2C4_Init	8	static
../Core/Src/main.c:333:13:MX_TIM1_Init	112	static
../Core/Src/main.c:413:13:MX_TIM2_Init	40	static
../Core/Src/main.c:458:13:MX_TIM5_Init	40	static
../Core/Src/main.c:503:13:MX_USART3_UART_Init	8	static
../Core/Src/main.c:551:13:MX_GPIO_Init	56	static
../Core/Src/main.c:586:6:MPU6050_init	24	static
../Core/Src/main.c:603:6:MPU6050_read_gyro	32	static
../Core/Src/main.c:617:6:HAL_TIM_PeriodElapsedCallback	16	static
../Core/Src/main.c:664:6:changeCycle	48	static
../Core/Src/main.c:753:6:Error_Handler	4	static,ignoring_inline_asm
