../Core/Src/main.c:119:5:main	24	static
../Core/Src/main.c:252:6:SystemClock_Config	120	static
../Core/Src/main.c:311:13:MX_I2C4_Init	8	static
../Core/Src/main.c:359:13:MX_TIM2_Init	40	static
../Core/Src/main.c:404:13:MX_TIM5_Init	40	static
../Core/Src/main.c:449:13:MX_USART3_UART_Init	8	static
../Core/Src/main.c:497:13:MX_GPIO_Init	56	static
../Core/Src/main.c:540:6:MPU6050_init	32	static
../Core/Src/main.c:551:6:MPU6050_read_temp	32	static
../Core/Src/main.c:561:6:HAL_TIM_PeriodElapsedCallback	24	static
../Core/Src/main.c:592:6:swapped	24	static
../Core/Src/main.c:598:6:selectionSort	32	static
../Core/Src/main.c:612:6:bubbleSort	24	static
../Core/Src/main.c:622:5:sequentialSearch	32	static
../Core/Src/main.c:632:5:binarySearch	40	static
../Core/Src/main.c:654:6:algorithms	24	static
../Core/Src/main.c:716:6:displayLoop	8	static
../Core/Src/main.c:736:6:Error_Handler	4	static,ignoring_inline_asm
