../Core/Src/main.c:118:5:main	24	static
../Core/Src/main.c:251:6:SystemClock_Config	120	static
../Core/Src/main.c:310:13:MX_I2C4_Init	8	static
../Core/Src/main.c:358:13:MX_TIM1_Init	40	static
../Core/Src/main.c:405:13:MX_TIM2_Init	40	static
../Core/Src/main.c:450:13:MX_USART3_UART_Init	8	static
../Core/Src/main.c:498:13:MX_GPIO_Init	56	static
../Core/Src/main.c:541:6:MPU6050_init	32	static
../Core/Src/main.c:552:6:MPU6050_read_temp	32	static
../Core/Src/main.c:562:6:HAL_TIM_PeriodElapsedCallback	24	static
../Core/Src/main.c:592:6:swapped	24	static
../Core/Src/main.c:598:6:selectionSort	32	static
../Core/Src/main.c:612:6:bubbleSort	24	static
../Core/Src/main.c:622:5:sequentialSearch	32	static
../Core/Src/main.c:632:5:binarySearch	40	static
../Core/Src/main.c:654:6:algorithms	24	static
../Core/Src/main.c:708:6:displayLoop	8	static
../Core/Src/main.c:728:6:Error_Handler	4	static,ignoring_inline_asm
