../Core/Src/main.c:98:5:main	16	static
../Core/Src/main.c:196:6:SystemClock_Config	120	static
../Core/Src/main.c:255:13:MX_I2C4_Init	8	static
../Core/Src/main.c:303:13:MX_TIM1_Init	112	static
../Core/Src/main.c:383:13:MX_TIM2_Init	40	static
../Core/Src/main.c:428:13:MX_TIM5_Init	40	static
../Core/Src/main.c:473:13:MX_USART3_UART_Init	8	static
../Core/Src/main.c:521:13:MX_GPIO_Init	56	static
../Core/Src/main.c:558:6:HAL_TIM_PeriodElapsedCallback	16	static
../Core/Src/main.c:583:6:print_Readings	8	static
../Core/Src/main.c:595:6:Error_Handler	4	static,ignoring_inline_asm
