../Core/Src/main.c:122:5:main	16	static
../Core/Src/main.c:226:6:SystemClock_Config	120	static
../Core/Src/main.c:285:13:MX_FDCAN1_Init	8	static
../Core/Src/main.c:395:13:MX_I2C4_Init	8	static
../Core/Src/main.c:443:13:MX_TIM1_Init	112	static
../Core/Src/main.c:523:13:MX_TIM2_Init	40	static
../Core/Src/main.c:568:13:MX_TIM3_Init	40	static
../Core/Src/main.c:613:13:MX_TIM4_Init	64	static
../Core/Src/main.c:672:13:MX_TIM5_Init	40	static
../Core/Src/main.c:717:13:MX_USART3_UART_Init	8	static
../Core/Src/main.c:765:13:MX_GPIO_Init	56	static
../Core/Src/main.c:797:6:HAL_FDCAN_RxFifo0Callback	16	static
../Core/Src/main.c:824:6:HAL_TIM_PeriodElapsedCallback	16	static
../Core/Src/main.c:875:6:print_Readings	4	static
../Core/Src/main.c:887:6:Error_Handler	4	static,ignoring_inline_asm
