../Core/Src/main.c:119:5:main	24	static
../Core/Src/main.c:259:6:SystemClock_Config	120	static
../Core/Src/main.c:318:13:MX_I2C4_Init	8	static
../Core/Src/main.c:366:13:MX_TIM1_Init	112	static
../Core/Src/main.c:446:13:MX_TIM2_Init	40	static
../Core/Src/main.c:491:13:MX_TIM5_Init	40	static
../Core/Src/main.c:536:13:MX_USART3_UART_Init	8	static
../Core/Src/main.c:584:13:MX_GPIO_Init	56	static
../Core/Src/main.c:629:6:MPU6050_init	24	static
../Core/Src/main.c:645:6:MPU6050_read_gyro	32	static
../Core/Src/main.c:662:6:HAL_TIM_PeriodElapsedCallback	16	static
../Core/Src/main.c:681:6:printUART_int	16	static
../Core/Src/main.c:688:6:printUART_array	24	static
../Core/Src/main.c:695:6:printUART_arrayCplx	32	static
../Core/Src/main.c:708:6:Error_Handler	4	static,ignoring_inline_asm
