Archive member included to satisfy reference by file (symbol)

c:/st/stm32cubeide_1.10.1/stm32cubeide/plugins/com.st.stm32cube.ide.mcu.externaltools.gnu-tools-for-stm32.10.3-2021.10.win32_1.0.0.202111181127/tools/bin/../lib/gcc/arm-none-eabi/10.3.1/../../../../arm-none-eabi/lib/thumb/v7e-m+dp/hard\libc_nano.a(lib_a-errno.o)
                              ./Core/Src/syscalls.o (__errno)
c:/st/stm32cubeide_1.10.1/stm32cubeide/plugins/com.st.stm32cube.ide.mcu.externaltools.gnu-tools-for-stm32.10.3-2021.10.win32_1.0.0.202111181127/tools/bin/../lib/gcc/arm-none-eabi/10.3.1/../../../../arm-none-eabi/lib/thumb/v7e-m+dp/hard\libc_nano.a(lib_a-exit.o)
                              c:/st/stm32cubeide_1.10.1/stm32cubeide/plugins/com.st.stm32cube.ide.mcu.externaltools.gnu-tools-for-stm32.10.3-2021.10.win32_1.0.0.202111181127/tools/bin/../lib/gcc/arm-none-eabi/10.3.1/../../../../arm-none-eabi/lib/thumb/v7e-m+dp/hard/crt0.o (exit)
c:/st/stm32cubeide_1.10.1/stm32cubeide/plugins/com.st.stm32cube.ide.mcu.externaltools.gnu-tools-for-stm32.10.3-2021.10.win32_1.0.0.202111181127/tools/bin/../lib/gcc/arm-none-eabi/10.3.1/../../../../arm-none-eabi/lib/thumb/v7e-m+dp/hard\libc_nano.a(lib_a-impure.o)
                              c:/st/stm32cubeide_1.10.1/stm32cubeide/plugins/com.st.stm32cube.ide.mcu.externaltools.gnu-tools-for-stm32.10.3-2021.10.win32_1.0.0.202111181127/tools/bin/../lib/gcc/arm-none-eabi/10.3.1/../../../../arm-none-eabi/lib/thumb/v7e-m+dp/hard\libc_nano.a(lib_a-exit.o) (_global_impure_ptr)
c:/st/stm32cubeide_1.10.1/stm32cubeide/plugins/com.st.stm32cube.ide.mcu.externaltools.gnu-tools-for-stm32.10.3-2021.10.win32_1.0.0.202111181127/tools/bin/../lib/gcc/arm-none-eabi/10.3.1/../../../../arm-none-eabi/lib/thumb/v7e-m+dp/hard\libc_nano.a(lib_a-init.o)
                              c:/st/stm32cubeide_1.10.1/stm32cubeide/plugins/com.st.stm32cube.ide.mcu.externaltools.gnu-tools-for-stm32.10.3-2021.10.win32_1.0.0.202111181127/tools/bin/../lib/gcc/arm-none-eabi/10.3.1/../../../../arm-none-eabi/lib/thumb/v7e-m+dp/hard/crt0.o (__libc_init_array)
c:/st/stm32cubeide_1.10.1/stm32cubeide/plugins/com.st.stm32cube.ide.mcu.externaltools.gnu-tools-for-stm32.10.3-2021.10.win32_1.0.0.202111181127/tools/bin/../lib/gcc/arm-none-eabi/10.3.1/../../../../arm-none-eabi/lib/thumb/v7e-m+dp/hard\libc_nano.a(lib_a-memset.o)
                              c:/st/stm32cubeide_1.10.1/stm32cubeide/plugins/com.st.stm32cube.ide.mcu.externaltools.gnu-tools-for-stm32.10.3-2021.10.win32_1.0.0.202111181127/tools/bin/../lib/gcc/arm-none-eabi/10.3.1/../../../../arm-none-eabi/lib/thumb/v7e-m+dp/hard/crt0.o (memset)
c:/st/stm32cubeide_1.10.1/stm32cubeide/plugins/com.st.stm32cube.ide.mcu.externaltools.gnu-tools-for-stm32.10.3-2021.10.win32_1.0.0.202111181127/tools/bin/../lib/gcc/arm-none-eabi/10.3.1/../../../../arm-none-eabi/lib/thumb/v7e-m+dp/hard\libc_nano.a(lib_a-sprintf.o)
                              ./Core/Src/main.o (sprintf)
c:/st/stm32cubeide_1.10.1/stm32cubeide/plugins/com.st.stm32cube.ide.mcu.externaltools.gnu-tools-for-stm32.10.3-2021.10.win32_1.0.0.202111181127/tools/bin/../lib/gcc/arm-none-eabi/10.3.1/../../../../arm-none-eabi/lib/thumb/v7e-m+dp/hard\libc_nano.a(lib_a-nano-svfprintf.o)
                              c:/st/stm32cubeide_1.10.1/stm32cubeide/plugins/com.st.stm32cube.ide.mcu.externaltools.gnu-tools-for-stm32.10.3-2021.10.win32_1.0.0.202111181127/tools/bin/../lib/gcc/arm-none-eabi/10.3.1/../../../../arm-none-eabi/lib/thumb/v7e-m+dp/hard\libc_nano.a(lib_a-sprintf.o) (_svfprintf_r)
c:/st/stm32cubeide_1.10.1/stm32cubeide/plugins/com.st.stm32cube.ide.mcu.externaltools.gnu-tools-for-stm32.10.3-2021.10.win32_1.0.0.202111181127/tools/bin/../lib/gcc/arm-none-eabi/10.3.1/../../../../arm-none-eabi/lib/thumb/v7e-m+dp/hard\libc_nano.a(lib_a-nano-vfprintf_i.o)
                              c:/st/stm32cubeide_1.10.1/stm32cubeide/plugins/com.st.stm32cube.ide.mcu.externaltools.gnu-tools-for-stm32.10.3-2021.10.win32_1.0.0.202111181127/tools/bin/../lib/gcc/arm-none-eabi/10.3.1/../../../../arm-none-eabi/lib/thumb/v7e-m+dp/hard\libc_nano.a(lib_a-nano-svfprintf.o) (_printf_i)
c:/st/stm32cubeide_1.10.1/stm32cubeide/plugins/com.st.stm32cube.ide.mcu.externaltools.gnu-tools-for-stm32.10.3-2021.10.win32_1.0.0.202111181127/tools/bin/../lib/gcc/arm-none-eabi/10.3.1/../../../../arm-none-eabi/lib/thumb/v7e-m+dp/hard\libc_nano.a(lib_a-memchr.o)
                              c:/st/stm32cubeide_1.10.1/stm32cubeide/plugins/com.st.stm32cube.ide.mcu.externaltools.gnu-tools-for-stm32.10.3-2021.10.win32_1.0.0.202111181127/tools/bin/../lib/gcc/arm-none-eabi/10.3.1/../../../../arm-none-eabi/lib/thumb/v7e-m+dp/hard\libc_nano.a(lib_a-nano-svfprintf.o) (memchr)
c:/st/stm32cubeide_1.10.1/stm32cubeide/plugins/com.st.stm32cube.ide.mcu.externaltools.gnu-tools-for-stm32.10.3-2021.10.win32_1.0.0.202111181127/tools/bin/../lib/gcc/arm-none-eabi/10.3.1/../../../../arm-none-eabi/lib/thumb/v7e-m+dp/hard\libc_nano.a(lib_a-memcpy-stub.o)
[...]
Memory Configuration

Name             Origin             Length             Attributes
RAM_D1           0x0000000024000000 0x0000000000080000 xrw
FLASH            0x0000000008000000 0x0000000000100000 xr
DTCMRAM          0x0000000020000000 0x0000000000020000 xrw
RAM_D2           0x0000000030000000 0x0000000000048000 xrw
RAM_D3           0x0000000038000000 0x0000000000010000 xrw
ITCMRAM          0x0000000000000000 0x0000000000010000 xrw
*default*        0x0000000000000000 0xffffffffffffffff

Linker script and memory map

LOAD c:/st/stm32cubeide_1.10.1/stm32cubeide/plugins/com.st.stm32cube.ide.mcu.externaltools.gnu-tools-for-stm32.10.3-2021.10.win32_1.0.0.202111181127/tools/bin/../lib/gcc/arm-none-eabi/10.3.1/thumb/v7e-m+dp/hard/crti.o
LOAD c:/st/stm32cubeide_1.10.1/stm32cubeide/plugins/com.st.stm32cube.ide.mcu.externaltools.gnu-tools-for-stm32.10.3-2021.10.win32_1.0.0.202111181127/tools/bin/../lib/gcc/arm-none-eabi/10.3.1/thumb/v7e-m+dp/hard/crtbegin.o
LOAD c:/st/stm32cubeide_1.10.1/stm32cubeide/plugins/com.st.stm32cube.ide.mcu.externaltools.gnu-tools-for-stm32.10.3-2021.10.win32_1.0.0.202111181127/tools/bin/../lib/gcc/arm-none-eabi/10.3.1/../../../../arm-none-eabi/lib/thumb/v7e-m+dp/hard/crt0.o
LOAD ./Common/Src/system_stm32h7xx_dualcore_boot_cm4_cm7.o
LOAD ./Core/Src/main.o
LOAD ./Core/Src/stm32h7xx_hal_msp.o
LOAD ./Core/Src/stm32h7xx_it.o
LOAD ./Core/Src/syscalls.o
LOAD ./Core/Src/sysmem.o
LOAD ./Core/Startup/startup_stm32h745zitx.o
LOAD ./Drivers/STM32H7xx_HAL_Driver/stm32h7xx_hal.o
LOAD ./Drivers/STM32H7xx_HAL_Driver/stm32h7xx_hal_cortex.o
LOAD ./Drivers/STM32H7xx_HAL_Driver/stm32h7xx_hal_dma.o
LOAD ./Drivers/STM32H7xx_HAL_Driver/stm32h7xx_hal_dma_ex.o
LOAD ./Drivers/STM32H7xx_HAL_Driver/stm32h7xx_hal_exti.o
LOAD ./Drivers/STM32H7xx_HAL_Driver/stm32h7xx_hal_flash.o
LOAD ./Drivers/STM32H7xx_HAL_Driver/stm32h7xx_hal_flash_ex.o
LOAD ./Drivers/STM32H7xx_HAL_Driver/stm32h7xx_hal_gpio.o
LOAD ./Drivers/STM32H7xx_HAL_Driver/stm32h7xx_hal_hsem.o
LOAD ./Drivers/STM32H7xx_HAL_Driver/stm32h7xx_hal_i2c.o
LOAD ./Drivers/STM32H7xx_HAL_Driver/stm32h7xx_hal_i2c_ex.o
LOAD ./Drivers/STM32H7xx_HAL_Driver/stm32h7xx_hal_mdma.o
LOAD ./Drivers/STM32H7xx_HAL_Driver/stm32h7xx_hal_pcd.o
LOAD ./Drivers/STM32H7xx_HAL_Driver/stm32h7xx_hal_pcd_ex.o
LOAD ./Drivers/STM32H7xx_HAL_Driver/stm32h7xx_hal_pwr.o
LOAD ./Drivers/STM32H7xx_HAL_Driver/stm32h7xx_hal_pwr_ex.o
LOAD ./Drivers/STM32H7xx_HAL_Driver/stm32h7xx_hal_rcc.o
LOAD ./Drivers/STM32H7xx_HAL_Driver/stm32h7xx_hal_rcc_ex.o
LOAD ./Drivers/STM32H7xx_HAL_Driver/stm32h7xx_hal_tim.o
LOAD ./Drivers/STM32H7xx_HAL_Driver/stm32h7xx_hal_tim_ex.o
LOAD ./Drivers/STM32H7xx_HAL_Driver/stm32h7xx_hal_uart.o
LOAD ./Drivers/STM32H7xx_HAL_Driver/stm32h7xx_hal_uart_ex.o
LOAD ./Drivers/STM32H7xx_HAL_Driver/stm32h7xx_ll_usb.o
START GROUP
LOAD c:/st/stm32cubeide_1.10.1/stm32cubeide/plugins/com.st.stm32cube.ide.mcu.externaltools.gnu-tools-for-stm32.10.3-2021.10.win32_1.0.0.202111181127/tools/bin/../lib/gcc/arm-none-eabi/10.3.1/../../../../arm-none-eabi/lib/thumb/v7e-m+dp/hard\libc_nano.a
LOAD c:/st/stm32cubeide_1.10.1/stm32cubeide/plugins/com.st.stm32cube.ide.mcu.externaltools.gnu-tools-for-stm32.10.3-2021.10.win32_1.0.0.202111181127/tools/bin/../lib/gcc/arm-none-eabi/10.3.1/../../../../arm-none-eabi/lib/thumb/v7e-m+dp/hard\libm.a
END GROUP
START GROUP
LOAD c:/st/stm32cubeide_1.10.1/stm32cubeide/plugins/com.st.stm32cube.ide.mcu.externaltools.gnu-tools-for-stm32.10.3-2021.10.win32_1.0.0.202111181127/tools/bin/../lib/gcc/arm-none-eabi/10.3.1/thumb/v7e-m+dp/hard\libgcc.a
LOAD c:/st/stm32cubeide_1.10.1/stm32cubeide/plugins/com.st.stm32cube.ide.mcu.externaltools.gnu-tools-for-stm32.10.3-2021.10.win32_1.0.0.202111181127/tools/bin/../lib/gcc/arm-none-eabi/10.3.1/../../../../arm-none-eabi/lib/thumb/v7e-m+dp/hard\libc_nano.a
END GROUP
START GROUP
LOAD c:/st/stm32cubeide_1.10.1/stm32cubeide/plugins/com.st.stm32cube.ide.mcu.externaltools.gnu-tools-for-stm32.10.3-2021.10.win32_1.0.0.202111181127/tools/bin/../lib/gcc/arm-none-eabi/10.3.1/thumb/v7e-m+dp/hard\libgcc.a
LOAD c:/st/stm32cubeide_1.10.1/stm32cubeide/plugins/com.st.stm32cube.ide.mcu.externaltools.gnu-tools-for-stm32.10.3-2021.10.win32_1.0.0.202111181127/tools/bin/../lib/gcc/arm-none-eabi/10.3.1/../../../../arm-none-eabi/lib/thumb/v7e-m+dp/hard\libc_nano.a
LOAD c:/st/stm32cubeide_1.10.1/stm32cubeide/plugins/com.st.stm32cube.ide.mcu.externaltools.gnu-tools-for-stm32.10.3-2021.10.win32_1.0.0.202111181127/tools/bin/../lib/gcc/arm-none-eabi/10.3.1/../../../../arm-none-eabi/lib/thumb/v7e-m+dp/hard\libnosys.a
END GROUP
START GROUP
LOAD c:/st/stm32cubeide_1.10.1/stm32cubeide/plugins/com.st.stm32cube.ide.mcu.externaltools.gnu-tools-for-stm32.10.3-2021.10.win32_1.0.0.202111181127/tools/bin/../lib/gcc/arm-none-eabi/10.3.1/thumb/v7e-m+dp/hard\libgcc.a
LOAD c:/st/stm32cubeide_1.10.1/stm32cubeide/plugins/com.st.stm32cube.ide.mcu.externaltools.gnu-tools-for-stm32.10.3-2021.10.win32_1.0.0.202111181127/tools/bin/../lib/gcc/arm-none-eabi/10.3.1/../../../../arm-none-eabi/lib/thumb/v7e-m+dp/hard\libc_nano.a
LOAD c:/st/stm32cubeide_1.10.1/stm32cubeide/plugins/com.st.stm32cube.ide.mcu.externaltools.gnu-tools-for-stm32.10.3-2021.10.win32_1.0.0.202111181127/tools/bin/../lib/gcc/arm-none-eabi/10.3.1/../../../../arm-none-eabi/lib/thumb/v7e-m+dp/hard\libnosys.a
END GROUP
LOAD c:/st/stm32cubeide_1.10.1/stm32cubeide/plugins/com.st.stm32cube.ide.mcu.externaltools.gnu-tools-for-stm32.10.3-2021.10.win32_1.0.0.202111181127/tools/bin/../lib/gcc/arm-none-eabi/10.3.1/thumb/v7e-m+dp/hard/crtend.o
LOAD c:/st/stm32cubeide_1.10.1/stm32cubeide/plugins/com.st.stm32cube.ide.mcu.externaltools.gnu-tools-for-stm32.10.3-2021.10.win32_1.0.0.202111181127/tools/bin/../lib/gcc/arm-none-eabi/10.3.1/thumb/v7e-m+dp/hard/crtn.o
                0x0000000024080000                _estack = (ORIGIN (RAM_D1) + LENGTH (RAM_D1))
                0x0000000000000200                _Min_Heap_Size = 0x200
                0x0000000000000400                _Min_Stack_Size = 0x400

.isr_vector     0x0000000008000000      0x298
                0x0000000008000000                . = ALIGN (0x4)
 *(.isr_vector)
 .isr_vector    0x0000000008000000      0x298 ./Core/Startup/startup_stm32h745zitx.o
                0x0000000008000000                g_pfnVectors
                0x0000000008000298                . = ALIGN (0x4)

.text           0x00000000080002a0     0x6604
                0x00000000080002a0                . = ALIGN (0x4)
 *(.text)
 .text          0x00000000080002a0       0x40 c:/st/stm32cubeide_1.10.1/stm32cubeide/plugins/com.st.stm32cube.ide.mcu.externaltools.gnu-tools-for-stm32.10.3-2021.10.win32_1.0.0.202111181127/tools/bin/../lib/gcc/arm-none-eabi/10.3.1/thumb/v7e-m+dp/hard/crtbegin.o
 .text          0x00000000080002e0       0xa0 c:/st/stm32cubeide_1.10.1/stm32cubeide/plugins/com.st.stm32cube.ide.mcu.externaltools.gnu-tools-for-stm32.10.3-2021.10.win32_1.0.0.202111181127/tools/bin/../lib/gcc/arm-none-eabi/10.3.1/../../../../arm-none-eabi/lib/thumb/v7e-m+dp/hard\libc_nano.a(lib_a-memchr.o)
                0x00000000080002e0                memchr
 .text          0x0000000008000380       0x30 c:/st/stm32cubeide_1.10.1/stm32cubeide/plugins/com.st.stm32cube.ide.mcu.externaltools.gnu-tools-for-stm32.10.3-2021.10.win32_1.0.0.202111181127/tools/bin/../lib/gcc/arm-none-eabi/10.3.1/thumb/v7e-m+dp/hard\libgcc.a(_aeabi_uldivmod.o)
                0x0000000008000380                __aeabi_uldivmod
 .text          0x00000000080003b0      0x2d0 c:/st/stm32cubeide_1.10.1/stm32cubeide/plugins/com.st.stm32cube.ide.mcu.externaltools.gnu-tools-for-stm32.10.3-2021.10.win32_1.0.0.202111181127/tools/bin/../lib/gcc/arm-none-eabi/10.3.1/thumb/v7e-m+dp/hard\libgcc.a(_udivmoddi4.o)
                0x00000000080003b0                __udivmoddi4
 .text          0x0000000008000680        0x4 c:/st/stm32cubeide_1.10.1/stm32cubeide/plugins/com.st.stm32cube.ide.mcu.externaltools.gnu-tools-for-stm32.10.3-2021.10.win32_1.0.0.202111181127/tools/bin/../lib/gcc/arm-none-eabi/10.3.1/thumb/v7e-m+dp/hard\libgcc.a(_dvmd_tls.o)
                0x0000000008000680                __aeabi_idiv0
                0x0000000008000680                __aeabi_ldiv0
 *(.text*)
 .text.SystemInit
                0x0000000008000684      0x12c ./Common/Src/system_stm32h7xx_dualcore_boot_cm4_cm7.o
                0x0000000008000684                SystemInit
 .text.main     0x00000000080007b0      0x120 ./Core/Src/main.o
                0x00000000080007b0                main
 .text.SystemClock_Config
                0x00000000080008d0      0x108 ./Core/Src/main.o
                0x00000000080008d0                SystemClock_Config
 .text.MX_TIM2_Init
                0x00000000080009d8       0x9c ./Core/Src/main.o
 .text.MX_USART3_UART_Init
                0x0000000008000a74       0x98 ./Core/Src/main.o
 .text.MX_USB_OTG_FS_PCD_Init
                0x0000000008000b0c       0x64 ./Core/Src/main.o
 .text.MX_GPIO_Init
                0x0000000008000b70       0x90 ./Core/Src/main.o
 .text.Error_Handler
                0x0000000008000c00        0xa ./Core/Src/main.o
                0x0000000008000c00                Error_Handler
 *fill*         0x0000000008000c0a        0x2 
 .text.HAL_MspInit
                0x0000000008000c0c       0x34 ./Core/Src/stm32h7xx_hal_msp.o
                0x0000000008000c0c                HAL_MspInit
 .text.HAL_TIM_Base_MspInit
                0x0000000008000c40       0x40 ./Core/Src/stm32h7xx_hal_msp.o
                0x0000000008000c40                HAL_TIM_Base_MspInit
 .text.HAL_UART_MspInit
                0x0000000008000c80       0xcc ./Core/Src/stm32h7xx_hal_msp.o
                0x0000000008000c80                HAL_UART_MspInit
 .text.HAL_PCD_MspInit
                0x0000000008000d4c      0x110 ./Core/Src/stm32h7xx_hal_msp.o
                0x0000000008000d4c                HAL_PCD_MspInit
 .text.NMI_Handler
                0x0000000008000e5c        0x6 ./Core/Src/stm32h7xx_it.o
                0x0000000008000e5c                NMI_Handler
 .text.HardFault_Handler
                0x0000000008000e62        0x6 ./Core/Src/stm32h7xx_it.o
                0x0000000008000e62                HardFault_Handler
 .text.MemManage_Handler
                0x0000000008000e68        0x6 ./Core/Src/stm32h7xx_it.o
                0x0000000008000e68                MemManage_Handler
 .text.BusFault_Handler
                0x0000000008000e6e        0x6 ./Core/Src/stm32h7xx_it.o
                0x0000000008000e6e                BusFault_Handler
 .text.UsageFault_Handler
                0x0000000008000e74        0x6 ./Core/Src/stm32h7xx_it.o
                0x0000000008000e74                UsageFault_Handler
 .text.SVC_Handler
                0x0000000008000e7a        0xe ./Core/Src/stm32h7xx_it.o
                0x0000000008000e7a                SVC_Handler
 .text.DebugMon_Handler
                0x0000000008000e88        0xe ./Core/Src/stm32h7xx_it.o
                0x0000000008000e88                DebugMon_Handler
 .text.PendSV_Handler
                0x0000000008000e96        0xe ./Core/Src/stm32h7xx_it.o
                0x0000000008000e96                PendSV_Handler
 .text.SysTick_Handler
                0x0000000008000ea4        0xc ./Core/Src/stm32h7xx_it.o
                0x0000000008000ea4                SysTick_Handler
 .text._sbrk    0x0000000008000eb0       0x6c ./Core/Src/sysmem.o
                0x0000000008000eb0                _sbrk
 .text.Reset_Handler
                0x0000000008000f1c       0x50 ./Core/Startup/startup_stm32h745zitx.o
                0x0000000008000f1c                Reset_Handler
 .text.Default_Handler
                0x0000000008000f6c        0x2 ./Core/Startup/startup_stm32h745zitx.o
                0x0000000008000f6c                RTC_Alarm_IRQHandler
                0x0000000008000f6c                EXTI2_IRQHandler
                0x0000000008000f6c                TIM8_CC_IRQHandler
                0x0000000008000f6c                HRTIM1_Master_IRQHandler
                0x0000000008000f6c                UART8_IRQHandler
                0x0000000008000f6c                SPI4_IRQHandler
                0x0000000008000f6c                TIM1_CC_IRQHandler
                0x0000000008000f6c                BDMA_Channel6_IRQHandler
                0x0000000008000f6c                DMA2_Stream5_IRQHandler
                0x0000000008000f6c                HRTIM1_FLT_IRQHandler
                0x0000000008000f6c                JPEG_IRQHandler
                0x0000000008000f6c                DMA1_Stream5_IRQHandler
                0x0000000008000f6c                BDMA_Channel1_IRQHandler
                0x0000000008000f6c                HRTIM1_TIMD_IRQHandler
                0x0000000008000f6c                TAMP_STAMP_IRQHandler
                0x0000000008000f6c                EXTI3_IRQHandler
                0x0000000008000f6c                LPTIM4_IRQHandler
                0x0000000008000f6c                TIM8_TRG_COM_TIM14_IRQHandler
                0x0000000008000f6c                LPTIM2_IRQHandler
                0x0000000008000f6c                DFSDM1_FLT1_IRQHandler
                0x0000000008000f6c                DMAMUX2_OVR_IRQHandler
                0x0000000008000f6c                TIM8_UP_TIM13_IRQHandler
                0x0000000008000f6c                I2C3_ER_IRQHandler
                0x0000000008000f6c                DFSDM1_FLT2_IRQHandler
                0x0000000008000f6c                MDMA_IRQHandler
                0x0000000008000f6c                LPTIM3_IRQHandler
                0x0000000008000f6c                HSEM1_IRQHandler
                0x0000000008000f6c                EXTI0_IRQHandler
                0x0000000008000f6c                I2C2_EV_IRQHandler
                0x0000000008000f6c                DMA1_Stream2_IRQHandler
                0x0000000008000f6c                FPU_IRQHandler
                0x0000000008000f6c                OTG_HS_WKUP_IRQHandler
                0x0000000008000f6c                FDCAN1_IT1_IRQHandler
                0x0000000008000f6c                LTDC_ER_IRQHandler
                0x0000000008000f6c                DMA2_Stream2_IRQHandler
                0x0000000008000f6c                HRTIM1_TIME_IRQHandler
                0x0000000008000f6c                SPI1_IRQHandler
                0x0000000008000f6c                TIM6_DAC_IRQHandler
                0x0000000008000f6c                DCMI_IRQHandler
                0x0000000008000f6c                HRTIM1_TIMC_IRQHandler
                0x0000000008000f6c                DMA2_Stream3_IRQHandler
                0x0000000008000f6c                SAI2_IRQHandler
                0x0000000008000f6c                DFSDM1_FLT3_IRQHandler
                0x0000000008000f6c                USART6_IRQHandler
                0x0000000008000f6c                TIM17_IRQHandler
                0x0000000008000f6c                USART3_IRQHandler
                0x0000000008000f6c                BDMA_Channel7_IRQHandler
                0x0000000008000f6c                LPTIM5_IRQHandler
                0x0000000008000f6c                UART5_IRQHandler
                0x0000000008000f6c                ADC3_IRQHandler
                0x0000000008000f6c                DMA2_Stream0_IRQHandler
                0x0000000008000f6c                TIM4_IRQHandler
                0x0000000008000f6c                BDMA_Channel2_IRQHandler
                0x0000000008000f6c                QUADSPI_IRQHandler
                0x0000000008000f6c                I2C1_EV_IRQHandler
                0x0000000008000f6c                DMA1_Stream6_IRQHandler
                0x0000000008000f6c                DMAMUX1_OVR_IRQHandler
                0x0000000008000f6c                DMA1_Stream1_IRQHandler
                0x0000000008000f6c                TIM16_IRQHandler
                0x0000000008000f6c                UART4_IRQHandler
                0x0000000008000f6c                BDMA_Channel5_IRQHandler
                0x0000000008000f6c                TIM3_IRQHandler
                0x0000000008000f6c                RCC_IRQHandler
                0x0000000008000f6c                TIM8_BRK_TIM12_IRQHandler
                0x0000000008000f6c                TIM1_TRG_COM_IRQHandler
                0x0000000008000f6c                Default_Handler
                0x0000000008000f6c                ECC_IRQHandler
                0x0000000008000f6c                CEC_IRQHandler
                0x0000000008000f6c                EXTI15_10_IRQHandler
                0x0000000008000f6c                BDMA_Channel0_IRQHandler
                0x0000000008000f6c                ADC_IRQHandler
                0x0000000008000f6c                DMA1_Stream7_IRQHandler
                0x0000000008000f6c                HRTIM1_TIMA_IRQHandler
                0x0000000008000f6c                SPI5_IRQHandler
                0x0000000008000f6c                TIM7_IRQHandler
                0x0000000008000f6c                SDMMC1_IRQHandler
                0x0000000008000f6c                TIM5_IRQHandler
                0x0000000008000f6c                DMA2_Stream7_IRQHandler
                0x0000000008000f6c                TIM15_IRQHandler
                0x0000000008000f6c                PVD_AVD_IRQHandler
                0x0000000008000f6c                I2C3_EV_IRQHandler
                0x0000000008000f6c                EXTI9_5_IRQHandler
                0x0000000008000f6c                RTC_WKUP_IRQHandler
                0x0000000008000f6c                LTDC_IRQHandler
                0x0000000008000f6c                SAI3_IRQHandler
                0x0000000008000f6c                ETH_WKUP_IRQHandler
                0x0000000008000f6c                SPDIF_RX_IRQHandler
                0x0000000008000f6c                SPI2_IRQHandler
                0x0000000008000f6c                OTG_HS_EP1_IN_IRQHandler
                0x0000000008000f6c                DMA1_Stream0_IRQHandler
                0x0000000008000f6c                CRS_IRQHandler
                0x0000000008000f6c                CM7_SEV_IRQHandler
                0x0000000008000f6c                EXTI4_IRQHandler
                0x0000000008000f6c                RNG_IRQHandler
                0x0000000008000f6c                CM4_SEV_IRQHandler
                0x0000000008000f6c                HRTIM1_TIMB_IRQHandler
                0x0000000008000f6c                FDCAN2_IT1_IRQHandler
                0x0000000008000f6c                ETH_IRQHandler
                0x0000000008000f6c                TIM1_UP_IRQHandler
                0x0000000008000f6c                WWDG_RST_IRQHandler
                0x0000000008000f6c                BDMA_Channel4_IRQHandler
                0x0000000008000f6c                OTG_HS_EP1_OUT_IRQHandler
                0x0000000008000f6c                WWDG_IRQHandler
                0x0000000008000f6c                SPI6_IRQHandler
                0x0000000008000f6c                MDIOS_IRQHandler
                0x0000000008000f6c                I2C4_EV_IRQHandler
                0x0000000008000f6c                FDCAN2_IT0_IRQHandler
                0x0000000008000f6c                LPUART1_IRQHandler
                0x0000000008000f6c                FDCAN1_IT0_IRQHandler
                0x0000000008000f6c                TIM2_IRQHandler
                0x0000000008000f6c                OTG_FS_WKUP_IRQHandler
                0x0000000008000f6c                OTG_HS_IRQHandler
                0x0000000008000f6c                HSEM2_IRQHandler
                0x0000000008000f6c                DMA2D_IRQHandler
                0x0000000008000f6c                TIM1_BRK_IRQHandler
                0x0000000008000f6c                EXTI1_IRQHandler
                0x0000000008000f6c                SDMMC2_IRQHandler
                0x0000000008000f6c                OTG_FS_EP1_OUT_IRQHandler
                0x0000000008000f6c                BDMA_Channel3_IRQHandler
                0x0000000008000f6c                HOLD_CORE_IRQHandler
                0x0000000008000f6c                UART7_IRQHandler
                0x0000000008000f6c                MDIOS_WKUP_IRQHandler
                0x0000000008000f6c                USART2_IRQHandler
                0x0000000008000f6c                DFSDM1_FLT0_IRQHandler
                0x0000000008000f6c                SAI4_IRQHandler
                0x0000000008000f6c                I2C2_ER_IRQHandler
                0x0000000008000f6c                DMA2_Stream1_IRQHandler
                0x0000000008000f6c                FLASH_IRQHandler
                0x0000000008000f6c                DMA2_Stream4_IRQHandler
                0x0000000008000f6c                USART1_IRQHandler
                0x0000000008000f6c                OTG_FS_IRQHandler
                0x0000000008000f6c                SPI3_IRQHandler
                0x0000000008000f6c                WAKEUP_PIN_IRQHandler
                0x0000000008000f6c                DMA1_Stream4_IRQHandler
                0x0000000008000f6c                OTG_FS_EP1_IN_IRQHandler
                0x0000000008000f6c                I2C1_ER_IRQHandler
                0x0000000008000f6c                FMC_IRQHandler
                0x0000000008000f6c                FDCAN_CAL_IRQHandler
                0x0000000008000f6c                SWPMI1_IRQHandler
                0x0000000008000f6c                COMP1_IRQHandler
                0x0000000008000f6c                LPTIM1_IRQHandler
                0x0000000008000f6c                I2C4_ER_IRQHandler
                0x0000000008000f6c                DMA2_Stream6_IRQHandler
                0x0000000008000f6c                SAI1_IRQHandler
                0x0000000008000f6c                DMA1_Stream3_IRQHandler
 *fill*         0x0000000008000f6e        0x2 
 .text.HAL_Init
                0x0000000008000f70       0x78 ./Drivers/STM32H7xx_HAL_Driver/stm32h7xx_hal.o
                0x0000000008000f70                HAL_Init
 .text.HAL_InitTick
                0x0000000008000fe8       0x6c ./Drivers/STM32H7xx_HAL_Driver/stm32h7xx_hal.o
                0x0000000008000fe8                HAL_InitTick
 .text.HAL_IncTick
                0x0000000008001054       0x28 ./Drivers/STM32H7xx_HAL_Driver/stm32h7xx_hal.o
                0x0000000008001054                HAL_IncTick
 .text.HAL_GetTick
                0x000000000800107c       0x18 ./Drivers/STM32H7xx_HAL_Driver/stm32h7xx_hal.o
                0x000000000800107c                HAL_GetTick
 .text.HAL_Delay
                0x0000000008001094       0x48 ./Drivers/STM32H7xx_HAL_Driver/stm32h7xx_hal.o
                0x0000000008001094                HAL_Delay
 .text.HAL_GetREVID
                0x00000000080010dc       0x18 ./Drivers/STM32H7xx_HAL_Driver/stm32h7xx_hal.o
                0x00000000080010dc                HAL_GetREVID
 .text.__NVIC_SetPriorityGrouping
                0x00000000080010f4       0x48 ./Drivers/STM32H7xx_HAL_Driver/stm32h7xx_hal_cortex.o
 .text.__NVIC_GetPriorityGrouping
                0x000000000800113c       0x1c ./Drivers/STM32H7xx_HAL_Driver/stm32h7xx_hal_cortex.o
 .text.__NVIC_SetPriority
                0x0000000008001158       0x54 ./Drivers/STM32H7xx_HAL_Driver/stm32h7xx_hal_cortex.o
 .text.NVIC_EncodePriority
                0x00000000080011ac       0x66 ./Drivers/STM32H7xx_HAL_Driver/stm32h7xx_hal_cortex.o
 *fill*         0x0000000008001212        0x2 
 .text.SysTick_Config
                0x0000000008001214       0x44 ./Drivers/STM32H7xx_HAL_Driver/stm32h7xx_hal_cortex.o
 .text.HAL_NVIC_SetPriorityGrouping
                0x0000000008001258       0x16 ./Drivers/STM32H7xx_HAL_Driver/stm32h7xx_hal_cortex.o
                0x0000000008001258                HAL_NVIC_SetPriorityGrouping
 .text.HAL_NVIC_SetPriority
                0x000000000800126e       0x34 ./Drivers/STM32H7xx_HAL_Driver/stm32h7xx_hal_cortex.o
                0x000000000800126e                HAL_NVIC_SetPriority
 .text.HAL_SYSTICK_Config
                0x00000000080012a2       0x18 ./Drivers/STM32H7xx_HAL_Driver/stm32h7xx_hal_cortex.o
                0x00000000080012a2                HAL_SYSTICK_Config
 *fill*         0x00000000080012ba        0x2 
 .text.HAL_GPIO_Init
                0x00000000080012bc      0x360 ./Drivers/STM32H7xx_HAL_Driver/stm32h7xx_hal_gpio.o
                0x00000000080012bc                HAL_GPIO_Init
 .text.HAL_HSEM_FastTake
                0x000000000800161c       0x34 ./Drivers/STM32H7xx_HAL_Driver/stm32h7xx_hal_hsem.o
                0x000000000800161c                HAL_HSEM_FastTake
 .text.HAL_HSEM_Release
                0x0000000008001650       0x28 ./Drivers/STM32H7xx_HAL_Driver/stm32h7xx_hal_hsem.o
                0x0000000008001650                HAL_HSEM_Release
 .text.HAL_PCD_Init
                0x0000000008001678      0x248 ./Drivers/STM32H7xx_HAL_Driver/stm32h7xx_hal_pcd.o
                0x0000000008001678                HAL_PCD_Init
 .text.HAL_PCDEx_ActivateLPM
                0x00000000080018c0       0x48 ./Drivers/STM32H7xx_HAL_Driver/stm32h7xx_hal_pcd_ex.o
                0x00000000080018c0                HAL_PCDEx_ActivateLPM
 .text.HAL_PWREx_ConfigSupply
                0x0000000008001908       0xb4 ./Drivers/STM32H7xx_HAL_Driver/stm32h7xx_hal_pwr_ex.o
                0x0000000008001908                HAL_PWREx_ConfigSupply
 .text.HAL_PWREx_EnableUSBVoltageDetector
                0x00000000080019bc       0x20 ./Drivers/STM32H7xx_HAL_Driver/stm32h7xx_hal_pwr_ex.o
                0x00000000080019bc                HAL_PWREx_EnableUSBVoltageDetector
 .text.HAL_RCC_OscConfig
                0x00000000080019dc      0x85c ./Drivers/STM32H7xx_HAL_Driver/stm32h7xx_hal_rcc.o
                0x00000000080019dc                HAL_RCC_OscConfig
 .text.HAL_RCC_ClockConfig
                0x0000000008002238      0x36c ./Drivers/STM32H7xx_HAL_Driver/stm32h7xx_hal_rcc.o
                0x0000000008002238                HAL_RCC_ClockConfig
 .text.HAL_RCC_GetSysClockFreq
                0x00000000080025a4      0x2f4 ./Drivers/STM32H7xx_HAL_Driver/stm32h7xx_hal_rcc.o
                0x00000000080025a4                HAL_RCC_GetSysClockFreq
 .text.HAL_RCC_GetHCLKFreq
                0x0000000008002898       0x60 ./Drivers/STM32H7xx_HAL_Driver/stm32h7xx_hal_rcc.o
                0x0000000008002898                HAL_RCC_GetHCLKFreq
 .text.HAL_RCC_GetPCLK1Freq
                0x00000000080028f8       0x2c ./Drivers/STM32H7xx_HAL_Driver/stm32h7xx_hal_rcc.o
                0x00000000080028f8                HAL_RCC_GetPCLK1Freq
 .text.HAL_RCC_GetPCLK2Freq
                0x0000000008002924       0x2c ./Drivers/STM32H7xx_HAL_Driver/stm32h7xx_hal_rcc.o
                0x0000000008002924                HAL_RCC_GetPCLK2Freq
 .text.HAL_RCCEx_PeriphCLKConfig
                0x0000000008002950      0xe8c ./Drivers/STM32H7xx_HAL_Driver/stm32h7xx_hal_rcc_ex.o
                0x0000000008002950                HAL_RCCEx_PeriphCLKConfig
 .text.HAL_RCCEx_GetD3PCLK1Freq
                0x00000000080037dc       0x2c ./Drivers/STM32H7xx_HAL_Driver/stm32h7xx_hal_rcc_ex.o
                0x00000000080037dc                HAL_RCCEx_GetD3PCLK1Freq
 .text.HAL_RCCEx_GetPLL2ClockFreq
                0x0000000008003808      0x2a8 ./Drivers/STM32H7xx_HAL_Driver/stm32h7xx_hal_rcc_ex.o
                0x0000000008003808                HAL_RCCEx_GetPLL2ClockFreq
 .text.HAL_RCCEx_GetPLL3ClockFreq
                0x0000000008003ab0      0x2a8 ./Drivers/STM32H7xx_HAL_Driver/stm32h7xx_hal_rcc_ex.o
                0x0000000008003ab0                HAL_RCCEx_GetPLL3ClockFreq
 .text.RCCEx_PLL2_Config
                0x0000000008003d58      0x164 ./Drivers/STM32H7xx_HAL_Driver/stm32h7xx_hal_rcc_ex.o
 .text.RCCEx_PLL3_Config
                0x0000000008003ebc      0x164 ./Drivers/STM32H7xx_HAL_Driver/stm32h7xx_hal_rcc_ex.o
 .text.HAL_TIM_Base_Init
                0x0000000008004020       0xae ./Drivers/STM32H7xx_HAL_Driver/stm32h7xx_hal_tim.o
                0x0000000008004020                HAL_TIM_Base_Init
 *fill*         0x00000000080040ce        0x2 
 .text.HAL_TIM_Base_Start
                0x00000000080040d0       0xe0 ./Drivers/STM32H7xx_HAL_Driver/stm32h7xx_hal_tim.o
                0x00000000080040d0                HAL_TIM_Base_Start
 .text.HAL_TIM_ConfigClockSource
                0x00000000080041b0      0x1f0 ./Drivers/STM32H7xx_HAL_Driver/stm32h7xx_hal_tim.o
                0x00000000080041b0                HAL_TIM_ConfigClockSource
 .text.TIM_Base_SetConfig
                0x00000000080043a0      0x134 ./Drivers/STM32H7xx_HAL_Driver/stm32h7xx_hal_tim.o
                0x00000000080043a0                TIM_Base_SetConfig
 .text.TIM_TI1_ConfigInputStage
                0x00000000080044d4       0x5e ./Drivers/STM32H7xx_HAL_Driver/stm32h7xx_hal_tim.o
 .text.TIM_TI2_ConfigInputStage
                0x0000000008004532       0x60 ./Drivers/STM32H7xx_HAL_Driver/stm32h7xx_hal_tim.o
 *fill*         0x0000000008004592        0x2 
 .text.TIM_ITRx_SetConfig
                0x0000000008004594       0x3c ./Drivers/STM32H7xx_HAL_Driver/stm32h7xx_hal_tim.o
 .text.TIM_ETR_SetConfig
                0x00000000080045d0       0x40 ./Drivers/STM32H7xx_HAL_Driver/stm32h7xx_hal_tim.o
                0x00000000080045d0                TIM_ETR_SetConfig
 .text.HAL_TIMEx_MasterConfigSynchronization
                0x0000000008004610      0x11c ./Drivers/STM32H7xx_HAL_Driver/stm32h7xx_hal_tim_ex.o
                0x0000000008004610                HAL_TIMEx_MasterConfigSynchronization
 .text.HAL_UART_Init
                0x000000000800472c       0xa0 ./Drivers/STM32H7xx_HAL_Driver/stm32h7xx_hal_uart.o
                0x000000000800472c                HAL_UART_Init
 .text.HAL_UART_Transmit
                0x00000000080047cc      0x12c ./Drivers/STM32H7xx_HAL_Driver/stm32h7xx_hal_uart.o
                0x00000000080047cc                HAL_UART_Transmit
 .text.UART_SetConfig
                0x00000000080048f8      0xad0 ./Drivers/STM32H7xx_HAL_Driver/stm32h7xx_hal_uart.o
                0x00000000080048f8                UART_SetConfig
 .text.UART_AdvFeatureConfig
                0x00000000080053c8      0x144 ./Drivers/STM32H7xx_HAL_Driver/stm32h7xx_hal_uart.o
                0x00000000080053c8                UART_AdvFeatureConfig
 .text.UART_CheckIdleState
                0x000000000800550c       0x96 ./Drivers/STM32H7xx_HAL_Driver/stm32h7xx_hal_uart.o
                0x000000000800550c                UART_CheckIdleState
 .text.UART_WaitOnFlagUntilTimeout
                0x00000000080055a2      0x190 ./Drivers/STM32H7xx_HAL_Driver/stm32h7xx_hal_uart.o
                0x00000000080055a2                UART_WaitOnFlagUntilTimeout
 .text.HAL_UARTEx_DisableFifoMode
                0x0000000008005732       0x72 ./Drivers/STM32H7xx_HAL_Driver/stm32h7xx_hal_uart_ex.o
                0x0000000008005732                HAL_UARTEx_DisableFifoMode
 .text.HAL_UARTEx_SetTxFifoThreshold
                0x00000000080057a4       0x7c ./Drivers/STM32H7xx_HAL_Driver/stm32h7xx_hal_uart_ex.o
                0x00000000080057a4                HAL_UARTEx_SetTxFifoThreshold
 .text.HAL_UARTEx_SetRxFifoThreshold
                0x0000000008005820       0x7c ./Drivers/STM32H7xx_HAL_Driver/stm32h7xx_hal_uart_ex.o
                0x0000000008005820                HAL_UARTEx_SetRxFifoThreshold
 .text.UARTEx_SetNbDataToProcess
                0x000000000800589c       0x9c ./Drivers/STM32H7xx_HAL_Driver/stm32h7xx_hal_uart_ex.o
 .text.USB_CoreInit
                0x0000000008005938       0xdc ./Drivers/STM32H7xx_HAL_Driver/stm32h7xx_ll_usb.o
                0x0000000008005938                USB_CoreInit
 .text.USB_DisableGlobalInt
                0x0000000008005a14       0x22 ./Drivers/STM32H7xx_HAL_Driver/stm32h7xx_ll_usb.o
                0x0000000008005a14                USB_DisableGlobalInt
 .text.USB_SetCurrentMode
                0x0000000008005a36       0x98 ./Drivers/STM32H7xx_HAL_Driver/stm32h7xx_ll_usb.o
                0x0000000008005a36                USB_SetCurrentMode
 *fill*         0x0000000008005ace        0x2 
 .text.USB_DevInit
                0x0000000008005ad0      0x2bc ./Drivers/STM32H7xx_HAL_Driver/stm32h7xx_ll_usb.o
                0x0000000008005ad0                USB_DevInit
 .text.USB_FlushTxFifo
                0x0000000008005d8c       0x68 ./Drivers/STM32H7xx_HAL_Driver/stm32h7xx_ll_usb.o
                0x0000000008005d8c                USB_FlushTxFifo
 .text.USB_FlushRxFifo
                0x0000000008005df4       0x60 ./Drivers/STM32H7xx_HAL_Driver/stm32h7xx_ll_usb.o
                0x0000000008005df4                USB_FlushRxFifo
 .text.USB_SetDevSpeed
                0x0000000008005e54       0x32 ./Drivers/STM32H7xx_HAL_Driver/stm32h7xx_ll_usb.o
                0x0000000008005e54                USB_SetDevSpeed
 .text.USB_DevDisconnect
                0x0000000008005e86       0x42 ./Drivers/STM32H7xx_HAL_Driver/stm32h7xx_ll_usb.o
                0x0000000008005e86                USB_DevDisconnect
 .text.USB_GetMode
                0x0000000008005ec8       0x1c ./Drivers/STM32H7xx_HAL_Driver/stm32h7xx_ll_usb.o
                0x0000000008005ec8                USB_GetMode
 .text.USB_CoreReset
                0x0000000008005ee4       0x68 ./Drivers/STM32H7xx_HAL_Driver/stm32h7xx_ll_usb.o
 .text.__errno  0x0000000008005f4c        0xc c:/st/stm32cubeide_1.10.1/stm32cubeide/plugins/com.st.stm32cube.ide.mcu.externaltools.gnu-tools-for-stm32.10.3-2021.10.win32_1.0.0.202111181127/tools/bin/../lib/gcc/arm-none-eabi/10.3.1/../../../../arm-none-eabi/lib/thumb/v7e-m+dp/hard\libc_nano.a(lib_a-errno.o)
                0x0000000008005f4c                __errno
 .text.__libc_init_array
                0x0000000008005f58       0x48 c:/st/stm32cubeide_1.10.1/stm32cubeide/plugins/com.st.stm32cube.ide.mcu.externaltools.gnu-tools-for-stm32.10.3-2021.10.win32_1.0.0.202111181127/tools/bin/../lib/gcc/arm-none-eabi/10.3.1/../../../../arm-none-eabi/lib/thumb/v7e-m+dp/hard\libc_nano.a(lib_a-init.o)
                0x0000000008005f58                __libc_init_array
 .text.memset   0x0000000008005fa0       0x10 c:/st/stm32cubeide_1.10.1/stm32cubeide/plugins/com.st.stm32cube.ide.mcu.externaltools.gnu-tools-for-stm32.10.3-2021.10.win32_1.0.0.202111181127/tools/bin/../lib/gcc/arm-none-eabi/10.3.1/../../../../arm-none-eabi/lib/thumb/v7e-m+dp/hard\libc_nano.a(lib_a-memset.o)
                0x0000000008005fa0                memset
 .text.sprintf  0x0000000008005fb0       0x40 c:/st/stm32cubeide_1.10.1/stm32cubeide/plugins/com.st.stm32cube.ide.mcu.externaltools.gnu-tools-for-stm32.10.3-2021.10.win32_1.0.0.202111181127/tools/bin/../lib/gcc/arm-none-eabi/10.3.1/../../../../arm-none-eabi/lib/thumb/v7e-m+dp/hard\libc_nano.a(lib_a-sprintf.o)
                0x0000000008005fb0                siprintf
                0x0000000008005fb0                sprintf
 .text.__ssputs_r
                0x0000000008005ff0       0xb6 c:/st/stm32cubeide_1.10.1/stm32cubeide/plugins/com.st.stm32cube.ide.mcu.externaltools.gnu-tools-for-stm32.10.3-2021.10.win32_1.0.0.202111181127/tools/bin/../lib/gcc/arm-none-eabi/10.3.1/../../../../arm-none-eabi/lib/thumb/v7e-m+dp/hard\libc_nano.a(lib_a-nano-svfprintf.o)
                0x0000000008005ff0                __ssputs_r
 *fill*         0x00000000080060a6        0x2 
 .text._svfprintf_r
                0x00000000080060a8      0x200 c:/st/stm32cubeide_1.10.1/stm32cubeide/plugins/com.st.stm32cube.ide.mcu.externaltools.gnu-tools-for-stm32.10.3-2021.10.win32_1.0.0.202111181127/tools/bin/../lib/gcc/arm-none-eabi/10.3.1/../../../../arm-none-eabi/lib/thumb/v7e-m+dp/hard\libc_nano.a(lib_a-nano-svfprintf.o)
                0x00000000080060a8                _svfiprintf_r
                0x00000000080060a8                _svfprintf_r
 .text._printf_common
                0x00000000080062a8       0xda c:/st/stm32cubeide_1.10.1/stm32cubeide/plugins/com.st.stm32cube.ide.mcu.externaltools.gnu-tools-for-stm32.10.3-2021.10.win32_1.0.0.202111181127/tools/bin/../lib/gcc/arm-none-eabi/10.3.1/../../../../arm-none-eabi/lib/thumb/v7e-m+dp/hard\libc_nano.a(lib_a-nano-vfprintf_i.o)
                0x00000000080062a8                _printf_common
 *fill*         0x0000000008006382        0x2 
 .text._printf_i
                0x0000000008006384      0x24c c:/st/stm32cubeide_1.10.1/stm32cubeide/plugins/com.st.stm32cube.ide.mcu.externaltools.gnu-tools-for-stm32.10.3-2021.10.win32_1.0.0.202111181127/tools/bin/../lib/gcc/arm-none-eabi/10.3.1/../../../../arm-none-eabi/lib/thumb/v7e-m+dp/hard\libc_nano.a(lib_a-nano-vfprintf_i.o)
                0x0000000008006384                _printf_i
 .text.memcpy   0x00000000080065d0       0x1c c:/st/stm32cubeide_1.10.1/stm32cubeide/plugins/com.st.stm32cube.ide.mcu.externaltools.gnu-tools-for-stm32.10.3-2021.10.win32_1.0.0.202111181127/tools/bin/../lib/gcc/arm-none-eabi/10.3.1/../../../../arm-none-eabi/lib/thumb/v7e-m+dp/hard\libc_nano.a(lib_a-memcpy-stub.o)
                0x00000000080065d0                memcpy
 .text.memmove  0x00000000080065ec       0x34 c:/st/stm32cubeide_1.10.1/stm32cubeide/plugins/com.st.stm32cube.ide.mcu.externaltools.gnu-tools-for-stm32.10.3-2021.10.win32_1.0.0.202111181127/tools/bin/../lib/gcc/arm-none-eabi/10.3.1/../../../../arm-none-eabi/lib/thumb/v7e-m+dp/hard\libc_nano.a(lib_a-memmove.o)
                0x00000000080065ec                memmove
 .text._free_r  0x0000000008006620       0x98 c:/st/stm32cubeide_1.10.1/stm32cubeide/plugins/com.st.stm32cube.ide.mcu.externaltools.gnu-tools-for-stm32.10.3-2021.10.win32_1.0.0.202111181127/tools/bin/../lib/gcc/arm-none-eabi/10.3.1/../../../../arm-none-eabi/lib/thumb/v7e-m+dp/hard\libc_nano.a(lib_a-nano-freer.o)
                0x0000000008006620                _free_r
 .text.sbrk_aligned
                0x00000000080066b8       0x40 c:/st/stm32cubeide_1.10.1/stm32cubeide/plugins/com.st.stm32cube.ide.mcu.externaltools.gnu-tools-for-stm32.10.3-2021.10.win32_1.0.0.202111181127/tools/bin/../lib/gcc/arm-none-eabi/10.3.1/../../../../arm-none-eabi/lib/thumb/v7e-m+dp/hard\libc_nano.a(lib_a-nano-mallocr.o)
 .text._malloc_r
                0x00000000080066f8       0xe8 c:/st/stm32cubeide_1.10.1/stm32cubeide/plugins/com.st.stm32cube.ide.mcu.externaltools.gnu-tools-for-stm32.10.3-2021.10.win32_1.0.0.202111181127/tools/bin/../lib/gcc/arm-none-eabi/10.3.1/../../../../arm-none-eabi/lib/thumb/v7e-m+dp/hard\libc_nano.a(lib_a-nano-mallocr.o)
                0x00000000080066f8                _malloc_r
 .text._realloc_r
                0x00000000080067e0       0x5e c:/st/stm32cubeide_1.10.1/stm32cubeide/plugins/com.st.stm32cube.ide.mcu.externaltools.gnu-tools-for-stm32.10.3-2021.10.win32_1.0.0.202111181127/tools/bin/../lib/gcc/arm-none-eabi/10.3.1/../../../../arm-none-eabi/lib/thumb/v7e-m+dp/hard\libc_nano.a(lib_a-nano-reallocr.o)
                0x00000000080067e0                _realloc_r
 *fill*         0x000000000800683e        0x2 
 .text._sbrk_r  0x0000000008006840       0x20 c:/st/stm32cubeide_1.10.1/stm32cubeide/plugins/com.st.stm32cube.ide.mcu.externaltools.gnu-tools-for-stm32.10.3-2021.10.win32_1.0.0.202111181127/tools/bin/../lib/gcc/arm-none-eabi/10.3.1/../../../../arm-none-eabi/lib/thumb/v7e-m+dp/hard\libc_nano.a(lib_a-sbrkr.o)
                0x0000000008006840                _sbrk_r
 .text.__malloc_lock
                0x0000000008006860        0xc c:/st/stm32cubeide_1.10.1/stm32cubeide/plugins/com.st.stm32cube.ide.mcu.externaltools.gnu-tools-for-stm32.10.3-2021.10.win32_1.0.0.202111181127/tools/bin/../lib/gcc/arm-none-eabi/10.3.1/../../../../arm-none-eabi/lib/thumb/v7e-m+dp/hard\libc_nano.a(lib_a-mlock.o)
                0x0000000008006860                __malloc_lock
 .text.__malloc_unlock
                0x000000000800686c        0xc c:/st/stm32cubeide_1.10.1/stm32cubeide/plugins/com.st.stm32cube.ide.mcu.externaltools.gnu-tools-for-stm32.10.3-2021.10.win32_1.0.0.202111181127/tools/bin/../lib/gcc/arm-none-eabi/10.3.1/../../../../arm-none-eabi/lib/thumb/v7e-m+dp/hard\libc_nano.a(lib_a-mlock.o)
                0x000000000800686c                __malloc_unlock
 .text._malloc_usable_size_r
                0x0000000008006878       0x10 c:/st/stm32cubeide_1.10.1/stm32cubeide/plugins/com.st.stm32cube.ide.mcu.externaltools.gnu-tools-for-stm32.10.3-2021.10.win32_1.0.0.202111181127/tools/bin/../lib/gcc/arm-none-eabi/10.3.1/../../../../arm-none-eabi/lib/thumb/v7e-m+dp/hard\libc_nano.a(lib_a-nano-msizer.o)
                0x0000000008006878                _malloc_usable_size_r
 .text.__retarget_lock_acquire_recursive
                0x0000000008006888        0x2 c:/st/stm32cubeide_1.10.1/stm32cubeide/plugins/com.st.stm32cube.ide.mcu.externaltools.gnu-tools-for-stm32.10.3-2021.10.win32_1.0.0.202111181127/tools/bin/../lib/gcc/arm-none-eabi/10.3.1/../../../../arm-none-eabi/lib/thumb/v7e-m+dp/hard\libc_nano.a(lib_a-lock.o)
                0x0000000008006888                __retarget_lock_acquire_recursive
 .text.__retarget_lock_release_recursive
                0x000000000800688a        0x2 c:/st/stm32cubeide_1.10.1/stm32cubeide/plugins/com.st.stm32cube.ide.mcu.externaltools.gnu-tools-for-stm32.10.3-2021.10.win32_1.0.0.202111181127/tools/bin/../lib/gcc/arm-none-eabi/10.3.1/../../../../arm-none-eabi/lib/thumb/v7e-m+dp/hard\libc_nano.a(lib_a-lock.o)
                0x000000000800688a                __retarget_lock_release_recursive
 *(.glue_7)
 .glue_7        0x000000000800688c        0x0 linker stubs
 *(.glue_7t)
 .glue_7t       0x000000000800688c        0x0 linker stubs
 *(.eh_frame)
 .eh_frame      0x000000000800688c        0x0 c:/st/stm32cubeide_1.10.1/stm32cubeide/plugins/com.st.stm32cube.ide.mcu.externaltools.gnu-tools-for-stm32.10.3-2021.10.win32_1.0.0.202111181127/tools/bin/../lib/gcc/arm-none-eabi/10.3.1/thumb/v7e-m+dp/hard/crtbegin.o
 *(.init)
 .init          0x000000000800688c        0x4 c:/st/stm32cubeide_1.10.1/stm32cubeide/plugins/com.st.stm32cube.ide.mcu.externaltools.gnu-tools-for-stm32.10.3-2021.10.win32_1.0.0.202111181127/tools/bin/../lib/gcc/arm-none-eabi/10.3.1/thumb/v7e-m+dp/hard/crti.o
                0x000000000800688c                _init
 .init          0x0000000008006890        0x8 c:/st/stm32cubeide_1.10.1/stm32cubeide/plugins/com.st.stm32cube.ide.mcu.externaltools.gnu-tools-for-stm32.10.3-2021.10.win32_1.0.0.202111181127/tools/bin/../lib/gcc/arm-none-eabi/10.3.1/thumb/v7e-m+dp/hard/crtn.o
 *(.fini)
 .fini          0x0000000008006898        0x4 c:/st/stm32cubeide_1.10.1/stm32cubeide/plugins/com.st.stm32cube.ide.mcu.externaltools.gnu-tools-for-stm32.10.3-2021.10.win32_1.0.0.202111181127/tools/bin/../lib/gcc/arm-none-eabi/10.3.1/thumb/v7e-m+dp/hard/crti.o
                0x0000000008006898                _fini
 .fini          0x000000000800689c        0x8 c:/st/stm32cubeide_1.10.1/stm32cubeide/plugins/com.st.stm32cube.ide.mcu.externaltools.gnu-tools-for-stm32.10.3-2021.10.win32_1.0.0.202111181127/tools/bin/../lib/gcc/arm-none-eabi/10.3.1/thumb/v7e-m+dp/hard/crtn.o
                0x00000000080068a4                . = ALIGN (0x4)
                0x00000000080068a4                _etext = .

.vfp11_veneer   0x00000000080068a4        0x0
 .vfp11_veneer  0x00000000080068a4        0x0 linker stubs

.v4_bx          0x00000000080068a4        0x0
 .v4_bx         0x00000000080068a4        0x0 linker stubs

.iplt           0x00000000080068a4        0x0
 .iplt          0x00000000080068a4        0x0 c:/st/stm32cubeide_1.10.1/stm32cubeide/plugins/com.st.stm32cube.ide.mcu.externaltools.gnu-tools-for-stm32.10.3-2021.10.win32_1.0.0.202111181127/tools/bin/../lib/gcc/arm-none-eabi/10.3.1/thumb/v7e-m+dp/hard/crtbegin.o

.rodata         0x00000000080068a4       0x84
                0x00000000080068a4                . = ALIGN (0x4)
 *(.rodata)
 .rodata        0x00000000080068a4       0x18 ./Core/Src/main.o
 *(.rodata*)
 .rodata.D1CorePrescTable
                0x00000000080068bc       0x10 ./Common/Src/system_stm32h7xx_dualcore_boot_cm4_cm7.o
                0x00000000080068bc                D1CorePrescTable
 .rodata.UARTPrescTable
                0x00000000080068cc       0x18 ./Drivers/STM32H7xx_HAL_Driver/stm32h7xx_hal_uart.o
                0x00000000080068cc                UARTPrescTable
 .rodata.numerator.1
                0x00000000080068e4        0x8 ./Drivers/STM32H7xx_HAL_Driver/stm32h7xx_hal_uart_ex.o
 .rodata.denominator.0
                0x00000000080068ec        0x8 ./Drivers/STM32H7xx_HAL_Driver/stm32h7xx_hal_uart_ex.o
 .rodata._svfprintf_r.str1.1
                0x00000000080068f4       0x11 c:/st/stm32cubeide_1.10.1/stm32cubeide/plugins/com.st.stm32cube.ide.mcu.externaltools.gnu-tools-for-stm32.10.3-2021.10.win32_1.0.0.202111181127/tools/bin/../lib/gcc/arm-none-eabi/10.3.1/../../../../arm-none-eabi/lib/thumb/v7e-m+dp/hard\libc_nano.a(lib_a-nano-svfprintf.o)
 .rodata._printf_i.str1.1
                0x0000000008006905       0x22 c:/st/stm32cubeide_1.10.1/stm32cubeide/plugins/com.st.stm32cube.ide.mcu.externaltools.gnu-tools-for-stm32.10.3-2021.10.win32_1.0.0.202111181127/tools/bin/../lib/gcc/arm-none-eabi/10.3.1/../../../../arm-none-eabi/lib/thumb/v7e-m+dp/hard\libc_nano.a(lib_a-nano-vfprintf_i.o)
                0x0000000008006928                . = ALIGN (0x4)
 *fill*         0x0000000008006927        0x1 

.ARM.extab      0x0000000008006928        0x0
                0x0000000008006928                . = ALIGN (0x4)
 *(.ARM.extab* .gnu.linkonce.armextab.*)
                0x0000000008006928                . = ALIGN (0x4)

.ARM            0x0000000008006928        0x8
                0x0000000008006928                . = ALIGN (0x4)
                0x0000000008006928                __exidx_start = .
 *(.ARM.exidx*)
 .ARM.exidx     0x0000000008006928        0x8 c:/st/stm32cubeide_1.10.1/stm32cubeide/plugins/com.st.stm32cube.ide.mcu.externaltools.gnu-tools-for-stm32.10.3-2021.10.win32_1.0.0.202111181127/tools/bin/../lib/gcc/arm-none-eabi/10.3.1/thumb/v7e-m+dp/hard\libgcc.a(_udivmoddi4.o)
                0x0000000008006930                __exidx_end = .
                0x0000000008006930                . = ALIGN (0x4)

.rel.dyn        0x0000000008006930        0x0
 .rel.iplt      0x0000000008006930        0x0 c:/st/stm32cubeide_1.10.1/stm32cubeide/plugins/com.st.stm32cube.ide.mcu.externaltools.gnu-tools-for-stm32.10.3-2021.10.win32_1.0.0.202111181127/tools/bin/../lib/gcc/arm-none-eabi/10.3.1/thumb/v7e-m+dp/hard/crtbegin.o

.preinit_array  0x0000000008006930        0x0
                0x0000000008006930                . = ALIGN (0x4)
                0x0000000008006930                PROVIDE (__preinit_array_start = .)
 *(.preinit_array*)
                0x0000000008006930                PROVIDE (__preinit_array_end = .)
                0x0000000008006930                . = ALIGN (0x4)

.init_array     0x0000000008006930        0x4
                0x0000000008006930                . = ALIGN (0x4)
                0x0000000008006930                PROVIDE (__init_array_start = .)
 *(SORT_BY_NAME(.init_array.*))
 *(.init_array*)
 .init_array    0x0000000008006930        0x4 c:/st/stm32cubeide_1.10.1/stm32cubeide/plugins/com.st.stm32cube.ide.mcu.externaltools.gnu-tools-for-stm32.10.3-2021.10.win32_1.0.0.202111181127/tools/bin/../lib/gcc/arm-none-eabi/10.3.1/thumb/v7e-m+dp/hard/crtbegin.o
                0x0000000008006934                PROVIDE (__init_array_end = .)
                0x0000000008006934                . = ALIGN (0x4)

.fini_array     0x0000000008006934        0x4
                0x0000000008006934                . = ALIGN (0x4)
                [!provide]                        PROVIDE (__fini_array_start = .)
 *(SORT_BY_NAME(.fini_array.*))
 *(.fini_array*)
 .fini_array    0x0000000008006934        0x4 c:/st/stm32cubeide_1.10.1/stm32cubeide/plugins/com.st.stm32cube.ide.mcu.externaltools.gnu-tools-for-stm32.10.3-2021.10.win32_1.0.0.202111181127/tools/bin/../lib/gcc/arm-none-eabi/10.3.1/thumb/v7e-m+dp/hard/crtbegin.o
                [!provide]                        PROVIDE (__fini_array_end = .)
                0x0000000008006938                . = ALIGN (0x4)
                0x0000000008006938                _sidata = LOADADDR (.data)

.data           0x0000000024000000       0x74 load address 0x0000000008006938
                0x0000000024000000                . = ALIGN (0x4)
                0x0000000024000000                _sdata = .
 *(.data)
 *(.data*)
 .data.SystemCoreClock
                0x0000000024000000        0x4 ./Common/Src/system_stm32h7xx_dualcore_boot_cm4_cm7.o
                0x0000000024000000                SystemCoreClock
 .data.SystemD2Clock
                0x0000000024000004        0x4 ./Common/Src/system_stm32h7xx_dualcore_boot_cm4_cm7.o
                0x0000000024000004                SystemD2Clock
 .data.uwTickPrio
                0x0000000024000008        0x4 ./Drivers/STM32H7xx_HAL_Driver/stm32h7xx_hal.o
                0x0000000024000008                uwTickPrio
 .data.uwTickFreq
                0x000000002400000c        0x1 ./Drivers/STM32H7xx_HAL_Driver/stm32h7xx_hal.o
                0x000000002400000c                uwTickFreq
 *fill*         0x000000002400000d        0x3 
 .data._impure_ptr
                0x0000000024000010        0x4 c:/st/stm32cubeide_1.10.1/stm32cubeide/plugins/com.st.stm32cube.ide.mcu.externaltools.gnu-tools-for-stm32.10.3-2021.10.win32_1.0.0.202111181127/tools/bin/../lib/gcc/arm-none-eabi/10.3.1/../../../../arm-none-eabi/lib/thumb/v7e-m+dp/hard\libc_nano.a(lib_a-impure.o)
                0x0000000024000010                _impure_ptr
 .data.impure_data
                0x0000000024000014       0x60 c:/st/stm32cubeide_1.10.1/stm32cubeide/plugins/com.st.stm32cube.ide.mcu.externaltools.gnu-tools-for-stm32.10.3-2021.10.win32_1.0.0.202111181127/tools/bin/../lib/gcc/arm-none-eabi/10.3.1/../../../../arm-none-eabi/lib/thumb/v7e-m+dp/hard\libc_nano.a(lib_a-impure.o)
 *(.RamFunc)
 *(.RamFunc*)
                0x0000000024000074                . = ALIGN (0x4)
                0x0000000024000074                _edata = .

.igot.plt       0x0000000024000074        0x0 load address 0x00000000080069ac
 .igot.plt      0x0000000024000074        0x0 c:/st/stm32cubeide_1.10.1/stm32cubeide/plugins/com.st.stm32cube.ide.mcu.externaltools.gnu-tools-for-stm32.10.3-2021.10.win32_1.0.0.202111181127/tools/bin/../lib/gcc/arm-none-eabi/10.3.1/thumb/v7e-m+dp/hard/crtbegin.o
                0x0000000024000074                . = ALIGN (0x4)

.bss            0x0000000024000074      0x61c load address 0x00000000080069ac
                0x0000000024000074                _sbss = .
                0x0000000024000074                __bss_start__ = _sbss
 *(.bss)
 .bss           0x0000000024000074       0x1c c:/st/stm32cubeide_1.10.1/stm32cubeide/plugins/com.st.stm32cube.ide.mcu.externaltools.gnu-tools-for-stm32.10.3-2021.10.win32_1.0.0.202111181127/tools/bin/../lib/gcc/arm-none-eabi/10.3.1/thumb/v7e-m+dp/hard/crtbegin.o
 *(.bss*)
 .bss.htim2     0x0000000024000090       0x4c ./Core/Src/main.o
                0x0000000024000090                htim2
 .bss.huart3    0x00000000240000dc       0x90 ./Core/Src/main.o
                0x00000000240000dc                huart3
 .bss.hpcd_USB_OTG_FS
                0x000000002400016c      0x50c ./Core/Src/main.o
                0x000000002400016c                hpcd_USB_OTG_FS
 .bss.__sbrk_heap_end
                0x0000000024000678        0x4 ./Core/Src/sysmem.o
 .bss.uwTick    0x000000002400067c        0x4 ./Drivers/STM32H7xx_HAL_Driver/stm32h7xx_hal.o
                0x000000002400067c                uwTick
 .bss.__malloc_free_list
                0x0000000024000680        0x4 c:/st/stm32cubeide_1.10.1/stm32cubeide/plugins/com.st.stm32cube.ide.mcu.externaltools.gnu-tools-for-stm32.10.3-2021.10.win32_1.0.0.202111181127/tools/bin/../lib/gcc/arm-none-eabi/10.3.1/../../../../arm-none-eabi/lib/thumb/v7e-m+dp/hard\libc_nano.a(lib_a-nano-mallocr.o)
                0x0000000024000680                __malloc_free_list
 .bss.__malloc_sbrk_start
                0x0000000024000684        0x4 c:/st/stm32cubeide_1.10.1/stm32cubeide/plugins/com.st.stm32cube.ide.mcu.externaltools.gnu-tools-for-stm32.10.3-2021.10.win32_1.0.0.202111181127/tools/bin/../lib/gcc/arm-none-eabi/10.3.1/../../../../arm-none-eabi/lib/thumb/v7e-m+dp/hard\libc_nano.a(lib_a-nano-mallocr.o)
                0x0000000024000684                __malloc_sbrk_start
 .bss.errno     0x0000000024000688        0x4 c:/st/stm32cubeide_1.10.1/stm32cubeide/plugins/com.st.stm32cube.ide.mcu.externaltools.gnu-tools-for-stm32.10.3-2021.10.win32_1.0.0.202111181127/tools/bin/../lib/gcc/arm-none-eabi/10.3.1/../../../../arm-none-eabi/lib/thumb/v7e-m+dp/hard\libc_nano.a(lib_a-reent.o)
                0x0000000024000688                errno
 .bss.__lock___malloc_recursive_mutex
                0x000000002400068c        0x1 c:/st/stm32cubeide_1.10.1/stm32cubeide/plugins/com.st.stm32cube.ide.mcu.externaltools.gnu-tools-for-stm32.10.3-2021.10.win32_1.0.0.202111181127/tools/bin/../lib/gcc/arm-none-eabi/10.3.1/../../../../arm-none-eabi/lib/thumb/v7e-m+dp/hard\libc_nano.a(lib_a-lock.o)
                0x000000002400068c                __lock___malloc_recursive_mutex
 *(COMMON)
                0x0000000024000690                . = ALIGN (0x4)
 *fill*         0x000000002400068d        0x3 
                0x0000000024000690                _ebss = .
                0x0000000024000690                __bss_end__ = _ebss

._user_heap_stack
                0x0000000024000690      0x600 load address 0x00000000080069ac
                0x0000000024000690                . = ALIGN (0x8)
                [!provide]                        PROVIDE (end = .)
                0x0000000024000690                PROVIDE (_end = .)
                0x0000000024000890                . = (. + _Min_Heap_Size)
 *fill*         0x0000000024000690      0x200 
                0x0000000024000c90                . = (. + _Min_Stack_Size)
 *fill*         0x0000000024000890      0x400 
                0x0000000024000c90                . = ALIGN (0x8)

/DISCARD/
 libc.a(*)
 libm.a(*)
 libgcc.a(*)

.ARM.attributes
                0x0000000000000000       0x2e
 *(.ARM.attributes)
 .ARM.attributes
                0x0000000000000000       0x1e c:/st/stm32cubeide_1.10.1/stm32cubeide/plugins/com.st.stm32cube.ide.mcu.externaltools.gnu-tools-for-stm32.10.3-2021.10.win32_1.0.0.202111181127/tools/bin/../lib/gcc/arm-none-eabi/10.3.1/thumb/v7e-m+dp/hard/crti.o
 .ARM.attributes
                0x000000000000001e       0x32 c:/st/stm32cubeide_1.10.1/stm32cubeide/plugins/com.st.stm32cube.ide.mcu.externaltools.gnu-tools-for-stm32.10.3-2021.10.win32_1.0.0.202111181127/tools/bin/../lib/gcc/arm-none-eabi/10.3.1/thumb/v7e-m+dp/hard/crtbegin.o
 .ARM.attributes
                0x0000000000000050       0x32 ./Common/Src/system_stm32h7xx_dualcore_boot_cm4_cm7.o
 .ARM.attributes
                0x0000000000000082       0x32 ./Core/Src/main.o
 .ARM.attributes
                0x00000000000000b4       0x32 ./Core/Src/stm32h7xx_hal_msp.o
 .ARM.attributes
                0x00000000000000e6       0x32 ./Core/Src/stm32h7xx_it.o
 .ARM.attributes
                0x0000000000000118       0x32 ./Core/Src/sysmem.o
 .ARM.attributes
                0x000000000000014a       0x21 ./Core/Startup/startup_stm32h745zitx.o
 .ARM.attributes
                0x000000000000016b       0x32 ./Drivers/STM32H7xx_HAL_Driver/stm32h7xx_hal.o
 .ARM.attributes
                0x000000000000019d       0x32 ./Drivers/STM32H7xx_HAL_Driver/stm32h7xx_hal_cortex.o
 .ARM.attributes
                0x00000000000001cf       0x32 ./Drivers/STM32H7xx_HAL_Driver/stm32h7xx_hal_gpio.o
 .ARM.attributes
                0x0000000000000201       0x32 ./Drivers/STM32H7xx_HAL_Driver/stm32h7xx_hal_hsem.o
 .ARM.attributes
                0x0000000000000233       0x32 ./Drivers/STM32H7xx_HAL_Driver/stm32h7xx_hal_pcd.o
 .ARM.attributes
                0x0000000000000265       0x32 ./Drivers/STM32H7xx_HAL_Driver/stm32h7xx_hal_pcd_ex.o
 .ARM.attributes
                0x0000000000000297       0x32 ./Drivers/STM32H7xx_HAL_Driver/stm32h7xx_hal_pwr_ex.o
 .ARM.attributes
                0x00000000000002c9       0x32 ./Drivers/STM32H7xx_HAL_Driver/stm32h7xx_hal_rcc.o
 .ARM.attributes
                0x00000000000002fb       0x32 ./Drivers/STM32H7xx_HAL_Driver/stm32h7xx_hal_rcc_ex.o
 .ARM.attributes
                0x000000000000032d       0x32 ./Drivers/STM32H7xx_HAL_Driver/stm32h7xx_hal_tim.o
 .ARM.attributes
                0x000000000000035f       0x32 ./Drivers/STM32H7xx_HAL_Driver/stm32h7xx_hal_tim_ex.o
 .ARM.attributes
                0x0000000000000391       0x32 ./Drivers/STM32H7xx_HAL_Driver/stm32h7xx_hal_uart.o
 .ARM.attributes
                0x00000000000003c3       0x32 ./Drivers/STM32H7xx_HAL_Driver/stm32h7xx_hal_uart_ex.o
 .ARM.attributes
                0x00000000000003f5       0x32 ./Drivers/STM32H7xx_HAL_Driver/stm32h7xx_ll_usb.o
 .ARM.attributes
                0x0000000000000427       0x32 c:/st/stm32cubeide_1.10.1/stm32cubeide/plugins/com.st.stm32cube.ide.mcu.externaltools.gnu-tools-for-stm32.10.3-2021.10.win32_1.0.0.202111181127/tools/bin/../lib/gcc/arm-none-eabi/10.3.1/../../../../arm-none-eabi/lib/thumb/v7e-m+dp/hard\libc_nano.a(lib_a-errno.o)
 .ARM.attributes
                0x0000000000000459       0x32 c:/st/stm32cubeide_1.10.1/stm32cubeide/plugins/com.st.stm32cube.ide.mcu.externaltools.gnu-tools-for-stm32.10.3-2021.10.win32_1.0.0.202111181127/tools/bin/../lib/gcc/arm-none-eabi/10.3.1/../../../../arm-none-eabi/lib/thumb/v7e-m+dp/hard\libc_nano.a(lib_a-impure.o)
 .ARM.attributes
                0x000000000000048b       0x32 c:/st/stm32cubeide_1.10.1/stm32cubeide/plugins/com.st.stm32cube.ide.mcu.externaltools.gnu-tools-for-stm32.10.3-2021.10.win32_1.0.0.202111181127/tools/bin/../lib/gcc/arm-none-eabi/10.3.1/../../../../arm-none-eabi/lib/thumb/v7e-m+dp/hard\libc_nano.a(lib_a-init.o)
 .ARM.attributes
                0x00000000000004bd       0x32 c:/st/stm32cubeide_1.10.1/stm32cubeide/plugins/com.st.stm32cube.ide.mcu.externaltools.gnu-tools-for-stm32.10.3-2021.10.win32_1.0.0.202111181127/tools/bin/../lib/gcc/arm-none-eabi/10.3.1/../../../../arm-none-eabi/lib/thumb/v7e-m+dp/hard\libc_nano.a(lib_a-memset.o)
 .ARM.attributes
                0x00000000000004ef       0x32 c:/st/stm32cubeide_1.10.1/stm32cubeide/plugins/com.st.stm32cube.ide.mcu.externaltools.gnu-tools-for-stm32.10.3-2021.10.win32_1.0.0.202111181127/tools/bin/../lib/gcc/arm-none-eabi/10.3.1/../../../../arm-none-eabi/lib/thumb/v7e-m+dp/hard\libc_nano.a(lib_a-sprintf.o)
 .ARM.attributes
                0x0000000000000521       0x32 c:/st/stm32cubeide_1.10.1/stm32cubeide/plugins/com.st.stm32cube.ide.mcu.externaltools.gnu-tools-for-stm32.10.3-2021.10.win32_1.0.0.202111181127/tools/bin/../lib/gcc/arm-none-eabi/10.3.1/../../../../arm-none-eabi/lib/thumb/v7e-m+dp/hard\libc_nano.a(lib_a-nano-svfprintf.o)
 .ARM.attributes
                0x0000000000000553       0x32 c:/st/stm32cubeide_1.10.1/stm32cubeide/plugins/com.st.stm32cube.ide.mcu.externaltools.gnu-tools-for-stm32.10.3-2021.10.win32_1.0.0.202111181127/tools/bin/../lib/gcc/arm-none-eabi/10.3.1/../../../../arm-none-eabi/lib/thumb/v7e-m+dp/hard\libc_nano.a(lib_a-nano-vfprintf_i.o)
 .ARM.attributes
                0x0000000000000585       0x1c c:/st/stm32cubeide_1.10.1/stm32cubeide/plugins/com.st.stm32cube.ide.mcu.externaltools.gnu-tools-for-stm32.10.3-2021.10.win32_1.0.0.202111181127/tools/bin/../lib/gcc/arm-none-eabi/10.3.1/../../../../arm-none-eabi/lib/thumb/v7e-m+dp/hard\libc_nano.a(lib_a-memchr.o)
 .ARM.attributes
                0x00000000000005a1       0x32 c:/st/stm32cubeide_1.10.1/stm32cubeide/plugins/com.st.stm32cube.ide.mcu.externaltools.gnu-tools-for-stm32.10.3-2021.10.win32_1.0.0.202111181127/tools/bin/../lib/gcc/arm-none-eabi/10.3.1/../../../../arm-none-eabi/lib/thumb/v7e-m+dp/hard\libc_nano.a(lib_a-memcpy-stub.o)
 .ARM.attributes
                0x00000000000005d3       0x32 c:/st/stm32cubeide_1.10.1/stm32cubeide/plugins/com.st.stm32cube.ide.mcu.externaltools.gnu-tools-for-stm32.10.3-2021.10.win32_1.0.0.202111181127/tools/bin/../lib/gcc/arm-none-eabi/10.3.1/../../../../arm-none-eabi/lib/thumb/v7e-m+dp/hard\libc_nano.a(lib_a-memmove.o)
 .ARM.attributes
                0x0000000000000605       0x32 c:/st/stm32cubeide_1.10.1/stm32cubeide/plugins/com.st.stm32cube.ide.mcu.externaltools.gnu-tools-for-stm32.10.3-2021.10.win32_1.0.0.202111181127/tools/bin/../lib/gcc/arm-none-eabi/10.3.1/../../../../arm-none-eabi/lib/thumb/v7e-m+dp/hard\libc_nano.a(lib_a-nano-freer.o)
 .ARM.attributes
                0x0000000000000637       0x32 c:/st/stm32cubeide_1.10.1/stm32cubeide/plugins/com.st.stm32cube.ide.mcu.externaltools.gnu-tools-for-stm32.10.3-2021.10.win32_1.0.0.202111181127/tools/bin/../lib/gcc/arm-none-eabi/10.3.1/../../../../arm-none-eabi/lib/thumb/v7e-m+dp/hard\libc_nano.a(lib_a-nano-mallocr.o)
 .ARM.attributes
                0x0000000000000669       0x32 c:/st/stm32cubeide_1.10.1/stm32cubeide/plugins/com.st.stm32cube.ide.mcu.externaltools.gnu-tools-for-stm32.10.3-2021.10.win32_1.0.0.202111181127/tools/bin/../lib/gcc/arm-none-eabi/10.3.1/../../../../arm-none-eabi/lib/thumb/v7e-m+dp/hard\libc_nano.a(lib_a-nano-reallocr.o)
 .ARM.attributes
                0x000000000000069b       0x32 c:/st/stm32cubeide_1.10.1/stm32cubeide/plugins/com.st.stm32cube.ide.mcu.externaltools.gnu-tools-for-stm32.10.3-2021.10.win32_1.0.0.202111181127/tools/bin/../lib/gcc/arm-none-eabi/10.3.1/../../../../arm-none-eabi/lib/thumb/v7e-m+dp/hard\libc_nano.a(lib_a-sbrkr.o)
 .ARM.attributes
                0x00000000000006cd       0x32 c:/st/stm32cubeide_1.10.1/stm32cubeide/plugins/com.st.stm32cube.ide.mcu.externaltools.gnu-tools-for-stm32.10.3-2021.10.win32_1.0.0.202111181127/tools/bin/../lib/gcc/arm-none-eabi/10.3.1/../../../../arm-none-eabi/lib/thumb/v7e-m+dp/hard\libc_nano.a(lib_a-mlock.o)
 .ARM.attributes
                0x00000000000006ff       0x32 c:/st/stm32cubeide_1.10.1/stm32cubeide/plugins/com.st.stm32cube.ide.mcu.externaltools.gnu-tools-for-stm32.10.3-2021.10.win32_1.0.0.202111181127/tools/bin/../lib/gcc/arm-none-eabi/10.3.1/../../../../arm-none-eabi/lib/thumb/v7e-m+dp/hard\libc_nano.a(lib_a-nano-msizer.o)
 .ARM.attributes
                0x0000000000000731       0x32 c:/st/stm32cubeide_1.10.1/stm32cubeide/plugins/com.st.stm32cube.ide.mcu.externaltools.gnu-tools-for-stm32.10.3-2021.10.win32_1.0.0.202111181127/tools/bin/../lib/gcc/arm-none-eabi/10.3.1/../../../../arm-none-eabi/lib/thumb/v7e-m+dp/hard\libc_nano.a(lib_a-reent.o)
 .ARM.attributes
                0x0000000000000763       0x32 c:/st/stm32cubeide_1.10.1/stm32cubeide/plugins/com.st.stm32cube.ide.mcu.externaltools.gnu-tools-for-stm32.10.3-2021.10.win32_1.0.0.202111181127/tools/bin/../lib/gcc/arm-none-eabi/10.3.1/../../../../arm-none-eabi/lib/thumb/v7e-m+dp/hard\libc_nano.a(lib_a-lock.o)
 .ARM.attributes
                0x0000000000000795       0x1e c:/st/stm32cubeide_1.10.1/stm32cubeide/plugins/com.st.stm32cube.ide.mcu.externaltools.gnu-tools-for-stm32.10.3-2021.10.win32_1.0.0.202111181127/tools/bin/../lib/gcc/arm-none-eabi/10.3.1/thumb/v7e-m+dp/hard\libgcc.a(_aeabi_uldivmod.o)
 .ARM.attributes
                0x00000000000007b3       0x32 c:/st/stm32cubeide_1.10.1/stm32cubeide/plugins/com.st.stm32cube.ide.mcu.externaltools.gnu-tools-for-stm32.10.3-2021.10.win32_1.0.0.202111181127/tools/bin/../lib/gcc/arm-none-eabi/10.3.1/thumb/v7e-m+dp/hard\libgcc.a(_udivmoddi4.o)
 .ARM.attributes
                0x00000000000007e5       0x1e c:/st/stm32cubeide_1.10.1/stm32cubeide/plugins/com.st.stm32cube.ide.mcu.externaltools.gnu-tools-for-stm32.10.3-2021.10.win32_1.0.0.202111181127/tools/bin/../lib/gcc/arm-none-eabi/10.3.1/thumb/v7e-m+dp/hard\libgcc.a(_dvmd_tls.o)
 .ARM.attributes
                0x0000000000000803       0x1e c:/st/stm32cubeide_1.10.1/stm32cubeide/plugins/com.st.stm32cube.ide.mcu.externaltools.gnu-tools-for-stm32.10.3-2021.10.win32_1.0.0.202111181127/tools/bin/../lib/gcc/arm-none-eabi/10.3.1/thumb/v7e-m+dp/hard/crtn.o
OUTPUT(Ejercicio_1_CM7.elf elf32-littlearm)
LOAD linker stubs
LOAD c:/st/stm32cubeide_1.10.1/stm32cubeide/plugins/com.st.stm32cube.ide.mcu.externaltools.gnu-tools-for-stm32.10.3-2021.10.win32_1.0.0.202111181127/tools/bin/../lib/gcc/arm-none-eabi/10.3.1/../../../../arm-none-eabi/lib/thumb/v7e-m+dp/hard\libc.a
LOAD c:/st/stm32cubeide_1.10.1/stm32cubeide/plugins/com.st.stm32cube.ide.mcu.externaltools.gnu-tools-for-stm32.10.3-2021.10.win32_1.0.0.202111181127/tools/bin/../lib/gcc/arm-none-eabi/10.3.1/../../../../arm-none-eabi/lib/thumb/v7e-m+dp/hard\libm.a
LOAD c:/st/stm32cubeide_1.10.1/stm32cubeide/plugins/com.st.stm32cube.ide.mcu.externaltools.gnu-tools-for-stm32.10.3-2021.10.win32_1.0.0.202111181127/tools/bin/../lib/gcc/arm-none-eabi/10.3.1/thumb/v7e-m+dp/hard\libgcc.a

.debug_info     0x0000000000000000    0x19746
 .debug_info    0x0000000000000000      0xdca ./Common/Src/system_stm32h7xx_dualcore_boot_cm4_cm7.o
 .debug_info    0x0000000000000dca     0x1d72 ./Core/Src/main.o
 .debug_info    0x0000000000002b3c     0x1a41 ./Core/Src/stm32h7xx_hal_msp.o
 .debug_info    0x000000000000457d      0x137 ./Core/Src/stm32h7xx_it.o
 .debug_info    0x00000000000046b4      0x171 ./Core/Src/sysmem.o
 .debug_info    0x0000000000004825       0x22 ./Core/Startup/startup_stm32h745zitx.o
 .debug_info    0x0000000000004847     0x1826 ./Drivers/STM32H7xx_HAL_Driver/stm32h7xx_hal.o
 .debug_info    0x000000000000606d     0x118b ./Drivers/STM32H7xx_HAL_Driver/stm32h7xx_hal_cortex.o
 .debug_info    0x00000000000071f8      0xde0 ./Drivers/STM32H7xx_HAL_Driver/stm32h7xx_hal_gpio.o
 .debug_info    0x0000000000007fd8      0x3fd ./Drivers/STM32H7xx_HAL_Driver/stm32h7xx_hal_hsem.o
 .debug_info    0x00000000000083d5     0x169b ./Drivers/STM32H7xx_HAL_Driver/stm32h7xx_hal_pcd.o
 .debug_info    0x0000000000009a70      0x8fb ./Drivers/STM32H7xx_HAL_Driver/stm32h7xx_hal_pcd_ex.o
 .debug_info    0x000000000000a36b     0x12c2 ./Drivers/STM32H7xx_HAL_Driver/stm32h7xx_hal_pwr_ex.o
 .debug_info    0x000000000000b62d      0xf48 ./Drivers/STM32H7xx_HAL_Driver/stm32h7xx_hal_rcc.o
 .debug_info    0x000000000000c575     0x1394 ./Drivers/STM32H7xx_HAL_Driver/stm32h7xx_hal_rcc_ex.o
 .debug_info    0x000000000000d909     0x2dd1 ./Drivers/STM32H7xx_HAL_Driver/stm32h7xx_hal_tim.o
 .debug_info    0x00000000000106da     0x18f4 ./Drivers/STM32H7xx_HAL_Driver/stm32h7xx_hal_tim_ex.o
 .debug_info    0x0000000000011fce     0x4c42 ./Drivers/STM32H7xx_HAL_Driver/stm32h7xx_hal_uart.o
 .debug_info    0x0000000000016c10     0x100b ./Drivers/STM32H7xx_HAL_Driver/stm32h7xx_hal_uart_ex.o
 .debug_info    0x0000000000017c1b     0x1b2b ./Drivers/STM32H7xx_HAL_Driver/stm32h7xx_ll_usb.o

.debug_abbrev   0x0000000000000000     0x2bab
 .debug_abbrev  0x0000000000000000      0x147 ./Common/Src/system_stm32h7xx_dualcore_boot_cm4_cm7.o
 .debug_abbrev  0x0000000000000147      0x306 ./Core/Src/main.o
 .debug_abbrev  0x000000000000044d      0x289 ./Core/Src/stm32h7xx_hal_msp.o
 .debug_abbrev  0x00000000000006d6       0x74 ./Core/Src/stm32h7xx_it.o
 .debug_abbrev  0x000000000000074a       0xbb ./Core/Src/sysmem.o
 .debug_abbrev  0x0000000000000805       0x12 ./Core/Startup/startup_stm32h745zitx.o
 .debug_abbrev  0x0000000000000817      0x289 ./Drivers/STM32H7xx_HAL_Driver/stm32h7xx_hal.o
 .debug_abbrev  0x0000000000000aa0      0x329 ./Drivers/STM32H7xx_HAL_Driver/stm32h7xx_hal_cortex.o
 .debug_abbrev  0x0000000000000dc9      0x1ec ./Drivers/STM32H7xx_HAL_Driver/stm32h7xx_hal_gpio.o
 .debug_abbrev  0x0000000000000fb5      0x1d0 ./Drivers/STM32H7xx_HAL_Driver/stm32h7xx_hal_hsem.o
 .debug_abbrev  0x0000000000001185      0x2d2 ./Drivers/STM32H7xx_HAL_Driver/stm32h7xx_hal_pcd.o
 .debug_abbrev  0x0000000000001457      0x24a ./Drivers/STM32H7xx_HAL_Driver/stm32h7xx_hal_pcd_ex.o
 .debug_abbrev  0x00000000000016a1      0x2bc ./Drivers/STM32H7xx_HAL_Driver/stm32h7xx_hal_pwr_ex.o
 .debug_abbrev  0x000000000000195d      0x2b8 ./Drivers/STM32H7xx_HAL_Driver/stm32h7xx_hal_rcc.o
 .debug_abbrev  0x0000000000001c15      0x25c ./Drivers/STM32H7xx_HAL_Driver/stm32h7xx_hal_rcc_ex.o
 .debug_abbrev  0x0000000000001e71      0x25d ./Drivers/STM32H7xx_HAL_Driver/stm32h7xx_hal_tim.o
 .debug_abbrev  0x00000000000020ce      0x265 ./Drivers/STM32H7xx_HAL_Driver/stm32h7xx_hal_tim_ex.o
 .debug_abbrev  0x0000000000002333      0x325 ./Drivers/STM32H7xx_HAL_Driver/stm32h7xx_hal_uart.o
 .debug_abbrev  0x0000000000002658      0x2bd ./Drivers/STM32H7xx_HAL_Driver/stm32h7xx_hal_uart_ex.o
 .debug_abbrev  0x0000000000002915      0x296 ./Drivers/STM32H7xx_HAL_Driver/stm32h7xx_ll_usb.o

.debug_aranges  0x0000000000000000     0x13e0
 .debug_aranges
                0x0000000000000000       0x28 ./Common/Src/system_stm32h7xx_dualcore_boot_cm4_cm7.o
 .debug_aranges
                0x0000000000000028       0x50 ./Core/Src/main.o
 .debug_aranges
                0x0000000000000078       0x50 ./Core/Src/stm32h7xx_hal_msp.o
 .debug_aranges
                0x00000000000000c8       0x60 ./Core/Src/stm32h7xx_it.o
 .debug_aranges
                0x0000000000000128       0x20 ./Core/Src/sysmem.o
 .debug_aranges
                0x0000000000000148       0x28 ./Core/Startup/startup_stm32h745zitx.o
 .debug_aranges
                0x0000000000000170      0x200 ./Drivers/STM32H7xx_HAL_Driver/stm32h7xx_hal.o
 .debug_aranges
                0x0000000000000370      0x120 ./Drivers/STM32H7xx_HAL_Driver/stm32h7xx_hal_cortex.o
 .debug_aranges
                0x0000000000000490       0x58 ./Drivers/STM32H7xx_HAL_Driver/stm32h7xx_hal_gpio.o
 .debug_aranges
                0x00000000000004e8       0x70 ./Drivers/STM32H7xx_HAL_Driver/stm32h7xx_hal_hsem.o
 .debug_aranges
                0x0000000000000558      0x140 ./Drivers/STM32H7xx_HAL_Driver/stm32h7xx_hal_pcd.o
 .debug_aranges
                0x0000000000000698       0x60 ./Drivers/STM32H7xx_HAL_Driver/stm32h7xx_hal_pcd_ex.o
 .debug_aranges
                0x00000000000006f8      0x170 ./Drivers/STM32H7xx_HAL_Driver/stm32h7xx_hal_pwr_ex.o
 .debug_aranges
                0x0000000000000868       0x88 ./Drivers/STM32H7xx_HAL_Driver/stm32h7xx_hal_rcc.o
 .debug_aranges
                0x00000000000008f0      0x100 ./Drivers/STM32H7xx_HAL_Driver/stm32h7xx_hal_rcc_ex.o
 .debug_aranges
                0x00000000000009f0      0x3e0 ./Drivers/STM32H7xx_HAL_Driver/stm32h7xx_hal_tim.o
 .debug_aranges
                0x0000000000000dd0      0x188 ./Drivers/STM32H7xx_HAL_Driver/stm32h7xx_hal_tim_ex.o
 .debug_aranges
                0x0000000000000f58      0x248 ./Drivers/STM32H7xx_HAL_Driver/stm32h7xx_hal_uart.o
 .debug_aranges
                0x00000000000011a0       0xa0 ./Drivers/STM32H7xx_HAL_Driver/stm32h7xx_hal_uart_ex.o
 .debug_aranges
                0x0000000000001240      0x1a0 ./Drivers/STM32H7xx_HAL_Driver/stm32h7xx_ll_usb.o

.debug_ranges   0x0000000000000000     0x12d8
 .debug_ranges  0x0000000000000000       0x18 ./Common/Src/system_stm32h7xx_dualcore_boot_cm4_cm7.o
 .debug_ranges  0x0000000000000018       0x40 ./Core/Src/main.o
 .debug_ranges  0x0000000000000058       0x40 ./Core/Src/stm32h7xx_hal_msp.o
 .debug_ranges  0x0000000000000098       0x50 ./Core/Src/stm32h7xx_it.o
 .debug_ranges  0x00000000000000e8       0x10 ./Core/Src/sysmem.o
 .debug_ranges  0x00000000000000f8       0x20 ./Core/Startup/startup_stm32h745zitx.o
 .debug_ranges  0x0000000000000118      0x1f0 ./Drivers/STM32H7xx_HAL_Driver/stm32h7xx_hal.o
 .debug_ranges  0x0000000000000308      0x110 ./Drivers/STM32H7xx_HAL_Driver/stm32h7xx_hal_cortex.o
 .debug_ranges  0x0000000000000418       0x48 ./Drivers/STM32H7xx_HAL_Driver/stm32h7xx_hal_gpio.o
 .debug_ranges  0x0000000000000460       0x60 ./Drivers/STM32H7xx_HAL_Driver/stm32h7xx_hal_hsem.o
 .debug_ranges  0x00000000000004c0      0x130 ./Drivers/STM32H7xx_HAL_Driver/stm32h7xx_hal_pcd.o
 .debug_ranges  0x00000000000005f0       0x50 ./Drivers/STM32H7xx_HAL_Driver/stm32h7xx_hal_pcd_ex.o
 .debug_ranges  0x0000000000000640      0x160 ./Drivers/STM32H7xx_HAL_Driver/stm32h7xx_hal_pwr_ex.o
 .debug_ranges  0x00000000000007a0       0x78 ./Drivers/STM32H7xx_HAL_Driver/stm32h7xx_hal_rcc.o
 .debug_ranges  0x0000000000000818       0xf0 ./Drivers/STM32H7xx_HAL_Driver/stm32h7xx_hal_rcc_ex.o
 .debug_ranges  0x0000000000000908      0x3d0 ./Drivers/STM32H7xx_HAL_Driver/stm32h7xx_hal_tim.o
 .debug_ranges  0x0000000000000cd8      0x178 ./Drivers/STM32H7xx_HAL_Driver/stm32h7xx_hal_tim_ex.o
 .debug_ranges  0x0000000000000e50      0x268 ./Drivers/STM32H7xx_HAL_Driver/stm32h7xx_hal_uart.o
 .debug_ranges  0x00000000000010b8       0x90 ./Drivers/STM32H7xx_HAL_Driver/stm32h7xx_hal_uart_ex.o
 .debug_ranges  0x0000000000001148      0x190 ./Drivers/STM32H7xx_HAL_Driver/stm32h7xx_ll_usb.o

.debug_macro    0x0000000000000000    0x3ae26
 .debug_macro   0x0000000000000000      0x2cc ./Common/Src/system_stm32h7xx_dualcore_boot_cm4_cm7.o
 .debug_macro   0x00000000000002cc      0xa96 ./Common/Src/system_stm32h7xx_dualcore_boot_cm4_cm7.o
 .debug_macro   0x0000000000000d62       0x2e ./Common/Src/system_stm32h7xx_dualcore_boot_cm4_cm7.o
 .debug_macro   0x0000000000000d90       0x49 ./Common/Src/system_stm32h7xx_dualcore_boot_cm4_cm7.o
 .debug_macro   0x0000000000000dd9       0x22 ./Common/Src/system_stm32h7xx_dualcore_boot_cm4_cm7.o
 .debug_macro   0x0000000000000dfb       0x8e ./Common/Src/system_stm32h7xx_dualcore_boot_cm4_cm7.o
 .debug_macro   0x0000000000000e89       0x51 ./Common/Src/system_stm32h7xx_dualcore_boot_cm4_cm7.o
 .debug_macro   0x0000000000000eda      0x103 ./Common/Src/system_stm32h7xx_dualcore_boot_cm4_cm7.o
 .debug_macro   0x0000000000000fdd       0x6a ./Common/Src/system_stm32h7xx_dualcore_boot_cm4_cm7.o
 .debug_macro   0x0000000000001047      0x1df ./Common/Src/system_stm32h7xx_dualcore_boot_cm4_cm7.o
 .debug_macro   0x0000000000001226       0x1c ./Common/Src/system_stm32h7xx_dualcore_boot_cm4_cm7.o
 .debug_macro   0x0000000000001242       0x22 ./Common/Src/system_stm32h7xx_dualcore_boot_cm4_cm7.o
 .debug_macro   0x0000000000001264       0xfb ./Common/Src/system_stm32h7xx_dualcore_boot_cm4_cm7.o
 .debug_macro   0x000000000000135f     0x1305 ./Common/Src/system_stm32h7xx_dualcore_boot_cm4_cm7.o
 .debug_macro   0x0000000000002664      0x11f ./Common/Src/system_stm32h7xx_dualcore_boot_cm4_cm7.o
 .debug_macro   0x0000000000002783       0x27 ./Common/Src/system_stm32h7xx_dualcore_boot_cm4_cm7.o
 .debug_macro   0x00000000000027aa    0x26d42 ./Common/Src/system_stm32h7xx_dualcore_boot_cm4_cm7.o
 .debug_macro   0x00000000000294ec       0x6d ./Common/Src/system_stm32h7xx_dualcore_boot_cm4_cm7.o
 .debug_macro   0x0000000000029559      0x23e ./Common/Src/system_stm32h7xx_dualcore_boot_cm4_cm7.o
 .debug_macro   0x0000000000029797     0x3d22 ./Common/Src/system_stm32h7xx_dualcore_boot_cm4_cm7.o
 .debug_macro   0x000000000002d4b9      0x174 ./Common/Src/system_stm32h7xx_dualcore_boot_cm4_cm7.o
 .debug_macro   0x000000000002d62d       0x52 ./Common/Src/system_stm32h7xx_dualcore_boot_cm4_cm7.o
 .debug_macro   0x000000000002d67f       0x1d ./Common/Src/system_stm32h7xx_dualcore_boot_cm4_cm7.o
 .debug_macro   0x000000000002d69c       0x3c ./Common/Src/system_stm32h7xx_dualcore_boot_cm4_cm7.o
 .debug_macro   0x000000000002d6d8       0x34 ./Common/Src/system_stm32h7xx_dualcore_boot_cm4_cm7.o
 .debug_macro   0x000000000002d70c       0x16 ./Common/Src/system_stm32h7xx_dualcore_boot_cm4_cm7.o
 .debug_macro   0x000000000002d722       0x43 ./Common/Src/system_stm32h7xx_dualcore_boot_cm4_cm7.o
 .debug_macro   0x000000000002d765       0x34 ./Common/Src/system_stm32h7xx_dualcore_boot_cm4_cm7.o
 .debug_macro   0x000000000002d799       0x10 ./Common/Src/system_stm32h7xx_dualcore_boot_cm4_cm7.o
 .debug_macro   0x000000000002d7a9       0x58 ./Common/Src/system_stm32h7xx_dualcore_boot_cm4_cm7.o
 .debug_macro   0x000000000002d801       0x71 ./Common/Src/system_stm32h7xx_dualcore_boot_cm4_cm7.o
 .debug_macro   0x000000000002d872       0x1c ./Common/Src/system_stm32h7xx_dualcore_boot_cm4_cm7.o
 .debug_macro   0x000000000002d88e      0x12a ./Common/Src/system_stm32h7xx_dualcore_boot_cm4_cm7.o
 .debug_macro   0x000000000002d9b8      0x341 ./Common/Src/system_stm32h7xx_dualcore_boot_cm4_cm7.o
 .debug_macro   0x000000000002dcf9      0x19b ./Common/Src/system_stm32h7xx_dualcore_boot_cm4_cm7.o
 .debug_macro   0x000000000002de94       0x5d ./Common/Src/system_stm32h7xx_dualcore_boot_cm4_cm7.o
 .debug_macro   0x000000000002def1     0x3a9d ./Common/Src/system_stm32h7xx_dualcore_boot_cm4_cm7.o
 .debug_macro   0x000000000003198e     0x1048 ./Common/Src/system_stm32h7xx_dualcore_boot_cm4_cm7.o
 .debug_macro   0x00000000000329d6      0x14d ./Common/Src/system_stm32h7xx_dualcore_boot_cm4_cm7.o
 .debug_macro   0x0000000000032b23      0x130 ./Common/Src/system_stm32h7xx_dualcore_boot_cm4_cm7.o
 .debug_macro   0x0000000000032c53      0x3be ./Common/Src/system_stm32h7xx_dualcore_boot_cm4_cm7.o
 .debug_macro   0x0000000000033011       0xac ./Common/Src/system_stm32h7xx_dualcore_boot_cm4_cm7.o
 .debug_macro   0x00000000000330bd      0x72d ./Common/Src/system_stm32h7xx_dualcore_boot_cm4_cm7.o
 .debug_macro   0x00000000000337ea      0x228 ./Common/Src/system_stm32h7xx_dualcore_boot_cm4_cm7.o
 .debug_macro   0x0000000000033a12       0x66 ./Common/Src/system_stm32h7xx_dualcore_boot_cm4_cm7.o
 .debug_macro   0x0000000000033a78      0x3bb ./Common/Src/system_stm32h7xx_dualcore_boot_cm4_cm7.o
 .debug_macro   0x0000000000033e33      0x407 ./Common/Src/system_stm32h7xx_dualcore_boot_cm4_cm7.o
 .debug_macro   0x000000000003423a      0x27c ./Common/Src/system_stm32h7xx_dualcore_boot_cm4_cm7.o
 .debug_macro   0x00000000000344b6      0x3ca ./Common/Src/system_stm32h7xx_dualcore_boot_cm4_cm7.o
 .debug_macro   0x0000000000034880      0x4a2 ./Common/Src/system_stm32h7xx_dualcore_boot_cm4_cm7.o
 .debug_macro   0x0000000000034d22       0x51 ./Common/Src/system_stm32h7xx_dualcore_boot_cm4_cm7.o
 .debug_macro   0x0000000000034d73       0x4a ./Common/Src/system_stm32h7xx_dualcore_boot_cm4_cm7.o
 .debug_macro   0x0000000000034dbd      0x22c ./Common/Src/system_stm32h7xx_dualcore_boot_cm4_cm7.o
 .debug_macro   0x0000000000034fe9       0x67 ./Common/Src/system_stm32h7xx_dualcore_boot_cm4_cm7.o
 .debug_macro   0x0000000000035050       0xa5 ./Common/Src/system_stm32h7xx_dualcore_boot_cm4_cm7.o
 .debug_macro   0x00000000000350f5      0x218 ./Common/Src/system_stm32h7xx_dualcore_boot_cm4_cm7.o
 .debug_macro   0x000000000003530d      0x2ea ./Common/Src/system_stm32h7xx_dualcore_boot_cm4_cm7.o
 .debug_macro   0x00000000000355f7       0x35 ./Common/Src/system_stm32h7xx_dualcore_boot_cm4_cm7.o
 .debug_macro   0x000000000003562c      0xaec ./Common/Src/system_stm32h7xx_dualcore_boot_cm4_cm7.o
 .debug_macro   0x0000000000036118      0x29f ./Common/Src/system_stm32h7xx_dualcore_boot_cm4_cm7.o
 .debug_macro   0x00000000000363b7      0x67e ./Common/Src/system_stm32h7xx_dualcore_boot_cm4_cm7.o
 .debug_macro   0x0000000000036a35       0xa6 ./Common/Src/system_stm32h7xx_dualcore_boot_cm4_cm7.o
 .debug_macro   0x0000000000036adb      0x248 ./Common/Src/system_stm32h7xx_dualcore_boot_cm4_cm7.o
 .debug_macro   0x0000000000036d23       0x90 ./Common/Src/system_stm32h7xx_dualcore_boot_cm4_cm7.o
 .debug_macro   0x0000000000036db3      0x798 ./Common/Src/system_stm32h7xx_dualcore_boot_cm4_cm7.o
 .debug_macro   0x000000000003754b      0x3a2 ./Core/Src/main.o
 .debug_macro   0x00000000000378ed       0x1c ./Core/Src/main.o
 .debug_macro   0x0000000000037909       0x1c ./Core/Src/main.o
 .debug_macro   0x0000000000037925       0x35 ./Core/Src/main.o
 .debug_macro   0x000000000003795a       0x10 ./Core/Src/main.o
 .debug_macro   0x000000000003796a       0x10 ./Core/Src/main.o
 .debug_macro   0x000000000003797a       0x1c ./Core/Src/main.o
 .debug_macro   0x0000000000037996       0x52 ./Core/Src/main.o
 .debug_macro   0x00000000000379e8       0x22 ./Core/Src/main.o
 .debug_macro   0x0000000000037a0a       0x10 ./Core/Src/main.o
 .debug_macro   0x0000000000037a1a       0x52 ./Core/Src/main.o
 .debug_macro   0x0000000000037a6c       0xd5 ./Core/Src/main.o
 .debug_macro   0x0000000000037b41       0x1c ./Core/Src/main.o
 .debug_macro   0x0000000000037b5d       0x3d ./Core/Src/main.o
 .debug_macro   0x0000000000037b9a       0x16 ./Core/Src/main.o
 .debug_macro   0x0000000000037bb0      0x145 ./Core/Src/main.o
 .debug_macro   0x0000000000037cf5      0x2db ./Core/Src/stm32h7xx_hal_msp.o
 .debug_macro   0x0000000000037fd0      0x2e5 ./Core/Src/stm32h7xx_it.o
 .debug_macro   0x00000000000382b5       0xff ./Core/Src/sysmem.o
 .debug_macro   0x00000000000383b4      0x23b ./Core/Src/sysmem.o
 .debug_macro   0x00000000000385ef      0x2f6 ./Drivers/STM32H7xx_HAL_Driver/stm32h7xx_hal.o
 .debug_macro   0x00000000000388e5      0x2cc ./Drivers/STM32H7xx_HAL_Driver/stm32h7xx_hal_cortex.o
 .debug_macro   0x0000000000038bb1      0x2e0 ./Drivers/STM32H7xx_HAL_Driver/stm32h7xx_hal_gpio.o
 .debug_macro   0x0000000000038e91      0x2de ./Drivers/STM32H7xx_HAL_Driver/stm32h7xx_hal_hsem.o
 .debug_macro   0x000000000003916f      0x2d8 ./Drivers/STM32H7xx_HAL_Driver/stm32h7xx_hal_pcd.o
 .debug_macro   0x0000000000039447      0x2cc ./Drivers/STM32H7xx_HAL_Driver/stm32h7xx_hal_pcd_ex.o
 .debug_macro   0x0000000000039713      0x305 ./Drivers/STM32H7xx_HAL_Driver/stm32h7xx_hal_pwr_ex.o
 .debug_macro   0x0000000000039a18      0x2f0 ./Drivers/STM32H7xx_HAL_Driver/stm32h7xx_hal_rcc.o
 .debug_macro   0x0000000000039d08      0x2ea ./Drivers/STM32H7xx_HAL_Driver/stm32h7xx_hal_rcc_ex.o
 .debug_macro   0x0000000000039ff2      0x2cd ./Drivers/STM32H7xx_HAL_Driver/stm32h7xx_hal_tim.o
 .debug_macro   0x000000000003a2bf      0x2cc ./Drivers/STM32H7xx_HAL_Driver/stm32h7xx_hal_tim_ex.o
 .debug_macro   0x000000000003a58b      0x2f7 ./Drivers/STM32H7xx_HAL_Driver/stm32h7xx_hal_uart.o
 .debug_macro   0x000000000003a882      0x2d8 ./Drivers/STM32H7xx_HAL_Driver/stm32h7xx_hal_uart_ex.o
 .debug_macro   0x000000000003ab5a      0x2cc ./Drivers/STM32H7xx_HAL_Driver/stm32h7xx_ll_usb.o

.debug_line     0x0000000000000000    0x18d6d
 .debug_line    0x0000000000000000      0xa94 ./Common/Src/system_stm32h7xx_dualcore_boot_cm4_cm7.o
 .debug_line    0x0000000000000a94      0xb8b ./Core/Src/main.o
 .debug_line    0x000000000000161f      0x9af ./Core/Src/stm32h7xx_hal_msp.o
 .debug_line    0x0000000000001fce      0x961 ./Core/Src/stm32h7xx_it.o
 .debug_line    0x000000000000292f      0x4ea ./Core/Src/sysmem.o
 .debug_line    0x0000000000002e19       0x88 ./Core/Startup/startup_stm32h745zitx.o
 .debug_line    0x0000000000002ea1      0xfd3 ./Drivers/STM32H7xx_HAL_Driver/stm32h7xx_hal.o
 .debug_line    0x0000000000003e74      0xe86 ./Drivers/STM32H7xx_HAL_Driver/stm32h7xx_hal_cortex.o
 .debug_line    0x0000000000004cfa      0xd37 ./Drivers/STM32H7xx_HAL_Driver/stm32h7xx_hal_gpio.o
 .debug_line    0x0000000000005a31      0xa36 ./Drivers/STM32H7xx_HAL_Driver/stm32h7xx_hal_hsem.o
 .debug_line    0x0000000000006467     0x164e ./Drivers/STM32H7xx_HAL_Driver/stm32h7xx_hal_pcd.o
 .debug_line    0x0000000000007ab5      0xa96 ./Drivers/STM32H7xx_HAL_Driver/stm32h7xx_hal_pcd_ex.o
 .debug_line    0x000000000000854b     0x10a1 ./Drivers/STM32H7xx_HAL_Driver/stm32h7xx_hal_pwr_ex.o
 .debug_line    0x00000000000095ec     0x13e2 ./Drivers/STM32H7xx_HAL_Driver/stm32h7xx_hal_rcc.o
 .debug_line    0x000000000000a9ce     0x1bb4 ./Drivers/STM32H7xx_HAL_Driver/stm32h7xx_hal_rcc_ex.o
 .debug_line    0x000000000000c582     0x3f41 ./Drivers/STM32H7xx_HAL_Driver/stm32h7xx_hal_tim.o
 .debug_line    0x00000000000104c3     0x1e1a ./Drivers/STM32H7xx_HAL_Driver/stm32h7xx_hal_tim_ex.o
 .debug_line    0x00000000000122dd     0x3ecd ./Drivers/STM32H7xx_HAL_Driver/stm32h7xx_hal_uart.o
 .debug_line    0x00000000000161aa      0xf52 ./Drivers/STM32H7xx_HAL_Driver/stm32h7xx_hal_uart_ex.o
 .debug_line    0x00000000000170fc     0x1c71 ./Drivers/STM32H7xx_HAL_Driver/stm32h7xx_ll_usb.o

.debug_str      0x0000000000000000   0x186605
 .debug_str     0x0000000000000000   0x17e3eb ./Common/Src/system_stm32h7xx_dualcore_boot_cm4_cm7.o
                                     0x17e855 (size before relaxing)
 .debug_str     0x000000000017e3eb     0x2099 ./Core/Src/main.o
                                     0x18060c (size before relaxing)
 .debug_str     0x0000000000180484      0x466 ./Core/Src/stm32h7xx_hal_msp.o
                                     0x17f5f1 (size before relaxing)
 .debug_str     0x00000000001808ea       0xc9 ./Core/Src/stm32h7xx_it.o
                                     0x17e337 (size before relaxing)
 .debug_str     0x00000000001809b3      0x4da ./Core/Src/sysmem.o
                                       0x5dfd (size before relaxing)
 .debug_str     0x0000000000180e8d       0x36 ./Core/Startup/startup_stm32h745zitx.o
                                         0x6b (size before relaxing)
 .debug_str     0x0000000000180ec3     0x11a4 ./Drivers/STM32H7xx_HAL_Driver/stm32h7xx_hal.o
                                     0x17f8f9 (size before relaxing)
 .debug_str     0x0000000000182067      0x371 ./Drivers/STM32H7xx_HAL_Driver/stm32h7xx_hal_cortex.o
                                     0x17f128 (size before relaxing)
 .debug_str     0x00000000001823d8      0x180 ./Drivers/STM32H7xx_HAL_Driver/stm32h7xx_hal_gpio.o
                                     0x17e7fa (size before relaxing)
 .debug_str     0x0000000000182558      0x20e ./Drivers/STM32H7xx_HAL_Driver/stm32h7xx_hal_hsem.o
                                     0x17e485 (size before relaxing)
 .debug_str     0x0000000000182766      0x842 ./Drivers/STM32H7xx_HAL_Driver/stm32h7xx_hal_pcd.o
                                     0x17ef1c (size before relaxing)
 .debug_str     0x0000000000182fa8      0x19c ./Drivers/STM32H7xx_HAL_Driver/stm32h7xx_hal_pcd_ex.o
                                     0x17e8b9 (size before relaxing)
 .debug_str     0x0000000000183144      0x68b ./Drivers/STM32H7xx_HAL_Driver/stm32h7xx_hal_pwr_ex.o
                                     0x17ed05 (size before relaxing)
 .debug_str     0x00000000001837cf      0x242 ./Drivers/STM32H7xx_HAL_Driver/stm32h7xx_hal_rcc.o
                                     0x17eb7b (size before relaxing)
 .debug_str     0x0000000000183a11      0x697 ./Drivers/STM32H7xx_HAL_Driver/stm32h7xx_hal_rcc_ex.o
                                     0x17f087 (size before relaxing)
 .debug_str     0x00000000001840a8      0xe60 ./Drivers/STM32H7xx_HAL_Driver/stm32h7xx_hal_tim.o
                                     0x17f8f7 (size before relaxing)
 .debug_str     0x0000000000184f08      0x5b8 ./Drivers/STM32H7xx_HAL_Driver/stm32h7xx_hal_tim_ex.o
                                     0x17f22f (size before relaxing)
 .debug_str     0x00000000001854c0      0xa6e ./Drivers/STM32H7xx_HAL_Driver/stm32h7xx_hal_uart.o
                                     0x17f681 (size before relaxing)
 .debug_str     0x0000000000185f2e      0x274 ./Drivers/STM32H7xx_HAL_Driver/stm32h7xx_hal_uart_ex.o
                                     0x17ec27 (size before relaxing)
 .debug_str     0x00000000001861a2      0x463 ./Drivers/STM32H7xx_HAL_Driver/stm32h7xx_ll_usb.o
                                     0x17eda3 (size before relaxing)

.comment        0x0000000000000000       0x50
 .comment       0x0000000000000000       0x50 ./Common/Src/system_stm32h7xx_dualcore_boot_cm4_cm7.o
                                         0x51 (size before relaxing)
 .comment       0x0000000000000050       0x51 ./Core/Src/main.o
 .comment       0x0000000000000050       0x51 ./Core/Src/stm32h7xx_hal_msp.o
 .comment       0x0000000000000050       0x51 ./Core/Src/stm32h7xx_it.o
 .comment       0x0000000000000050       0x51 ./Core/Src/sysmem.o
 .comment       0x0000000000000050       0x51 ./Drivers/STM32H7xx_HAL_Driver/stm32h7xx_hal.o
 .comment       0x0000000000000050       0x51 ./Drivers/STM32H7xx_HAL_Driver/stm32h7xx_hal_cortex.o
 .comment       0x0000000000000050       0x51 ./Drivers/STM32H7xx_HAL_Driver/stm32h7xx_hal_gpio.o
 .comment       0x0000000000000050       0x51 ./Drivers/STM32H7xx_HAL_Driver/stm32h7xx_hal_hsem.o
 .comment       0x0000000000000050       0x51 ./Drivers/STM32H7xx_HAL_Driver/stm32h7xx_hal_pcd.o
 .comment       0x0000000000000050       0x51 ./Drivers/STM32H7xx_HAL_Driver/stm32h7xx_hal_pcd_ex.o
 .comment       0x0000000000000050       0x51 ./Drivers/STM32H7xx_HAL_Driver/stm32h7xx_hal_pwr_ex.o
 .comment       0x0000000000000050       0x51 ./Drivers/STM32H7xx_HAL_Driver/stm32h7xx_hal_rcc.o
 .comment       0x0000000000000050       0x51 ./Drivers/STM32H7xx_HAL_Driver/stm32h7xx_hal_rcc_ex.o
 .comment       0x0000000000000050       0x51 ./Drivers/STM32H7xx_HAL_Driver/stm32h7xx_hal_tim.o
 .comment       0x0000000000000050       0x51 ./Drivers/STM32H7xx_HAL_Driver/stm32h7xx_hal_tim_ex.o
 .comment       0x0000000000000050       0x51 ./Drivers/STM32H7xx_HAL_Driver/stm32h7xx_hal_uart.o
 .comment       0x0000000000000050       0x51 ./Drivers/STM32H7xx_HAL_Driver/stm32h7xx_hal_uart_ex.o
 .comment       0x0000000000000050       0x51 ./Drivers/STM32H7xx_HAL_Driver/stm32h7xx_ll_usb.o

.debug_frame    0x0000000000000000     0x5954
 .debug_frame   0x0000000000000000       0x58 ./Common/Src/system_stm32h7xx_dualcore_boot_cm4_cm7.o
 .debug_frame   0x0000000000000058       0xf0 ./Core/Src/main.o
 .debug_frame   0x0000000000000148      0x120 ./Core/Src/stm32h7xx_hal_msp.o
 .debug_frame   0x0000000000000268      0x104 ./Core/Src/stm32h7xx_it.o
 .debug_frame   0x000000000000036c       0x34 ./Core/Src/sysmem.o
 .debug_frame   0x00000000000003a0      0x848 ./Drivers/STM32H7xx_HAL_Driver/stm32h7xx_hal.o
 .debug_frame   0x0000000000000be8      0x4b8 ./Drivers/STM32H7xx_HAL_Driver/stm32h7xx_hal_cortex.o
 .debug_frame   0x00000000000010a0      0x14c ./Drivers/STM32H7xx_HAL_Driver/stm32h7xx_hal_gpio.o
 .debug_frame   0x00000000000011ec      0x1bc ./Drivers/STM32H7xx_HAL_Driver/stm32h7xx_hal_hsem.o
 .debug_frame   0x00000000000013a8      0x594 ./Drivers/STM32H7xx_HAL_Driver/stm32h7xx_hal_pcd.o
 .debug_frame   0x000000000000193c      0x174 ./Drivers/STM32H7xx_HAL_Driver/stm32h7xx_hal_pcd_ex.o
 .debug_frame   0x0000000000001ab0      0x5ec ./Drivers/STM32H7xx_HAL_Driver/stm32h7xx_hal_pwr_ex.o
 .debug_frame   0x000000000000209c      0x1f8 ./Drivers/STM32H7xx_HAL_Driver/stm32h7xx_hal_rcc.o
 .debug_frame   0x0000000000002294      0x41c ./Drivers/STM32H7xx_HAL_Driver/stm32h7xx_hal_rcc_ex.o
 .debug_frame   0x00000000000026b0     0x121c ./Drivers/STM32H7xx_HAL_Driver/stm32h7xx_hal_tim.o
 .debug_frame   0x00000000000038cc      0x6d8 ./Drivers/STM32H7xx_HAL_Driver/stm32h7xx_hal_tim_ex.o
 .debug_frame   0x0000000000003fa4      0xa94 ./Drivers/STM32H7xx_HAL_Driver/stm32h7xx_hal_uart.o
 .debug_frame   0x0000000000004a38      0x29c ./Drivers/STM32H7xx_HAL_Driver/stm32h7xx_hal_uart_ex.o
 .debug_frame   0x0000000000004cd4      0x7c0 ./Drivers/STM32H7xx_HAL_Driver/stm32h7xx_ll_usb.o
 .debug_frame   0x0000000000005494       0x20 c:/st/stm32cubeide_1.10.1/stm32cubeide/plugins/com.st.stm32cube.ide.mcu.externaltools.gnu-tools-for-stm32.10.3-2021.10.win32_1.0.0.202111181127/tools/bin/../lib/gcc/arm-none-eabi/10.3.1/../../../../arm-none-eabi/lib/thumb/v7e-m+dp/hard\libc_nano.a(lib_a-errno.o)
 .debug_frame   0x00000000000054b4       0x2c c:/st/stm32cubeide_1.10.1/stm32cubeide/plugins/com.st.stm32cube.ide.mcu.externaltools.gnu-tools-for-stm32.10.3-2021.10.win32_1.0.0.202111181127/tools/bin/../lib/gcc/arm-none-eabi/10.3.1/../../../../arm-none-eabi/lib/thumb/v7e-m+dp/hard\libc_nano.a(lib_a-init.o)
 .debug_frame   0x00000000000054e0       0x20 c:/st/stm32cubeide_1.10.1/stm32cubeide/plugins/com.st.stm32cube.ide.mcu.externaltools.gnu-tools-for-stm32.10.3-2021.10.win32_1.0.0.202111181127/tools/bin/../lib/gcc/arm-none-eabi/10.3.1/../../../../arm-none-eabi/lib/thumb/v7e-m+dp/hard\libc_nano.a(lib_a-memset.o)
 .debug_frame   0x0000000000005500       0x6c c:/st/stm32cubeide_1.10.1/stm32cubeide/plugins/com.st.stm32cube.ide.mcu.externaltools.gnu-tools-for-stm32.10.3-2021.10.win32_1.0.0.202111181127/tools/bin/../lib/gcc/arm-none-eabi/10.3.1/../../../../arm-none-eabi/lib/thumb/v7e-m+dp/hard\libc_nano.a(lib_a-sprintf.o)
 .debug_frame   0x000000000000556c       0x90 c:/st/stm32cubeide_1.10.1/stm32cubeide/plugins/com.st.stm32cube.ide.mcu.externaltools.gnu-tools-for-stm32.10.3-2021.10.win32_1.0.0.202111181127/tools/bin/../lib/gcc/arm-none-eabi/10.3.1/../../../../arm-none-eabi/lib/thumb/v7e-m+dp/hard\libc_nano.a(lib_a-nano-svfprintf.o)
 .debug_frame   0x00000000000055fc       0x60 c:/st/stm32cubeide_1.10.1/stm32cubeide/plugins/com.st.stm32cube.ide.mcu.externaltools.gnu-tools-for-stm32.10.3-2021.10.win32_1.0.0.202111181127/tools/bin/../lib/gcc/arm-none-eabi/10.3.1/../../../../arm-none-eabi/lib/thumb/v7e-m+dp/hard\libc_nano.a(lib_a-nano-vfprintf_i.o)
 .debug_frame   0x000000000000565c       0x28 c:/st/stm32cubeide_1.10.1/stm32cubeide/plugins/com.st.stm32cube.ide.mcu.externaltools.gnu-tools-for-stm32.10.3-2021.10.win32_1.0.0.202111181127/tools/bin/../lib/gcc/arm-none-eabi/10.3.1/../../../../arm-none-eabi/lib/thumb/v7e-m+dp/hard\libc_nano.a(lib_a-memcpy-stub.o)
 .debug_frame   0x0000000000005684       0x28 c:/st/stm32cubeide_1.10.1/stm32cubeide/plugins/com.st.stm32cube.ide.mcu.externaltools.gnu-tools-for-stm32.10.3-2021.10.win32_1.0.0.202111181127/tools/bin/../lib/gcc/arm-none-eabi/10.3.1/../../../../arm-none-eabi/lib/thumb/v7e-m+dp/hard\libc_nano.a(lib_a-memmove.o)
 .debug_frame   0x00000000000056ac       0x38 c:/st/stm32cubeide_1.10.1/stm32cubeide/plugins/com.st.stm32cube.ide.mcu.externaltools.gnu-tools-for-stm32.10.3-2021.10.win32_1.0.0.202111181127/tools/bin/../lib/gcc/arm-none-eabi/10.3.1/../../../../arm-none-eabi/lib/thumb/v7e-m+dp/hard\libc_nano.a(lib_a-nano-freer.o)
 .debug_frame   0x00000000000056e4       0x4c c:/st/stm32cubeide_1.10.1/stm32cubeide/plugins/com.st.stm32cube.ide.mcu.externaltools.gnu-tools-for-stm32.10.3-2021.10.win32_1.0.0.202111181127/tools/bin/../lib/gcc/arm-none-eabi/10.3.1/../../../../arm-none-eabi/lib/thumb/v7e-m+dp/hard\libc_nano.a(lib_a-nano-mallocr.o)
 .debug_frame   0x0000000000005730       0x3c c:/st/stm32cubeide_1.10.1/stm32cubeide/plugins/com.st.stm32cube.ide.mcu.externaltools.gnu-tools-for-stm32.10.3-2021.10.win32_1.0.0.202111181127/tools/bin/../lib/gcc/arm-none-eabi/10.3.1/../../../../arm-none-eabi/lib/thumb/v7e-m+dp/hard\libc_nano.a(lib_a-nano-reallocr.o)
 .debug_frame   0x000000000000576c       0x2c c:/st/stm32cubeide_1.10.1/stm32cubeide/plugins/com.st.stm32cube.ide.mcu.externaltools.gnu-tools-for-stm32.10.3-2021.10.win32_1.0.0.202111181127/tools/bin/../lib/gcc/arm-none-eabi/10.3.1/../../../../arm-none-eabi/lib/thumb/v7e-m+dp/hard\libc_nano.a(lib_a-sbrkr.o)
 .debug_frame   0x0000000000005798       0x30 c:/st/stm32cubeide_1.10.1/stm32cubeide/plugins/com.st.stm32cube.ide.mcu.externaltools.gnu-tools-for-stm32.10.3-2021.10.win32_1.0.0.202111181127/tools/bin/../lib/gcc/arm-none-eabi/10.3.1/../../../../arm-none-eabi/lib/thumb/v7e-m+dp/hard\libc_nano.a(lib_a-mlock.o)