../Core/Src/main.c:119:5:main	16	static
../Core/Src/main.c:233:13:MX_I2C4_Init	8	static
../Core/Src/main.c:281:13:MX_TIM1_Init	112	static
../Core/Src/main.c:361:13:MX_TIM4_Init	64	static
../Core/Src/main.c:420:6:MX_USART3_UART_Init	8	static
../Core/Src/main.c:468:13:MX_GPIO_Init	48	static
../Core/Src/main.c:501:6:HAL_HSEM_FreeCallback	16	static
../Core/Src/main.c:516:6:StartDefaultTask	16	static
../Core/Src/main.c:536:6:mprlsCallback	32	static
../Core/Src/main.c:577:6:HAL_TIM_PeriodElapsedCallback	16	static
../Core/Src/main.c:594:6:Error_Handler	4	static,ignoring_inline_asm
