../Core/Src/main.c:115:5:main	24	static
../Core/Src/main.c:245:6:SystemClock_Config	120	static
../Core/Src/main.c:304:13:MX_I2C4_Init	8	static
../Core/Src/main.c:352:13:MX_TIM1_Init	112	static
../Core/Src/main.c:432:13:MX_TIM2_Init	40	static
../Core/Src/main.c:477:13:MX_TIM5_Init	40	static
../Core/Src/main.c:522:13:MX_USART3_UART_Init	8	static
../Core/Src/main.c:570:13:MX_GPIO_Init	56	static
../Core/Src/main.c:618:6:MPU6050_init	24	static
../Core/Src/main.c:634:6:MPU6050_read_gyro	32	static
../Core/Src/main.c:647:6:HAL_TIM_PeriodElapsedCallback	16	static
../Core/Src/main.c:668:6:printUART_int	16	static
../Core/Src/main.c:672:6:printUART_array	24	static
../Core/Src/main.c:679:6:printUART_arrayCplx	32	static
../Core/Src/main.c:693:6:Error_Handler	4	static,ignoring_inline_asm
