../Core/Src/main.c:116:5:main	24	static
../Core/Src/main.c:246:6:SystemClock_Config	120	static
../Core/Src/main.c:305:13:MX_I2C4_Init	8	static
../Core/Src/main.c:353:13:MX_TIM1_Init	112	static
../Core/Src/main.c:433:13:MX_TIM2_Init	40	static
../Core/Src/main.c:478:13:MX_TIM5_Init	40	static
../Core/Src/main.c:523:13:MX_USART3_UART_Init	8	static
../Core/Src/main.c:571:13:MX_GPIO_Init	56	static
../Core/Src/main.c:619:6:MPU6050_init	24	static
../Core/Src/main.c:635:6:MPU6050_read_gyro	32	static
../Core/Src/main.c:648:6:HAL_TIM_PeriodElapsedCallback	16	static
../Core/Src/main.c:669:6:printUART_int	16	static
../Core/Src/main.c:673:6:printUART_array	24	static
../Core/Src/main.c:680:6:printUART_arrayCplx	40	static
../Core/Src/main.c:708:6:Error_Handler	4	static,ignoring_inline_asm
