../Core/Src/main.c:104:5:main	16	static
../Core/Src/main.c:211:6:SystemClock_Config	120	static
../Core/Src/main.c:274:13:MX_I2C4_Init	8	static
../Core/Src/main.c:322:13:MX_TIM2_Init	40	static
../Core/Src/main.c:367:13:MX_USART3_UART_Init	8	static
../Core/Src/main.c:415:13:MX_USB_OTG_FS_PCD_Init	8	static
../Core/Src/main.c:451:13:MX_GPIO_Init	56	static
../Core/Src/main.c:476:6:MPU6050_init	24	static
../Core/Src/main.c:493:6:MPU6050_read_acc	32	static
../Core/Src/main.c:508:6:MPU6050_read_gyro	32	static
../Core/Src/main.c:528:6:Error_Handler	4	static,ignoring_inline_asm
