../Core/Src/main.c:118:5:main	16	static
../Core/Src/main.c:207:6:SystemClock_Config	120	static
../Core/Src/main.c:266:13:MX_FDCAN1_Init	8	static
../Core/Src/main.c:376:13:MX_I2C2_Init	8	static
../Core/Src/main.c:424:13:MX_TIM2_Init	40	static
../Core/Src/main.c:469:13:MX_USART3_UART_Init	8	static
../Core/Src/main.c:517:13:MX_GPIO_Init	24	static
../Core/Src/main.c:530:6:HAL_FDCAN_RxFifo0Callback	24	static
../Core/Src/main.c:551:6:lcd_display	8	static
../Core/Src/main.c:573:6:HAL_TIM_PeriodElapsedCallback	24	static
../Core/Src/main.c:627:6:Error_Handler	4	static,ignoring_inline_asm
