../Core/Src/main.c:107:5:main	16	static
../Core/Src/main.c:197:6:SystemClock_Config	120	static
../Core/Src/main.c:260:13:MX_I2C4_Init	8	static
../Core/Src/main.c:308:13:MX_USART3_UART_Init	8	static
../Core/Src/main.c:356:13:MX_USB_OTG_FS_PCD_Init	8	static
../Core/Src/main.c:392:13:MX_GPIO_Init	56	static
../Core/Src/main.c:417:6:MPU6050_init	24	static
../Core/Src/main.c:434:6:MPU6050_read_acc	32	static
../Core/Src/main.c:449:6:MPU6050_read_gyro	32	static
../Core/Src/main.c:463:6:MPU6050_read_temp	32	static
../Core/Src/main.c:473:6:HAL_UART_RxCpltCallback	16	static
../Core/Src/main.c:512:6:Error_Handler	4	static,ignoring_inline_asm
