../Core/Src/main.c:110:5:main	16	static
../Core/Src/main.c:201:6:SystemClock_Config	120	static
../Core/Src/main.c:264:13:MX_I2C4_Init	8	static
../Core/Src/main.c:312:13:MX_TIM2_Init	40	static
../Core/Src/main.c:357:13:MX_USART3_UART_Init	8	static
../Core/Src/main.c:405:13:MX_USB_OTG_FS_PCD_Init	8	static
../Core/Src/main.c:441:13:MX_GPIO_Init	56	static
../Core/Src/main.c:466:6:MPU6050_init	24	static
../Core/Src/main.c:483:6:MPU6050_read_acc	32	static
../Core/Src/main.c:498:6:MPU6050_read_gyro	32	static
../Core/Src/main.c:512:6:MPU6050_read_temp	32	static
../Core/Src/main.c:522:6:HAL_UART_RxCpltCallback	16	static
../Core/Src/main.c:561:6:Error_Handler	4	static,ignoring_inline_asm
