../Core/Src/main.c:110:5:main	16	static
../Core/Src/main.c:201:6:SystemClock_Config	120	static
../Core/Src/main.c:264:13:MX_ADC1_Init	48	static
../Core/Src/main.c:332:13:MX_TIM1_Init	112	static
../Core/Src/main.c:412:13:MX_TIM2_Init	40	static
../Core/Src/main.c:457:13:MX_TIM5_Init	40	static
../Core/Src/main.c:502:13:MX_TIM13_Init	8	static
../Core/Src/main.c:533:13:MX_USART3_UART_Init	8	static
../Core/Src/main.c:581:13:MX_USB_OTG_FS_PCD_Init	8	static
../Core/Src/main.c:615:13:MX_DMA_Init	16	static
../Core/Src/main.c:633:13:MX_GPIO_Init	56	static
../Core/Src/main.c:683:6:HAL_TIM_PeriodElapsedCallback	16	static
../Core/Src/main.c:730:6:HAL_ADC_ConvCpltCallback	16	static
../Core/Src/main.c:738:6:HAL_GPIO_EXTI_Callback	16	static
../Core/Src/main.c:764:6:Error_Handler	4	static,ignoring_inline_asm
