../Core/Src/main.c:85:5:main	16	static
../Core/Src/main.c:165:6:SystemClock_Config	120	static
../Core/Src/main.c:228:13:MX_ADC1_Init	48	static
../Core/Src/main.c:296:13:MX_TIM2_Init	40	static
../Core/Src/main.c:341:13:MX_USART3_UART_Init	8	static
../Core/Src/main.c:387:13:MX_DMA_Init	16	static
../Core/Src/main.c:405:13:MX_GPIO_Init	32	static
../Core/Src/main.c:419:6:HAL_ADC_ConvCpltCallback	16	static
../Core/Src/main.c:425:6:HAL_TIM_PeriodElapsedCallback	16	static
../Core/Src/main.c:433:13:printUART_int	16	static
../Core/Src/main.c:438:13:printUART_float	16	static
../Core/Src/main.c:448:6:Error_Handler	4	static,ignoring_inline_asm
